node_modules/@tanstack/react-router/dist/esm/not-found.d.ts(1,1): error TS1127: Invalid character.
node_modules/@tanstack/react-router/dist/esm/not-found.d.ts(1,2): error TS1127: Invalid character.
node_modules/@tanstack/react-router/dist/esm/not-found.d.ts(1,3): error TS1127: Invalid character.
node_modules/@tanstack/react-router/dist/esm/not-found.d.ts(1,4): error TS1127: Invalid character.
node_modules/@tanstack/react-router/dist/esm/not-found.d.ts(1,5): error TS1127: Invalid character.
node_modules/@tanstack/react-router/dist/esm/not-found.d.ts(1,6): error TS1127: Invalid character.
node_modules/@tanstack/react-router/dist/esm/not-found.d.ts(1,7): error TS1127: Invalid character.
node_modules/@tanstack/react-router/dist/esm/not-found.d.ts(1,8): error TS1127: Invalid character.
node_modules/@tanstack/react-router/dist/esm/not-found.d.ts(1,9): error TS1127: Invalid character.
node_modules/@tanstack/react-router/dist/esm/not-found.d.ts(1,10): error TS1127: Invalid character.
node_modules/@tanstack/react-router/dist/esm/not-found.d.ts(1,11): error TS1127: Invalid character.
node_modules/@tanstack/react-router/dist/esm/not-found.d.ts(1,12): error TS1127: Invalid character.
node_modules/@tanstack/react-router/dist/esm/not-found.d.ts(1,13): error TS1127: Invalid character.
node_modules/@tanstack/react-router/dist/esm/not-found.d.ts(1,14): error TS1127: Invalid character.
node_modules/@tanstack/react-router/dist/esm/not-found.d.ts(1,15): error TS1127: Invalid character.
node_modules/@tanstack/react-router/dist/esm/not-found.d.ts(1,16): error TS1127: Invalid character.
node_modules/@tanstack/react-router/dist/esm/not-found.d.ts(1,17): error TS1127: Invalid character.
node_modules/@tanstack/react-router/dist/esm/not-found.d.ts(1,18): error TS1127: Invalid character.
node_modules/@tanstack/react-router/dist/esm/not-found.d.ts(1,19): error TS1127: Invalid character.
node_modules/@tanstack/react-router/dist/esm/not-found.d.ts(1,20): error TS1127: Invalid character.
node_modules/@tanstack/react-router/dist/esm/not-found.d.ts(1,21): error TS1127: Invalid character.
node_modules/@tanstack/react-router/dist/esm/not-found.d.ts(1,22): error TS1127: Invalid character.
node_modules/@tanstack/react-router/dist/esm/not-found.d.ts(1,23): error TS1127: Invalid character.
node_modules/@tanstack/react-router/dist/esm/not-found.d.ts(1,24): error TS1127: Invalid character.
node_modules/@tanstack/react-router/dist/esm/not-found.d.ts(1,25): error TS1127: Invalid character.
node_modules/@tanstack/react-router/dist/esm/not-found.d.ts(1,26): error TS1127: Invalid character.
node_modules/@tanstack/react-router/dist/esm/not-found.d.ts(1,27): error TS1127: Invalid character.
node_modules/@tanstack/react-router/dist/esm/not-found.d.ts(1,28): error TS1127: Invalid character.
node_modules/@tanstack/react-router/dist/esm/not-found.d.ts(1,29): error TS1127: Invalid character.
node_modules/@tanstack/react-router/dist/esm/not-found.d.ts(1,30): error TS1127: Invalid character.
node_modules/@tanstack/react-router/dist/esm/not-found.d.ts(1,31): error TS1127: Invalid character.
node_modules/@tanstack/react-router/dist/esm/not-found.d.ts(1,32): error TS1127: Invalid character.
node_modules/@tanstack/react-router/dist/esm/not-found.d.ts(1,33): error TS1127: Invalid character.
node_modules/@tanstack/react-router/dist/esm/not-found.d.ts(1,34): error TS1127: Invalid character.
node_modules/@tanstack/react-router/dist/esm/not-found.d.ts(1,35): error TS1127: Invalid character.
node_modules/@tanstack/react-router/dist/esm/not-found.d.ts(1,36): error TS1127: Invalid character.
node_modules/@tanstack/react-router/dist/esm/not-found.d.ts(1,37): error TS1127: Invalid character.
node_modules/@tanstack/react-router/dist/esm/not-found.d.ts(1,38): error TS1127: Invalid character.
node_modules/@tanstack/react-router/dist/esm/not-found.d.ts(1,39): error TS1127: Invalid character.
node_modules/@tanstack/react-router/dist/esm/not-found.d.ts(1,40): error TS1127: Invalid character.
node_modules/@tanstack/react-router/dist/esm/not-found.d.ts(1,41): error TS1127: Invalid character.
node_modules/@tanstack/react-router/dist/esm/not-found.d.ts(1,42): error TS1127: Invalid character.
node_modules/@tanstack/react-router/dist/esm/not-found.d.ts(1,43): error TS1127: Invalid character.
node_modules/@tanstack/react-router/dist/esm/not-found.d.ts(1,44): error TS1127: Invalid character.
node_modules/@tanstack/react-router/dist/esm/not-found.d.ts(1,45): error TS1127: Invalid character.
node_modules/@tanstack/react-router/dist/esm/not-found.d.ts(1,46): error TS1127: Invalid character.
node_modules/@tanstack/react-router/dist/esm/not-found.d.ts(1,47): error TS1127: Invalid character.
node_modules/@tanstack/react-router/dist/esm/not-found.d.ts(1,48): error TS1127: Invalid character.
node_modules/@tanstack/react-router/dist/esm/not-found.d.ts(1,49): error TS1127: Invalid character.
node_modules/@tanstack/react-router/dist/esm/not-found.d.ts(1,50): error TS1127: Invalid character.
node_modules/@tanstack/react-router/dist/esm/not-found.d.ts(1,51): error TS1127: Invalid character.
node_modules/@tanstack/react-router/dist/esm/not-found.d.ts(1,52): error TS1127: Invalid character.
node_modules/@tanstack/react-router/dist/esm/not-found.d.ts(1,53): error TS1127: Invalid character.
node_modules/@tanstack/react-router/dist/esm/not-found.d.ts(1,54): error TS1127: Invalid character.
node_modules/@tanstack/react-router/dist/esm/not-found.d.ts(1,55): error TS1127: Invalid character.
node_modules/@tanstack/react-router/dist/esm/not-found.d.ts(1,56): error TS1127: Invalid character.
node_modules/@tanstack/react-router/dist/esm/not-found.d.ts(1,57): error TS1127: Invalid character.
node_modules/@tanstack/react-router/dist/esm/not-found.d.ts(1,58): error TS1127: Invalid character.
node_modules/@tanstack/react-router/dist/esm/not-found.d.ts(1,59): error TS1127: Invalid character.
node_modules/@tanstack/react-router/dist/esm/not-found.d.ts(1,60): error TS1127: Invalid character.
node_modules/@tanstack/react-router/dist/esm/not-found.d.ts(1,61): error TS1127: Invalid character.
node_modules/@tanstack/react-router/dist/esm/not-found.d.ts(1,62): error TS1127: Invalid character.
node_modules/@tanstack/react-router/dist/esm/not-found.d.ts(1,63): error TS1127: Invalid character.
node_modules/@tanstack/react-router/dist/esm/not-found.d.ts(1,64): error TS1127: Invalid character.
node_modules/@tanstack/react-router/dist/esm/not-found.d.ts(1,65): error TS1127: Invalid character.
node_modules/@tanstack/react-router/dist/esm/not-found.d.ts(1,66): error TS1127: Invalid character.
node_modules/@tanstack/react-router/dist/esm/not-found.d.ts(1,67): error TS1127: Invalid character.
node_modules/@tanstack/react-router/dist/esm/not-found.d.ts(1,68): error TS1127: Invalid character.
node_modules/@tanstack/react-router/dist/esm/not-found.d.ts(1,69): error TS1127: Invalid character.
node_modules/@tanstack/react-router/dist/esm/not-found.d.ts(1,70): error TS1127: Invalid character.
node_modules/@tanstack/react-router/dist/esm/not-found.d.ts(1,71): error TS1127: Invalid character.
node_modules/@tanstack/react-router/dist/esm/not-found.d.ts(1,72): error TS1127: Invalid character.
node_modules/@tanstack/react-router/dist/esm/not-found.d.ts(1,73): error TS1127: Invalid character.
node_modules/@tanstack/react-router/dist/esm/not-found.d.ts(1,74): error TS1127: Invalid character.
node_modules/@tanstack/react-router/dist/esm/not-found.d.ts(1,75): error TS1127: Invalid character.
node_modules/@tanstack/react-router/dist/esm/not-found.d.ts(1,76): error TS1127: Invalid character.
node_modules/@tanstack/react-router/dist/esm/not-found.d.ts(1,77): error TS1127: Invalid character.
node_modules/@tanstack/react-router/dist/esm/not-found.d.ts(1,78): error TS1127: Invalid character.
node_modules/@tanstack/react-router/dist/esm/not-found.d.ts(1,79): error TS1127: Invalid character.
node_modules/@tanstack/react-router/dist/esm/not-found.d.ts(1,80): error TS1127: Invalid character.
node_modules/@tanstack/react-router/dist/esm/not-found.d.ts(1,81): error TS1127: Invalid character.
node_modules/@tanstack/react-router/dist/esm/not-found.d.ts(1,82): error TS1127: Invalid character.
node_modules/@tanstack/react-router/dist/esm/not-found.d.ts(1,83): error TS1127: Invalid character.
node_modules/@tanstack/react-router/dist/esm/not-found.d.ts(1,84): error TS1127: Invalid character.
node_modules/@tanstack/react-router/dist/esm/not-found.d.ts(1,85): error TS1127: Invalid character.
node_modules/@tanstack/react-router/dist/esm/not-found.d.ts(1,86): error TS1127: Invalid character.
node_modules/@tanstack/react-router/dist/esm/not-found.d.ts(1,87): error TS1127: Invalid character.
node_modules/@tanstack/react-router/dist/esm/not-found.d.ts(1,88): error TS1127: Invalid character.
node_modules/@tanstack/react-router/dist/esm/not-found.d.ts(1,89): error TS1127: Invalid character.
node_modules/@tanstack/react-router/dist/esm/not-found.d.ts(1,90): error TS1127: Invalid character.
node_modules/@tanstack/react-router/dist/esm/not-found.d.ts(1,91): error TS1127: Invalid character.
node_modules/@tanstack/react-router/dist/esm/not-found.d.ts(1,92): error TS1127: Invalid character.
node_modules/@tanstack/react-router/dist/esm/not-found.d.ts(1,93): error TS1127: Invalid character.
node_modules/@tanstack/react-router/dist/esm/not-found.d.ts(1,94): error TS1127: Invalid character.
node_modules/@tanstack/react-router/dist/esm/not-found.d.ts(1,95): error TS1127: Invalid character.
node_modules/@tanstack/react-router/dist/esm/not-found.d.ts(1,96): error TS1127: Invalid character.
node_modules/@tanstack/react-router/dist/esm/not-found.d.ts(1,97): error TS1127: Invalid character.
node_modules/@tanstack/react-router/dist/esm/not-found.d.ts(1,98): error TS1127: Invalid character.
node_modules/@tanstack/react-router/dist/esm/not-found.d.ts(1,99): error TS1127: Invalid character.
node_modules/@tanstack/react-router/dist/esm/not-found.d.ts(1,100): error TS1127: Invalid character.
node_modules/@tanstack/react-router/dist/esm/not-found.d.ts(1,101): error TS1127: Invalid character.
node_modules/@tanstack/react-router/dist/esm/not-found.d.ts(1,102): error TS1127: Invalid character.
node_modules/@tanstack/react-router/dist/esm/not-found.d.ts(1,103): error TS1127: Invalid character.
node_modules/@tanstack/react-router/dist/esm/not-found.d.ts(1,104): error TS1127: Invalid character.
node_modules/@tanstack/react-router/dist/esm/not-found.d.ts(1,105): error TS1127: Invalid character.
node_modules/@tanstack/react-router/dist/esm/not-found.d.ts(1,106): error TS1127: Invalid character.
node_modules/@tanstack/react-router/dist/esm/not-found.d.ts(1,107): error TS1127: Invalid character.
node_modules/@tanstack/react-router/dist/esm/not-found.d.ts(1,108): error TS1127: Invalid character.
node_modules/@tanstack/react-router/dist/esm/not-found.d.ts(1,109): error TS1127: Invalid character.
node_modules/@tanstack/react-router/dist/esm/not-found.d.ts(1,110): error TS1127: Invalid character.
node_modules/@tanstack/react-router/dist/esm/not-found.d.ts(1,111): error TS1127: Invalid character.
node_modules/@tanstack/react-router/dist/esm/not-found.d.ts(1,112): error TS1127: Invalid character.
node_modules/@tanstack/react-router/dist/esm/not-found.d.ts(1,113): error TS1127: Invalid character.
node_modules/@tanstack/react-router/dist/esm/not-found.d.ts(1,114): error TS1127: Invalid character.
node_modules/@tanstack/react-router/dist/esm/not-found.d.ts(1,115): error TS1127: Invalid character.
node_modules/@tanstack/react-router/dist/esm/not-found.d.ts(1,116): error TS1127: Invalid character.
node_modules/@tanstack/react-router/dist/esm/not-found.d.ts(1,117): error TS1127: Invalid character.
node_modules/@tanstack/react-router/dist/esm/not-found.d.ts(1,118): error TS1127: Invalid character.
node_modules/@tanstack/react-router/dist/esm/not-found.d.ts(1,119): error TS1127: Invalid character.
node_modules/@tanstack/react-router/dist/esm/not-found.d.ts(1,120): error TS1127: Invalid character.
node_modules/@tanstack/react-router/dist/esm/not-found.d.ts(1,121): error TS1127: Invalid character.
node_modules/@tanstack/react-router/dist/esm/not-found.d.ts(1,122): error TS1127: Invalid character.
node_modules/@tanstack/react-router/dist/esm/not-found.d.ts(1,123): error TS1127: Invalid character.
node_modules/@tanstack/react-router/dist/esm/not-found.d.ts(1,124): error TS1127: Invalid character.
node_modules/@tanstack/react-router/dist/esm/not-found.d.ts(1,125): error TS1127: Invalid character.
node_modules/@tanstack/react-router/dist/esm/not-found.d.ts(1,126): error TS1127: Invalid character.
node_modules/@tanstack/react-router/dist/esm/not-found.d.ts(1,127): error TS1127: Invalid character.
node_modules/@tanstack/react-router/dist/esm/not-found.d.ts(1,128): error TS1127: Invalid character.
node_modules/@tanstack/react-router/dist/esm/not-found.d.ts(1,129): error TS1127: Invalid character.
node_modules/@tanstack/react-router/dist/esm/not-found.d.ts(1,130): error TS1127: Invalid character.
node_modules/@tanstack/react-router/dist/esm/not-found.d.ts(1,131): error TS1127: Invalid character.
node_modules/@tanstack/react-router/dist/esm/not-found.d.ts(1,132): error TS1127: Invalid character.
node_modules/@tanstack/react-router/dist/esm/not-found.d.ts(1,133): error TS1127: Invalid character.
node_modules/@tanstack/react-router/dist/esm/not-found.d.ts(1,134): error TS1127: Invalid character.
node_modules/@tanstack/react-router/dist/esm/not-found.d.ts(1,135): error TS1127: Invalid character.
node_modules/@tanstack/react-router/dist/esm/not-found.d.ts(1,136): error TS1127: Invalid character.
node_modules/@tanstack/react-router/dist/esm/not-found.d.ts(1,137): error TS1127: Invalid character.
node_modules/@tanstack/react-router/dist/esm/not-found.d.ts(1,138): error TS1127: Invalid character.
node_modules/@tanstack/react-router/dist/esm/not-found.d.ts(1,139): error TS1127: Invalid character.
node_modules/@tanstack/react-router/dist/esm/not-found.d.ts(1,140): error TS1127: Invalid character.
node_modules/@tanstack/react-router/dist/esm/not-found.d.ts(1,141): error TS1127: Invalid character.
node_modules/@tanstack/react-router/dist/esm/not-found.d.ts(1,142): error TS1127: Invalid character.
node_modules/@tanstack/react-router/dist/esm/not-found.d.ts(1,143): error TS1127: Invalid character.
node_modules/@tanstack/react-router/dist/esm/not-found.d.ts(1,144): error TS1127: Invalid character.
node_modules/@tanstack/react-router/dist/esm/not-found.d.ts(1,145): error TS1127: Invalid character.
node_modules/@tanstack/react-router/dist/esm/not-found.d.ts(1,146): error TS1127: Invalid character.
node_modules/@tanstack/react-router/dist/esm/not-found.d.ts(1,147): error TS1127: Invalid character.
node_modules/@tanstack/react-router/dist/esm/not-found.d.ts(1,148): error TS1127: Invalid character.
node_modules/@tanstack/react-router/dist/esm/not-found.d.ts(1,149): error TS1127: Invalid character.
node_modules/@tanstack/react-router/dist/esm/not-found.d.ts(1,150): error TS1127: Invalid character.
node_modules/@tanstack/react-router/dist/esm/not-found.d.ts(1,151): error TS1127: Invalid character.
node_modules/@tanstack/react-router/dist/esm/not-found.d.ts(1,152): error TS1127: Invalid character.
node_modules/@tanstack/react-router/dist/esm/not-found.d.ts(1,153): error TS1127: Invalid character.
node_modules/@tanstack/react-router/dist/esm/not-found.d.ts(1,154): error TS1127: Invalid character.
node_modules/@tanstack/react-router/dist/esm/not-found.d.ts(1,155): error TS1127: Invalid character.
node_modules/@tanstack/react-router/dist/esm/not-found.d.ts(1,156): error TS1127: Invalid character.
node_modules/@tanstack/react-router/dist/esm/not-found.d.ts(1,157): error TS1127: Invalid character.
node_modules/@tanstack/react-router/dist/esm/not-found.d.ts(1,158): error TS1127: Invalid character.
node_modules/@tanstack/react-router/dist/esm/not-found.d.ts(1,159): error TS1127: Invalid character.
node_modules/@tanstack/react-router/dist/esm/not-found.d.ts(1,160): error TS1127: Invalid character.
node_modules/@tanstack/react-router/dist/esm/not-found.d.ts(1,161): error TS1127: Invalid character.
node_modules/@tanstack/react-router/dist/esm/not-found.d.ts(1,162): error TS1127: Invalid character.
node_modules/@tanstack/react-router/dist/esm/not-found.d.ts(1,163): error TS1127: Invalid character.
node_modules/@tanstack/react-router/dist/esm/not-found.d.ts(1,164): error TS1127: Invalid character.
node_modules/@tanstack/react-router/dist/esm/not-found.d.ts(1,165): error TS1127: Invalid character.
node_modules/@tanstack/react-router/dist/esm/not-found.d.ts(1,166): error TS1127: Invalid character.
node_modules/@tanstack/react-router/dist/esm/not-found.d.ts(1,167): error TS1127: Invalid character.
node_modules/@tanstack/react-router/dist/esm/not-found.d.ts(1,168): error TS1127: Invalid character.
node_modules/@tanstack/react-router/dist/esm/not-found.d.ts(1,169): error TS1127: Invalid character.
node_modules/@tanstack/react-router/dist/esm/not-found.d.ts(1,170): error TS1127: Invalid character.
node_modules/@tanstack/react-router/dist/esm/not-found.d.ts(1,171): error TS1127: Invalid character.
node_modules/@tanstack/react-router/dist/esm/not-found.d.ts(1,172): error TS1127: Invalid character.
node_modules/@tanstack/react-router/dist/esm/not-found.d.ts(1,173): error TS1127: Invalid character.
node_modules/@tanstack/react-router/dist/esm/not-found.d.ts(1,174): error TS1127: Invalid character.
node_modules/@tanstack/react-router/dist/esm/not-found.d.ts(1,175): error TS1127: Invalid character.
node_modules/@tanstack/react-router/dist/esm/not-found.d.ts(1,176): error TS1127: Invalid character.
node_modules/@tanstack/react-router/dist/esm/not-found.d.ts(1,177): error TS1127: Invalid character.
node_modules/@tanstack/react-router/dist/esm/not-found.d.ts(1,178): error TS1127: Invalid character.
node_modules/@tanstack/react-router/dist/esm/not-found.d.ts(1,179): error TS1127: Invalid character.
node_modules/@tanstack/react-router/dist/esm/not-found.d.ts(1,180): error TS1127: Invalid character.
node_modules/@tanstack/react-router/dist/esm/not-found.d.ts(1,181): error TS1127: Invalid character.
node_modules/@tanstack/react-router/dist/esm/not-found.d.ts(1,182): error TS1127: Invalid character.
node_modules/@tanstack/react-router/dist/esm/not-found.d.ts(1,183): error TS1127: Invalid character.
node_modules/@tanstack/react-router/dist/esm/not-found.d.ts(1,184): error TS1127: Invalid character.
node_modules/@tanstack/react-router/dist/esm/not-found.d.ts(1,185): error TS1127: Invalid character.
node_modules/@tanstack/react-router/dist/esm/not-found.d.ts(1,186): error TS1127: Invalid character.
node_modules/@tanstack/react-router/dist/esm/not-found.d.ts(1,187): error TS1127: Invalid character.
node_modules/@tanstack/react-router/dist/esm/not-found.d.ts(1,188): error TS1127: Invalid character.
node_modules/@tanstack/react-router/dist/esm/not-found.d.ts(1,189): error TS1127: Invalid character.
node_modules/@tanstack/react-router/dist/esm/not-found.d.ts(1,190): error TS1127: Invalid character.
node_modules/@tanstack/react-router/dist/esm/not-found.d.ts(1,191): error TS1127: Invalid character.
node_modules/@tanstack/react-router/dist/esm/not-found.d.ts(1,192): error TS1127: Invalid character.
node_modules/@tanstack/react-router/dist/esm/not-found.d.ts(1,193): error TS1127: Invalid character.
node_modules/@tanstack/react-router/dist/esm/not-found.d.ts(1,194): error TS1127: Invalid character.
node_modules/@tanstack/react-router/dist/esm/not-found.d.ts(1,195): error TS1127: Invalid character.
node_modules/@tanstack/react-router/dist/esm/not-found.d.ts(1,196): error TS1127: Invalid character.
node_modules/@tanstack/react-router/dist/esm/not-found.d.ts(1,197): error TS1127: Invalid character.
node_modules/@tanstack/react-router/dist/esm/not-found.d.ts(1,198): error TS1127: Invalid character.
node_modules/@tanstack/react-router/dist/esm/not-found.d.ts(1,199): error TS1127: Invalid character.
node_modules/@tanstack/react-router/dist/esm/not-found.d.ts(1,200): error TS1127: Invalid character.
node_modules/@tanstack/react-router/dist/esm/not-found.d.ts(1,201): error TS1127: Invalid character.
node_modules/@tanstack/react-router/dist/esm/not-found.d.ts(1,202): error TS1127: Invalid character.
node_modules/@tanstack/react-router/dist/esm/not-found.d.ts(1,203): error TS1127: Invalid character.
node_modules/@tanstack/react-router/dist/esm/not-found.d.ts(1,204): error TS1127: Invalid character.
node_modules/@tanstack/react-router/dist/esm/not-found.d.ts(1,205): error TS1127: Invalid character.
node_modules/@tanstack/react-router/dist/esm/not-found.d.ts(1,206): error TS1127: Invalid character.
node_modules/@tanstack/react-router/dist/esm/not-found.d.ts(1,207): error TS1127: Invalid character.
node_modules/@tanstack/react-router/dist/esm/not-found.d.ts(1,208): error TS1127: Invalid character.
node_modules/@tanstack/react-router/dist/esm/not-found.d.ts(1,209): error TS1127: Invalid character.
node_modules/@tanstack/react-router/dist/esm/not-found.d.ts(1,210): error TS1127: Invalid character.
node_modules/@tanstack/react-router/dist/esm/not-found.d.ts(1,211): error TS1127: Invalid character.
node_modules/@tanstack/react-router/dist/esm/not-found.d.ts(1,212): error TS1127: Invalid character.
node_modules/@tanstack/react-router/dist/esm/not-found.d.ts(1,213): error TS1127: Invalid character.
node_modules/@tanstack/react-router/dist/esm/not-found.d.ts(1,214): error TS1127: Invalid character.
node_modules/@tanstack/react-router/dist/esm/not-found.d.ts(1,215): error TS1127: Invalid character.
node_modules/@tanstack/react-router/dist/esm/not-found.d.ts(1,216): error TS1127: Invalid character.
node_modules/@tanstack/react-router/dist/esm/not-found.d.ts(1,217): error TS1127: Invalid character.
node_modules/@tanstack/react-router/dist/esm/not-found.d.ts(1,218): error TS1127: Invalid character.
node_modules/@tanstack/react-router/dist/esm/not-found.d.ts(1,219): error TS1127: Invalid character.
node_modules/@tanstack/react-router/dist/esm/not-found.d.ts(1,220): error TS1127: Invalid character.
node_modules/@tanstack/react-router/dist/esm/not-found.d.ts(1,221): error TS1127: Invalid character.
node_modules/@tanstack/react-router/dist/esm/not-found.d.ts(1,222): error TS1127: Invalid character.
node_modules/@tanstack/react-router/dist/esm/not-found.d.ts(1,223): error TS1127: Invalid character.
node_modules/@tanstack/react-router/dist/esm/not-found.d.ts(1,224): error TS1127: Invalid character.
node_modules/@tanstack/react-router/dist/esm/not-found.d.ts(1,225): error TS1127: Invalid character.
node_modules/@tanstack/react-router/dist/esm/not-found.d.ts(1,226): error TS1127: Invalid character.
node_modules/@tanstack/react-router/dist/esm/not-found.d.ts(1,227): error TS1127: Invalid character.
node_modules/@tanstack/react-router/dist/esm/not-found.d.ts(1,228): error TS1127: Invalid character.
node_modules/@tanstack/react-router/dist/esm/not-found.d.ts(1,229): error TS1127: Invalid character.
node_modules/@tanstack/react-router/dist/esm/not-found.d.ts(1,230): error TS1127: Invalid character.
node_modules/@tanstack/react-router/dist/esm/not-found.d.ts(1,231): error TS1127: Invalid character.
node_modules/@tanstack/react-router/dist/esm/not-found.d.ts(1,232): error TS1127: Invalid character.
node_modules/@tanstack/react-router/dist/esm/not-found.d.ts(1,233): error TS1127: Invalid character.
node_modules/@tanstack/react-router/dist/esm/not-found.d.ts(1,234): error TS1127: Invalid character.
node_modules/@tanstack/react-router/dist/esm/not-found.d.ts(1,235): error TS1127: Invalid character.
node_modules/@tanstack/react-router/dist/esm/not-found.d.ts(1,236): error TS1127: Invalid character.
node_modules/@tanstack/react-router/dist/esm/not-found.d.ts(1,237): error TS1127: Invalid character.
node_modules/@tanstack/react-router/dist/esm/not-found.d.ts(1,238): error TS1127: Invalid character.
node_modules/@tanstack/react-router/dist/esm/not-found.d.ts(1,239): error TS1127: Invalid character.
node_modules/@tanstack/react-router/dist/esm/not-found.d.ts(1,240): error TS1127: Invalid character.
node_modules/@tanstack/react-router/dist/esm/not-found.d.ts(1,241): error TS1127: Invalid character.
node_modules/@tanstack/react-router/dist/esm/not-found.d.ts(1,242): error TS1127: Invalid character.
node_modules/@tanstack/react-router/dist/esm/not-found.d.ts(1,243): error TS1127: Invalid character.
node_modules/@tanstack/react-router/dist/esm/not-found.d.ts(1,244): error TS1127: Invalid character.
node_modules/@tanstack/react-router/dist/esm/not-found.d.ts(1,245): error TS1127: Invalid character.
node_modules/@tanstack/react-router/dist/esm/not-found.d.ts(1,246): error TS1127: Invalid character.
node_modules/@tanstack/react-router/dist/esm/not-found.d.ts(1,247): error TS1127: Invalid character.
node_modules/@tanstack/react-router/dist/esm/not-found.d.ts(1,248): error TS1127: Invalid character.
node_modules/@tanstack/react-router/dist/esm/not-found.d.ts(1,249): error TS1127: Invalid character.
node_modules/@tanstack/react-router/dist/esm/not-found.d.ts(1,250): error TS1127: Invalid character.
node_modules/@tanstack/react-router/dist/esm/not-found.d.ts(1,251): error TS1127: Invalid character.
node_modules/@tanstack/react-router/dist/esm/not-found.d.ts(1,252): error TS1127: Invalid character.
node_modules/@tanstack/react-router/dist/esm/not-found.d.ts(1,253): error TS1127: Invalid character.
node_modules/@tanstack/react-router/dist/esm/not-found.d.ts(1,254): error TS1127: Invalid character.
node_modules/@tanstack/react-router/dist/esm/not-found.d.ts(1,255): error TS1127: Invalid character.
node_modules/@tanstack/react-router/dist/esm/not-found.d.ts(1,256): error TS1127: Invalid character.
node_modules/@tanstack/react-router/dist/esm/not-found.d.ts(1,257): error TS1127: Invalid character.
node_modules/@tanstack/react-router/dist/esm/not-found.d.ts(1,258): error TS1127: Invalid character.
node_modules/@tanstack/react-router/dist/esm/not-found.d.ts(1,259): error TS1127: Invalid character.
node_modules/@tanstack/react-router/dist/esm/not-found.d.ts(1,260): error TS1127: Invalid character.
node_modules/@tanstack/react-router/dist/esm/not-found.d.ts(1,261): error TS1127: Invalid character.
node_modules/@tanstack/react-router/dist/esm/not-found.d.ts(1,262): error TS1127: Invalid character.
node_modules/@tanstack/react-router/dist/esm/not-found.d.ts(1,263): error TS1127: Invalid character.
node_modules/@tanstack/react-router/dist/esm/not-found.d.ts(1,264): error TS1127: Invalid character.
node_modules/@tanstack/react-router/dist/esm/not-found.d.ts(1,265): error TS1127: Invalid character.
node_modules/@tanstack/react-router/dist/esm/not-found.d.ts(1,266): error TS1127: Invalid character.
node_modules/@tanstack/react-router/dist/esm/not-found.d.ts(1,267): error TS1127: Invalid character.
node_modules/@tanstack/react-router/dist/esm/not-found.d.ts(1,268): error TS1127: Invalid character.
node_modules/@tanstack/react-router/dist/esm/not-found.d.ts(1,269): error TS1127: Invalid character.
node_modules/@tanstack/react-router/dist/esm/not-found.d.ts(1,270): error TS1127: Invalid character.
node_modules/@tanstack/react-router/dist/esm/not-found.d.ts(1,271): error TS1127: Invalid character.
node_modules/@tanstack/react-router/dist/esm/not-found.d.ts(1,272): error TS1127: Invalid character.
node_modules/@tanstack/react-router/dist/esm/not-found.d.ts(1,273): error TS1127: Invalid character.
node_modules/@tanstack/react-router/dist/esm/not-found.d.ts(1,274): error TS1127: Invalid character.
node_modules/@tanstack/react-router/dist/esm/not-found.d.ts(1,275): error TS1127: Invalid character.
node_modules/@tanstack/react-router/dist/esm/not-found.d.ts(1,276): error TS1127: Invalid character.
node_modules/@tanstack/react-router/dist/esm/not-found.d.ts(1,277): error TS1127: Invalid character.
node_modules/@tanstack/react-router/dist/esm/not-found.d.ts(1,278): error TS1127: Invalid character.
node_modules/@tanstack/react-router/dist/esm/not-found.d.ts(1,279): error TS1127: Invalid character.
node_modules/@tanstack/react-router/dist/esm/not-found.d.ts(1,280): error TS1127: Invalid character.
node_modules/@tanstack/react-router/dist/esm/not-found.d.ts(1,281): error TS1127: Invalid character.
node_modules/@tanstack/react-router/dist/esm/not-found.d.ts(1,282): error TS1127: Invalid character.
node_modules/@tanstack/react-router/dist/esm/not-found.d.ts(1,283): error TS1127: Invalid character.
node_modules/@tanstack/react-router/dist/esm/not-found.d.ts(1,284): error TS1127: Invalid character.
node_modules/@tanstack/react-router/dist/esm/not-found.d.ts(1,285): error TS1127: Invalid character.
node_modules/@tanstack/react-router/dist/esm/not-found.d.ts(1,286): error TS1127: Invalid character.
node_modules/@tanstack/react-router/dist/esm/not-found.d.ts(1,287): error TS1127: Invalid character.
node_modules/@tanstack/react-router/dist/esm/not-found.d.ts(1,288): error TS1127: Invalid character.
node_modules/@tanstack/react-router/dist/esm/not-found.d.ts(1,289): error TS1127: Invalid character.
node_modules/@tanstack/react-router/dist/esm/not-found.d.ts(1,290): error TS1127: Invalid character.
node_modules/@tanstack/react-router/dist/esm/not-found.d.ts(1,291): error TS1127: Invalid character.
node_modules/@tanstack/react-router/dist/esm/not-found.d.ts(1,292): error TS1127: Invalid character.
node_modules/@tanstack/react-router/dist/esm/not-found.d.ts(1,293): error TS1127: Invalid character.
node_modules/@tanstack/react-router/dist/esm/not-found.d.ts(1,294): error TS1127: Invalid character.
node_modules/@tanstack/react-router/dist/esm/not-found.d.ts(1,295): error TS1127: Invalid character.
node_modules/@tanstack/react-router/dist/esm/not-found.d.ts(1,296): error TS1127: Invalid character.
node_modules/@tanstack/react-router/dist/esm/not-found.d.ts(1,297): error TS1127: Invalid character.
node_modules/@tanstack/react-router/dist/esm/not-found.d.ts(1,298): error TS1127: Invalid character.
node_modules/@tanstack/react-router/dist/esm/not-found.d.ts(1,299): error TS1127: Invalid character.
node_modules/@tanstack/react-router/dist/esm/not-found.d.ts(1,300): error TS1127: Invalid character.
node_modules/@tanstack/react-router/dist/esm/not-found.d.ts(1,301): error TS1127: Invalid character.
node_modules/@tanstack/react-router/dist/esm/not-found.d.ts(1,302): error TS1127: Invalid character.
node_modules/@tanstack/react-router/dist/esm/not-found.d.ts(1,303): error TS1127: Invalid character.
node_modules/@tanstack/react-router/dist/esm/not-found.d.ts(1,304): error TS1127: Invalid character.
node_modules/@tanstack/react-router/dist/esm/not-found.d.ts(1,305): error TS1127: Invalid character.
node_modules/@tanstack/react-router/dist/esm/not-found.d.ts(1,306): error TS1127: Invalid character.
node_modules/@tanstack/react-router/dist/esm/not-found.d.ts(1,307): error TS1127: Invalid character.
node_modules/@tanstack/react-router/dist/esm/not-found.d.ts(1,308): error TS1127: Invalid character.
node_modules/@tanstack/react-router/dist/esm/not-found.d.ts(1,309): error TS1127: Invalid character.
node_modules/@tanstack/react-router/dist/esm/not-found.d.ts(1,310): error TS1127: Invalid character.
node_modules/@tanstack/react-router/dist/esm/not-found.d.ts(1,311): error TS1127: Invalid character.
node_modules/@tanstack/react-router/dist/esm/not-found.d.ts(1,312): error TS1127: Invalid character.
node_modules/@tanstack/react-router/dist/esm/not-found.d.ts(1,313): error TS1127: Invalid character.
node_modules/@tanstack/react-router/dist/esm/not-found.d.ts(1,314): error TS1127: Invalid character.
node_modules/@tanstack/react-router/dist/esm/not-found.d.ts(1,315): error TS1127: Invalid character.
node_modules/@tanstack/react-router/dist/esm/not-found.d.ts(1,316): error TS1127: Invalid character.
node_modules/@tanstack/react-router/dist/esm/not-found.d.ts(1,317): error TS1127: Invalid character.
node_modules/@tanstack/react-router/dist/esm/not-found.d.ts(1,318): error TS1127: Invalid character.
node_modules/@tanstack/react-router/dist/esm/not-found.d.ts(1,319): error TS1127: Invalid character.
node_modules/@tanstack/react-router/dist/esm/not-found.d.ts(1,320): error TS1127: Invalid character.
node_modules/@tanstack/react-router/dist/esm/not-found.d.ts(1,321): error TS1127: Invalid character.
node_modules/@tanstack/react-router/dist/esm/not-found.d.ts(1,322): error TS1127: Invalid character.
node_modules/@tanstack/react-router/dist/esm/not-found.d.ts(1,323): error TS1127: Invalid character.
node_modules/@tanstack/react-router/dist/esm/not-found.d.ts(1,324): error TS1127: Invalid character.
node_modules/@tanstack/react-router/dist/esm/not-found.d.ts(1,325): error TS1127: Invalid character.
node_modules/@tanstack/react-router/dist/esm/not-found.d.ts(1,326): error TS1127: Invalid character.
node_modules/@tanstack/react-router/dist/esm/not-found.d.ts(1,327): error TS1127: Invalid character.
node_modules/@tanstack/react-router/dist/esm/not-found.d.ts(1,328): error TS1127: Invalid character.
node_modules/@tanstack/react-router/dist/esm/not-found.d.ts(1,329): error TS1127: Invalid character.
node_modules/@tanstack/react-router/dist/esm/not-found.d.ts(1,330): error TS1127: Invalid character.
node_modules/@tanstack/react-router/dist/esm/not-found.d.ts(1,331): error TS1127: Invalid character.
node_modules/@tanstack/react-router/dist/esm/not-found.d.ts(1,332): error TS1127: Invalid character.
node_modules/@tanstack/react-router/dist/esm/not-found.d.ts(1,333): error TS1127: Invalid character.
node_modules/@tanstack/react-router/dist/esm/not-found.d.ts(1,334): error TS1127: Invalid character.
node_modules/@tanstack/react-router/dist/esm/not-found.d.ts(1,335): error TS1127: Invalid character.
node_modules/@tanstack/react-router/dist/esm/not-found.d.ts(1,336): error TS1127: Invalid character.
node_modules/@tanstack/react-router/dist/esm/not-found.d.ts(1,337): error TS1127: Invalid character.
node_modules/@tanstack/react-router/dist/esm/not-found.d.ts(1,338): error TS1127: Invalid character.
node_modules/@tanstack/react-router/dist/esm/not-found.d.ts(1,339): error TS1127: Invalid character.
node_modules/@tanstack/react-router/dist/esm/not-found.d.ts(1,340): error TS1127: Invalid character.
node_modules/@tanstack/react-router/dist/esm/not-found.d.ts(1,341): error TS1127: Invalid character.
node_modules/@tanstack/react-router/dist/esm/not-found.d.ts(1,342): error TS1127: Invalid character.
node_modules/@tanstack/react-router/dist/esm/not-found.d.ts(1,343): error TS1127: Invalid character.
node_modules/@tanstack/react-router/dist/esm/not-found.d.ts(1,344): error TS1127: Invalid character.
node_modules/@tanstack/react-router/dist/esm/not-found.d.ts(1,345): error TS1127: Invalid character.
node_modules/@tanstack/react-router/dist/esm/not-found.d.ts(1,346): error TS1127: Invalid character.
node_modules/@tanstack/react-router/dist/esm/not-found.d.ts(1,347): error TS1127: Invalid character.
node_modules/@tanstack/react-router/dist/esm/not-found.d.ts(1,348): error TS1127: Invalid character.
node_modules/@tanstack/react-router/dist/esm/not-found.d.ts(1,349): error TS1127: Invalid character.
node_modules/@tanstack/react-router/dist/esm/not-found.d.ts(1,350): error TS1127: Invalid character.
node_modules/@tanstack/react-router/dist/esm/not-found.d.ts(1,351): error TS1127: Invalid character.
node_modules/@tanstack/react-router/dist/esm/not-found.d.ts(1,352): error TS1127: Invalid character.
node_modules/@tanstack/react-router/dist/esm/not-found.d.ts(1,353): error TS1127: Invalid character.
node_modules/@tanstack/react-router/dist/esm/not-found.d.ts(1,354): error TS1127: Invalid character.
node_modules/@tanstack/react-router/dist/esm/not-found.d.ts(1,355): error TS1127: Invalid character.
node_modules/@tanstack/react-router/dist/esm/not-found.d.ts(1,356): error TS1127: Invalid character.
node_modules/@tanstack/react-router/dist/esm/not-found.d.ts(1,357): error TS1127: Invalid character.
node_modules/@tanstack/react-router/dist/esm/not-found.d.ts(1,358): error TS1127: Invalid character.
node_modules/@tanstack/react-router/dist/esm/not-found.d.ts(1,359): error TS1127: Invalid character.
node_modules/@tanstack/react-router/dist/esm/not-found.d.ts(1,360): error TS1127: Invalid character.
node_modules/@tanstack/react-router/dist/esm/not-found.d.ts(1,361): error TS1127: Invalid character.
node_modules/@tanstack/react-router/dist/esm/not-found.d.ts(1,362): error TS1127: Invalid character.
node_modules/@tanstack/react-router/dist/esm/not-found.d.ts(1,363): error TS1127: Invalid character.
node_modules/@tanstack/react-router/dist/esm/not-found.d.ts(1,364): error TS1127: Invalid character.
node_modules/@tanstack/react-router/dist/esm/not-found.d.ts(1,365): error TS1127: Invalid character.
node_modules/@tanstack/react-router/dist/esm/not-found.d.ts(1,366): error TS1127: Invalid character.
node_modules/@tanstack/react-router/dist/esm/not-found.d.ts(1,367): error TS1127: Invalid character.
node_modules/@tanstack/react-router/dist/esm/not-found.d.ts(1,368): error TS1127: Invalid character.
node_modules/@tanstack/react-router/dist/esm/not-found.d.ts(1,369): error TS1127: Invalid character.
node_modules/@tanstack/react-router/dist/esm/not-found.d.ts(1,370): error TS1127: Invalid character.
node_modules/@tanstack/react-router/dist/esm/not-found.d.ts(1,371): error TS1127: Invalid character.
node_modules/@tanstack/react-router/dist/esm/not-found.d.ts(1,372): error TS1127: Invalid character.
node_modules/@tanstack/react-router/dist/esm/not-found.d.ts(1,373): error TS1127: Invalid character.
node_modules/@tanstack/react-router/dist/esm/not-found.d.ts(1,374): error TS1127: Invalid character.
node_modules/@tanstack/react-router/dist/esm/not-found.d.ts(1,375): error TS1127: Invalid character.
node_modules/@tanstack/react-router/dist/esm/not-found.d.ts(1,376): error TS1127: Invalid character.
node_modules/@tanstack/react-router/dist/esm/not-found.d.ts(1,377): error TS1127: Invalid character.
node_modules/@tanstack/react-router/dist/esm/not-found.d.ts(1,378): error TS1127: Invalid character.
node_modules/@tanstack/react-router/dist/esm/not-found.d.ts(1,379): error TS1127: Invalid character.
node_modules/@tanstack/react-router/dist/esm/not-found.d.ts(1,380): error TS1127: Invalid character.
node_modules/@tanstack/react-router/dist/esm/not-found.d.ts(1,381): error TS1127: Invalid character.
node_modules/@tanstack/react-router/dist/esm/not-found.d.ts(1,382): error TS1127: Invalid character.
node_modules/@tanstack/react-router/dist/esm/not-found.d.ts(1,383): error TS1127: Invalid character.
node_modules/@tanstack/react-router/dist/esm/not-found.d.ts(1,384): error TS1127: Invalid character.
node_modules/@tanstack/react-router/dist/esm/not-found.d.ts(1,385): error TS1127: Invalid character.
node_modules/@tanstack/react-router/dist/esm/not-found.d.ts(1,386): error TS1127: Invalid character.
node_modules/@tanstack/react-router/dist/esm/not-found.d.ts(1,387): error TS1127: Invalid character.
node_modules/@tanstack/react-router/dist/esm/not-found.d.ts(1,388): error TS1127: Invalid character.
node_modules/@tanstack/react-router/dist/esm/not-found.d.ts(1,389): error TS1127: Invalid character.
node_modules/@tanstack/react-router/dist/esm/not-found.d.ts(1,390): error TS1127: Invalid character.
node_modules/@tanstack/react-router/dist/esm/not-found.d.ts(1,391): error TS1127: Invalid character.
node_modules/@tanstack/react-router/dist/esm/not-found.d.ts(1,392): error TS1127: Invalid character.
node_modules/@tanstack/react-router/dist/esm/not-found.d.ts(1,393): error TS1127: Invalid character.
node_modules/@tanstack/react-router/dist/esm/not-found.d.ts(1,394): error TS1127: Invalid character.
node_modules/@tanstack/react-router/dist/esm/not-found.d.ts(1,395): error TS1127: Invalid character.
node_modules/@tanstack/react-router/dist/esm/not-found.d.ts(1,396): error TS1127: Invalid character.
node_modules/@tanstack/react-router/dist/esm/not-found.d.ts(1,397): error TS1127: Invalid character.
node_modules/@tanstack/react-router/dist/esm/not-found.d.ts(1,398): error TS1127: Invalid character.
node_modules/@tanstack/react-router/dist/esm/not-found.d.ts(1,399): error TS1127: Invalid character.
node_modules/@tanstack/react-router/dist/esm/not-found.d.ts(1,400): error TS1127: Invalid character.
node_modules/@tanstack/react-router/dist/esm/not-found.d.ts(1,401): error TS1127: Invalid character.
node_modules/@tanstack/react-router/dist/esm/not-found.d.ts(1,402): error TS1127: Invalid character.
node_modules/@tanstack/react-router/dist/esm/not-found.d.ts(1,403): error TS1127: Invalid character.
node_modules/@tanstack/react-router/dist/esm/not-found.d.ts(1,404): error TS1127: Invalid character.
node_modules/@tanstack/react-router/dist/esm/not-found.d.ts(1,405): error TS1127: Invalid character.
node_modules/@tanstack/react-router/dist/esm/not-found.d.ts(1,406): error TS1127: Invalid character.
node_modules/@tanstack/react-router/dist/esm/not-found.d.ts(1,407): error TS1127: Invalid character.
node_modules/@tanstack/react-router/dist/esm/not-found.d.ts(1,408): error TS1127: Invalid character.
node_modules/@tanstack/react-router/dist/esm/not-found.d.ts(1,409): error TS1127: Invalid character.
node_modules/@tanstack/react-router/dist/esm/not-found.d.ts(1,410): error TS1127: Invalid character.
node_modules/@tanstack/react-router/dist/esm/not-found.d.ts(1,411): error TS1127: Invalid character.
node_modules/@tanstack/react-router/dist/esm/not-found.d.ts(1,412): error TS1127: Invalid character.
node_modules/@tanstack/react-router/dist/esm/not-found.d.ts(1,413): error TS1127: Invalid character.
node_modules/@tanstack/react-router/dist/esm/not-found.d.ts(1,414): error TS1127: Invalid character.
node_modules/@tanstack/react-router/dist/esm/not-found.d.ts(1,415): error TS1127: Invalid character.
node_modules/@tanstack/react-router/dist/esm/not-found.d.ts(1,416): error TS1127: Invalid character.
node_modules/@tanstack/react-router/dist/esm/not-found.d.ts(1,417): error TS1127: Invalid character.
node_modules/@tanstack/react-router/dist/esm/not-found.d.ts(1,418): error TS1127: Invalid character.
node_modules/@tanstack/react-router/dist/esm/not-found.d.ts(1,419): error TS1127: Invalid character.
node_modules/@tanstack/react-router/dist/esm/not-found.d.ts(1,420): error TS1127: Invalid character.
node_modules/@tanstack/react-router/dist/esm/not-found.d.ts(1,421): error TS1127: Invalid character.
node_modules/@tanstack/react-router/dist/esm/not-found.d.ts(1,422): error TS1127: Invalid character.
node_modules/@tanstack/react-router/dist/esm/not-found.d.ts(1,423): error TS1127: Invalid character.
node_modules/@tanstack/react-router/dist/esm/not-found.d.ts(1,424): error TS1127: Invalid character.
node_modules/@tanstack/react-router/dist/esm/not-found.d.ts(1,425): error TS1127: Invalid character.
node_modules/@tanstack/react-router/dist/esm/not-found.d.ts(1,426): error TS1127: Invalid character.
node_modules/@tanstack/react-router/dist/esm/not-found.d.ts(1,427): error TS1127: Invalid character.
node_modules/@tanstack/react-router/dist/esm/not-found.d.ts(1,428): error TS1127: Invalid character.
node_modules/@tanstack/react-router/dist/esm/not-found.d.ts(1,429): error TS1127: Invalid character.
node_modules/@tanstack/react-router/dist/esm/not-found.d.ts(1,430): error TS1127: Invalid character.
node_modules/@tanstack/react-router/dist/esm/not-found.d.ts(1,431): error TS1127: Invalid character.
node_modules/@tanstack/react-router/dist/esm/not-found.d.ts(1,432): error TS1127: Invalid character.
node_modules/@tanstack/react-router/dist/esm/not-found.d.ts(1,433): error TS1127: Invalid character.
node_modules/@tanstack/react-router/dist/esm/not-found.d.ts(1,434): error TS1127: Invalid character.
node_modules/@tanstack/react-router/dist/esm/not-found.d.ts(1,435): error TS1127: Invalid character.
node_modules/@tanstack/react-router/dist/esm/not-found.d.ts(1,436): error TS1127: Invalid character.
node_modules/@tanstack/react-router/dist/esm/not-found.d.ts(1,437): error TS1127: Invalid character.
node_modules/@tanstack/react-router/dist/esm/not-found.d.ts(1,438): error TS1127: Invalid character.
node_modules/@tanstack/react-router/dist/esm/not-found.d.ts(1,439): error TS1127: Invalid character.
node_modules/@tanstack/react-router/dist/esm/not-found.d.ts(1,440): error TS1127: Invalid character.
node_modules/@tanstack/react-router/dist/esm/not-found.d.ts(1,441): error TS1127: Invalid character.
node_modules/@tanstack/react-router/dist/esm/not-found.d.ts(1,442): error TS1127: Invalid character.
node_modules/@tanstack/react-router/dist/esm/not-found.d.ts(1,443): error TS1127: Invalid character.
node_modules/@tanstack/react-router/dist/esm/not-found.d.ts(1,444): error TS1127: Invalid character.
node_modules/@tanstack/react-router/dist/esm/not-found.d.ts(1,445): error TS1127: Invalid character.
node_modules/@tanstack/react-router/dist/esm/not-found.d.ts(1,446): error TS1127: Invalid character.
node_modules/@tanstack/react-router/dist/esm/not-found.d.ts(1,447): error TS1127: Invalid character.
node_modules/@tanstack/react-router/dist/esm/not-found.d.ts(1,448): error TS1127: Invalid character.
node_modules/@tanstack/react-router/dist/esm/not-found.d.ts(1,449): error TS1127: Invalid character.
node_modules/@tanstack/react-router/dist/esm/not-found.d.ts(1,450): error TS1127: Invalid character.
node_modules/@tanstack/react-router/dist/esm/not-found.d.ts(1,451): error TS1127: Invalid character.
node_modules/@tanstack/react-router/dist/esm/not-found.d.ts(1,452): error TS1127: Invalid character.
node_modules/@tanstack/react-router/dist/esm/not-found.d.ts(1,453): error TS1127: Invalid character.
node_modules/@tanstack/react-router/dist/esm/not-found.d.ts(1,454): error TS1127: Invalid character.
node_modules/@tanstack/react-router/dist/esm/not-found.d.ts(1,455): error TS1127: Invalid character.
node_modules/@tanstack/react-router/dist/esm/not-found.d.ts(1,456): error TS1127: Invalid character.
node_modules/@tanstack/react-router/dist/esm/ScriptOnce.d.ts(1,1): error TS1127: Invalid character.
node_modules/@tanstack/react-router/dist/esm/ScriptOnce.d.ts(1,2): error TS1127: Invalid character.
node_modules/@tanstack/react-router/dist/esm/ScriptOnce.d.ts(1,3): error TS1127: Invalid character.
node_modules/@tanstack/react-router/dist/esm/ScriptOnce.d.ts(1,4): error TS1127: Invalid character.
node_modules/@tanstack/react-router/dist/esm/ScriptOnce.d.ts(1,5): error TS1127: Invalid character.
node_modules/@tanstack/react-router/dist/esm/ScriptOnce.d.ts(1,6): error TS1127: Invalid character.
node_modules/@tanstack/react-router/dist/esm/ScriptOnce.d.ts(1,7): error TS1127: Invalid character.
node_modules/@tanstack/react-router/dist/esm/ScriptOnce.d.ts(1,8): error TS1127: Invalid character.
node_modules/@tanstack/react-router/dist/esm/ScriptOnce.d.ts(1,9): error TS1127: Invalid character.
node_modules/@tanstack/react-router/dist/esm/ScriptOnce.d.ts(1,10): error TS1127: Invalid character.
node_modules/@tanstack/react-router/dist/esm/ScriptOnce.d.ts(1,11): error TS1127: Invalid character.
node_modules/@tanstack/react-router/dist/esm/ScriptOnce.d.ts(1,12): error TS1127: Invalid character.
node_modules/@tanstack/react-router/dist/esm/ScriptOnce.d.ts(1,13): error TS1127: Invalid character.
node_modules/@tanstack/react-router/dist/esm/ScriptOnce.d.ts(1,14): error TS1127: Invalid character.
node_modules/@tanstack/react-router/dist/esm/ScriptOnce.d.ts(1,15): error TS1127: Invalid character.
node_modules/@tanstack/react-router/dist/esm/ScriptOnce.d.ts(1,16): error TS1127: Invalid character.
node_modules/@tanstack/react-router/dist/esm/ScriptOnce.d.ts(1,17): error TS1127: Invalid character.
node_modules/@tanstack/react-router/dist/esm/ScriptOnce.d.ts(1,18): error TS1127: Invalid character.
node_modules/@tanstack/react-router/dist/esm/ScriptOnce.d.ts(1,19): error TS1127: Invalid character.
node_modules/@tanstack/react-router/dist/esm/ScriptOnce.d.ts(1,20): error TS1127: Invalid character.
node_modules/@tanstack/react-router/dist/esm/ScriptOnce.d.ts(1,21): error TS1127: Invalid character.
node_modules/@tanstack/react-router/dist/esm/ScriptOnce.d.ts(1,22): error TS1127: Invalid character.
node_modules/@tanstack/react-router/dist/esm/ScriptOnce.d.ts(1,23): error TS1127: Invalid character.
node_modules/@tanstack/react-router/dist/esm/ScriptOnce.d.ts(1,24): error TS1127: Invalid character.
node_modules/@tanstack/react-router/dist/esm/ScriptOnce.d.ts(1,25): error TS1127: Invalid character.
node_modules/@tanstack/react-router/dist/esm/ScriptOnce.d.ts(1,26): error TS1127: Invalid character.
node_modules/@tanstack/react-router/dist/esm/ScriptOnce.d.ts(1,27): error TS1127: Invalid character.
node_modules/@tanstack/react-router/dist/esm/ScriptOnce.d.ts(1,28): error TS1127: Invalid character.
node_modules/@tanstack/react-router/dist/esm/ScriptOnce.d.ts(1,29): error TS1127: Invalid character.
node_modules/@tanstack/react-router/dist/esm/ScriptOnce.d.ts(1,30): error TS1127: Invalid character.
node_modules/@tanstack/react-router/dist/esm/ScriptOnce.d.ts(1,31): error TS1127: Invalid character.
node_modules/@tanstack/react-router/dist/esm/ScriptOnce.d.ts(1,32): error TS1127: Invalid character.
node_modules/@tanstack/react-router/dist/esm/ScriptOnce.d.ts(1,33): error TS1127: Invalid character.
node_modules/@tanstack/react-router/dist/esm/ScriptOnce.d.ts(1,34): error TS1127: Invalid character.
node_modules/@tanstack/react-router/dist/esm/ScriptOnce.d.ts(1,35): error TS1127: Invalid character.
node_modules/@tanstack/react-router/dist/esm/ScriptOnce.d.ts(1,36): error TS1127: Invalid character.
node_modules/@tanstack/react-router/dist/esm/ScriptOnce.d.ts(1,37): error TS1127: Invalid character.
node_modules/@tanstack/react-router/dist/esm/ScriptOnce.d.ts(1,38): error TS1127: Invalid character.
node_modules/@tanstack/react-router/dist/esm/ScriptOnce.d.ts(1,39): error TS1127: Invalid character.
node_modules/@tanstack/react-router/dist/esm/ScriptOnce.d.ts(1,40): error TS1127: Invalid character.
node_modules/@tanstack/react-router/dist/esm/ScriptOnce.d.ts(1,41): error TS1127: Invalid character.
node_modules/@tanstack/react-router/dist/esm/ScriptOnce.d.ts(1,42): error TS1127: Invalid character.
node_modules/@tanstack/react-router/dist/esm/ScriptOnce.d.ts(1,43): error TS1127: Invalid character.
node_modules/@tanstack/react-router/dist/esm/ScriptOnce.d.ts(1,44): error TS1127: Invalid character.
node_modules/@tanstack/react-router/dist/esm/ScriptOnce.d.ts(1,45): error TS1127: Invalid character.
node_modules/@tanstack/react-router/dist/esm/ScriptOnce.d.ts(1,46): error TS1127: Invalid character.
node_modules/@tanstack/react-router/dist/esm/ScriptOnce.d.ts(1,47): error TS1127: Invalid character.
node_modules/@tanstack/react-router/dist/esm/ScriptOnce.d.ts(1,48): error TS1127: Invalid character.
node_modules/@tanstack/react-router/dist/esm/ScriptOnce.d.ts(1,49): error TS1127: Invalid character.
node_modules/@tanstack/react-router/dist/esm/ScriptOnce.d.ts(1,50): error TS1127: Invalid character.
node_modules/@tanstack/react-router/dist/esm/ScriptOnce.d.ts(1,51): error TS1127: Invalid character.
node_modules/@tanstack/react-router/dist/esm/ScriptOnce.d.ts(1,52): error TS1127: Invalid character.
node_modules/@tanstack/react-router/dist/esm/ScriptOnce.d.ts(1,53): error TS1127: Invalid character.
node_modules/@tanstack/react-router/dist/esm/ScriptOnce.d.ts(1,54): error TS1127: Invalid character.
node_modules/@tanstack/react-router/dist/esm/ScriptOnce.d.ts(1,55): error TS1127: Invalid character.
node_modules/@tanstack/react-router/dist/esm/ScriptOnce.d.ts(1,56): error TS1127: Invalid character.
node_modules/@tanstack/react-router/dist/esm/ScriptOnce.d.ts(1,57): error TS1127: Invalid character.
node_modules/@tanstack/react-router/dist/esm/ScriptOnce.d.ts(1,58): error TS1127: Invalid character.
node_modules/@tanstack/react-router/dist/esm/ScriptOnce.d.ts(1,59): error TS1127: Invalid character.
node_modules/@tanstack/react-router/dist/esm/ScriptOnce.d.ts(1,60): error TS1127: Invalid character.
node_modules/@tanstack/react-router/dist/esm/ScriptOnce.d.ts(1,61): error TS1127: Invalid character.
node_modules/@tanstack/react-router/dist/esm/ScriptOnce.d.ts(1,62): error TS1127: Invalid character.
node_modules/@tanstack/react-router/dist/esm/ScriptOnce.d.ts(1,63): error TS1127: Invalid character.
node_modules/@tanstack/react-router/dist/esm/ScriptOnce.d.ts(1,64): error TS1127: Invalid character.
node_modules/@tanstack/react-router/dist/esm/ScriptOnce.d.ts(1,65): error TS1127: Invalid character.
node_modules/@tanstack/react-router/dist/esm/ScriptOnce.d.ts(1,66): error TS1127: Invalid character.
node_modules/@tanstack/react-router/dist/esm/ScriptOnce.d.ts(1,67): error TS1127: Invalid character.
node_modules/@tanstack/react-router/dist/esm/ScriptOnce.d.ts(1,68): error TS1127: Invalid character.
node_modules/@tanstack/react-router/dist/esm/ScriptOnce.d.ts(1,69): error TS1127: Invalid character.
node_modules/@tanstack/react-router/dist/esm/ScriptOnce.d.ts(1,70): error TS1127: Invalid character.
node_modules/@tanstack/react-router/dist/esm/ScriptOnce.d.ts(1,71): error TS1127: Invalid character.
node_modules/@tanstack/react-router/dist/esm/ScriptOnce.d.ts(1,72): error TS1127: Invalid character.
node_modules/@tanstack/react-router/dist/esm/ScriptOnce.d.ts(1,73): error TS1127: Invalid character.
node_modules/@tanstack/react-router/dist/esm/ScriptOnce.d.ts(1,74): error TS1127: Invalid character.
node_modules/@tanstack/react-router/dist/esm/ScriptOnce.d.ts(1,75): error TS1127: Invalid character.
node_modules/@tanstack/react-router/dist/esm/ScriptOnce.d.ts(1,76): error TS1127: Invalid character.
node_modules/@tanstack/react-router/dist/esm/ScriptOnce.d.ts(1,77): error TS1127: Invalid character.
node_modules/@tanstack/react-router/dist/esm/ScriptOnce.d.ts(1,78): error TS1127: Invalid character.
node_modules/@tanstack/react-router/dist/esm/ScriptOnce.d.ts(1,79): error TS1127: Invalid character.
node_modules/@tanstack/react-router/dist/esm/ScriptOnce.d.ts(1,80): error TS1127: Invalid character.
node_modules/@tanstack/react-router/dist/esm/ScriptOnce.d.ts(1,81): error TS1127: Invalid character.
node_modules/@tanstack/react-router/dist/esm/ScriptOnce.d.ts(1,82): error TS1127: Invalid character.
node_modules/@tanstack/react-router/dist/esm/ScriptOnce.d.ts(1,83): error TS1127: Invalid character.
node_modules/@tanstack/react-router/dist/esm/ScriptOnce.d.ts(1,84): error TS1127: Invalid character.
node_modules/@tanstack/react-router/dist/esm/ScriptOnce.d.ts(1,85): error TS1127: Invalid character.
node_modules/@tanstack/react-router/dist/esm/ScriptOnce.d.ts(1,86): error TS1127: Invalid character.
node_modules/@tanstack/react-router/dist/esm/ScriptOnce.d.ts(1,87): error TS1127: Invalid character.
node_modules/@tanstack/react-router/dist/esm/ScriptOnce.d.ts(1,88): error TS1127: Invalid character.
node_modules/@tanstack/react-router/dist/esm/ScriptOnce.d.ts(1,89): error TS1127: Invalid character.
node_modules/@tanstack/react-router/dist/esm/ScriptOnce.d.ts(1,90): error TS1127: Invalid character.
node_modules/@tanstack/react-router/dist/esm/ScriptOnce.d.ts(1,91): error TS1127: Invalid character.
node_modules/@tanstack/react-router/dist/esm/ScriptOnce.d.ts(1,92): error TS1127: Invalid character.
node_modules/@tanstack/react-router/dist/esm/ScriptOnce.d.ts(1,93): error TS1127: Invalid character.
node_modules/@tanstack/react-router/dist/esm/ScriptOnce.d.ts(1,94): error TS1127: Invalid character.
node_modules/@tanstack/react-router/dist/esm/ScriptOnce.d.ts(1,95): error TS1127: Invalid character.
node_modules/@tanstack/react-router/dist/esm/ScriptOnce.d.ts(1,96): error TS1127: Invalid character.
node_modules/@tanstack/react-router/dist/esm/ScriptOnce.d.ts(1,97): error TS1127: Invalid character.
node_modules/@tanstack/react-router/dist/esm/ScriptOnce.d.ts(1,98): error TS1127: Invalid character.
node_modules/@tanstack/react-router/dist/esm/ScriptOnce.d.ts(1,99): error TS1127: Invalid character.
node_modules/@tanstack/react-router/dist/esm/ScriptOnce.d.ts(1,100): error TS1127: Invalid character.
node_modules/@tanstack/react-router/dist/esm/ScriptOnce.d.ts(1,101): error TS1127: Invalid character.
node_modules/@tanstack/react-router/dist/esm/ScriptOnce.d.ts(1,102): error TS1127: Invalid character.
node_modules/@tanstack/react-router/dist/esm/ScriptOnce.d.ts(1,103): error TS1127: Invalid character.
node_modules/@tanstack/react-router/dist/esm/ScriptOnce.d.ts(1,104): error TS1127: Invalid character.
node_modules/@tanstack/react-router/dist/esm/ScriptOnce.d.ts(1,105): error TS1127: Invalid character.
node_modules/@tanstack/react-router/dist/esm/ScriptOnce.d.ts(1,106): error TS1127: Invalid character.
node_modules/@tanstack/react-router/dist/esm/ScriptOnce.d.ts(1,107): error TS1127: Invalid character.
node_modules/@tanstack/react-router/dist/esm/ScriptOnce.d.ts(1,108): error TS1127: Invalid character.
node_modules/@tanstack/react-router/dist/esm/ScriptOnce.d.ts(1,109): error TS1127: Invalid character.
node_modules/@tanstack/react-router/dist/esm/ScriptOnce.d.ts(1,110): error TS1127: Invalid character.
node_modules/@tanstack/react-router/dist/esm/ScriptOnce.d.ts(1,111): error TS1127: Invalid character.
node_modules/@tanstack/react-router/dist/esm/ScriptOnce.d.ts(1,112): error TS1127: Invalid character.
node_modules/@tanstack/react-router/dist/esm/ScriptOnce.d.ts(1,113): error TS1127: Invalid character.
node_modules/@tanstack/react-router/dist/esm/ScriptOnce.d.ts(1,114): error TS1127: Invalid character.
node_modules/@tanstack/react-router/dist/esm/ScriptOnce.d.ts(1,115): error TS1127: Invalid character.
node_modules/@tanstack/react-router/dist/esm/ScriptOnce.d.ts(1,116): error TS1127: Invalid character.
node_modules/@tanstack/react-router/dist/esm/ScriptOnce.d.ts(1,117): error TS1127: Invalid character.
node_modules/@tanstack/react-router/dist/esm/ScriptOnce.d.ts(1,118): error TS1127: Invalid character.
node_modules/@tanstack/react-router/dist/esm/ScriptOnce.d.ts(1,119): error TS1127: Invalid character.
node_modules/@tanstack/react-router/dist/esm/ScriptOnce.d.ts(1,120): error TS1127: Invalid character.
node_modules/@tanstack/react-router/dist/esm/ScriptOnce.d.ts(1,121): error TS1127: Invalid character.
node_modules/@tanstack/react-router/dist/esm/ScriptOnce.d.ts(1,122): error TS1127: Invalid character.
node_modules/@tanstack/react-router/dist/esm/ScriptOnce.d.ts(1,123): error TS1127: Invalid character.
node_modules/@tanstack/react-router/dist/esm/ScriptOnce.d.ts(1,124): error TS1127: Invalid character.
node_modules/@tanstack/react-router/dist/esm/ScriptOnce.d.ts(1,125): error TS1127: Invalid character.
node_modules/@tanstack/react-router/dist/esm/ScriptOnce.d.ts(1,126): error TS1127: Invalid character.
node_modules/@tanstack/react-router/dist/esm/ScriptOnce.d.ts(1,127): error TS1127: Invalid character.
node_modules/@tanstack/react-router/dist/esm/ScriptOnce.d.ts(1,128): error TS1127: Invalid character.
node_modules/@tanstack/react-router/dist/esm/ScriptOnce.d.ts(1,129): error TS1127: Invalid character.
node_modules/@tanstack/react-router/dist/esm/ScriptOnce.d.ts(1,130): error TS1127: Invalid character.
node_modules/@tanstack/react-router/dist/esm/ScriptOnce.d.ts(1,131): error TS1127: Invalid character.
node_modules/@tanstack/react-router/dist/esm/ScriptOnce.d.ts(1,132): error TS1127: Invalid character.
node_modules/@tanstack/react-router/dist/esm/ScriptOnce.d.ts(1,133): error TS1127: Invalid character.
node_modules/@tanstack/react-router/dist/esm/ScriptOnce.d.ts(1,134): error TS1127: Invalid character.
node_modules/@tanstack/react-router/dist/esm/ScriptOnce.d.ts(1,135): error TS1127: Invalid character.
node_modules/@tanstack/react-router/dist/esm/ScriptOnce.d.ts(1,136): error TS1127: Invalid character.
node_modules/@tanstack/react-router/dist/esm/ScriptOnce.d.ts(1,137): error TS1127: Invalid character.
node_modules/@tanstack/react-router/dist/esm/ScriptOnce.d.ts(1,138): error TS1127: Invalid character.
node_modules/@tanstack/react-router/dist/esm/ScriptOnce.d.ts(1,139): error TS1127: Invalid character.
node_modules/@tanstack/react-router/dist/esm/ScriptOnce.d.ts(1,140): error TS1127: Invalid character.
node_modules/@tanstack/react-router/dist/esm/ScriptOnce.d.ts(1,141): error TS1127: Invalid character.
node_modules/@tanstack/react-router/dist/esm/ScriptOnce.d.ts(1,142): error TS1127: Invalid character.
node_modules/@tanstack/react-router/dist/esm/ScriptOnce.d.ts(1,143): error TS1127: Invalid character.
node_modules/@tanstack/react-router/dist/esm/ScriptOnce.d.ts(1,144): error TS1127: Invalid character.
node_modules/@tanstack/react-router/dist/esm/ScriptOnce.d.ts(1,145): error TS1127: Invalid character.
node_modules/@tanstack/react-router/dist/esm/ScriptOnce.d.ts(1,146): error TS1127: Invalid character.
node_modules/@tanstack/react-router/dist/esm/ScriptOnce.d.ts(1,147): error TS1127: Invalid character.
node_modules/@tanstack/react-router/dist/esm/ScriptOnce.d.ts(1,148): error TS1127: Invalid character.
node_modules/@tanstack/react-router/dist/esm/ScriptOnce.d.ts(1,149): error TS1127: Invalid character.
node_modules/@tanstack/react-router/dist/esm/ScriptOnce.d.ts(1,150): error TS1127: Invalid character.
node_modules/@tanstack/react-router/dist/esm/ScriptOnce.d.ts(1,151): error TS1127: Invalid character.
node_modules/@tanstack/react-router/dist/esm/ScriptOnce.d.ts(1,152): error TS1127: Invalid character.
node_modules/@tanstack/react-router/dist/esm/ScriptOnce.d.ts(1,153): error TS1127: Invalid character.
node_modules/@tanstack/react-router/dist/esm/ScriptOnce.d.ts(1,154): error TS1127: Invalid character.
node_modules/@tanstack/react-router/dist/esm/ScriptOnce.d.ts(1,155): error TS1127: Invalid character.
node_modules/@tanstack/react-router/dist/esm/ScriptOnce.d.ts(1,156): error TS1127: Invalid character.
node_modules/@tanstack/react-router/dist/esm/ScriptOnce.d.ts(1,157): error TS1127: Invalid character.
node_modules/@tanstack/react-router/dist/esm/ScriptOnce.d.ts(1,158): error TS1127: Invalid character.
node_modules/@tanstack/react-router/dist/esm/ScriptOnce.d.ts(1,159): error TS1127: Invalid character.
node_modules/@tanstack/react-router/dist/esm/ScriptOnce.d.ts(1,160): error TS1127: Invalid character.
node_modules/@tanstack/react-router/dist/esm/ScriptOnce.d.ts(1,161): error TS1127: Invalid character.
node_modules/@tanstack/react-router/dist/esm/ScriptOnce.d.ts(1,162): error TS1127: Invalid character.
node_modules/@tanstack/react-router/dist/esm/ScriptOnce.d.ts(1,163): error TS1127: Invalid character.
node_modules/@tanstack/react-router/dist/esm/ScriptOnce.d.ts(1,164): error TS1127: Invalid character.
node_modules/@tanstack/react-router/dist/esm/ScriptOnce.d.ts(1,165): error TS1127: Invalid character.
node_modules/@tanstack/react-router/dist/esm/ScriptOnce.d.ts(1,166): error TS1127: Invalid character.
node_modules/@tanstack/react-router/dist/esm/ScriptOnce.d.ts(1,167): error TS1127: Invalid character.
node_modules/@tanstack/react-router/dist/esm/ScriptOnce.d.ts(1,168): error TS1127: Invalid character.
node_modules/@tanstack/react-router/dist/esm/ScriptOnce.d.ts(1,169): error TS1127: Invalid character.
node_modules/@tanstack/react-router/dist/esm/ScriptOnce.d.ts(1,170): error TS1127: Invalid character.
node_modules/@tanstack/react-router/dist/esm/ScriptOnce.d.ts(1,171): error TS1127: Invalid character.
node_modules/@tanstack/react-router/dist/esm/ScriptOnce.d.ts(1,172): error TS1127: Invalid character.
node_modules/@tanstack/react-router/dist/esm/ScriptOnce.d.ts(1,173): error TS1127: Invalid character.
node_modules/@tanstack/react-router/dist/esm/ScriptOnce.d.ts(1,174): error TS1127: Invalid character.
node_modules/@tanstack/react-router/dist/esm/ScriptOnce.d.ts(1,175): error TS1127: Invalid character.
node_modules/@tanstack/react-router/dist/esm/ScriptOnce.d.ts(1,176): error TS1127: Invalid character.
node_modules/@tanstack/react-router/dist/esm/ScriptOnce.d.ts(1,177): error TS1127: Invalid character.
node_modules/@tanstack/react-router/dist/esm/ScriptOnce.d.ts(1,178): error TS1127: Invalid character.
node_modules/@tanstack/react-router/dist/esm/ScriptOnce.d.ts(1,179): error TS1127: Invalid character.
node_modules/@tanstack/react-router/dist/esm/ScriptOnce.d.ts(1,180): error TS1127: Invalid character.
node_modules/@tanstack/react-router/dist/esm/ScriptOnce.d.ts(1,181): error TS1127: Invalid character.
node_modules/@tanstack/react-router/dist/esm/ScriptOnce.d.ts(1,182): error TS1127: Invalid character.
node_modules/@tanstack/react-router/dist/esm/ScriptOnce.d.ts(1,183): error TS1127: Invalid character.
node_modules/@tanstack/react-router/dist/esm/ScriptOnce.d.ts(1,184): error TS1127: Invalid character.
node_modules/@tanstack/react-router/dist/esm/ScriptOnce.d.ts(1,185): error TS1127: Invalid character.
node_modules/@tanstack/react-router/dist/esm/ScriptOnce.d.ts(1,186): error TS1127: Invalid character.
node_modules/@tanstack/react-router/dist/esm/ScriptOnce.d.ts(1,187): error TS1127: Invalid character.
node_modules/@tanstack/react-router/dist/esm/ScriptOnce.d.ts(1,188): error TS1127: Invalid character.
node_modules/@tanstack/react-router/dist/esm/ScriptOnce.d.ts(1,189): error TS1127: Invalid character.
node_modules/@tanstack/react-router/dist/esm/ScriptOnce.d.ts(1,190): error TS1127: Invalid character.
node_modules/@tanstack/react-router/dist/esm/ScriptOnce.d.ts(1,191): error TS1127: Invalid character.
node_modules/@tanstack/react-router/dist/esm/ScriptOnce.d.ts(1,192): error TS1127: Invalid character.
node_modules/@tanstack/react-router/dist/esm/ScriptOnce.d.ts(1,193): error TS1127: Invalid character.
node_modules/@tanstack/react-router/dist/esm/ScriptOnce.d.ts(1,194): error TS1127: Invalid character.
node_modules/@tanstack/react-router/dist/esm/ScriptOnce.d.ts(1,195): error TS1127: Invalid character.
node_modules/@tanstack/react-router/dist/esm/ScriptOnce.d.ts(1,196): error TS1127: Invalid character.
node_modules/@tanstack/react-router/dist/esm/ScriptOnce.d.ts(1,197): error TS1127: Invalid character.
node_modules/@tanstack/react-router/dist/esm/ScriptOnce.d.ts(1,198): error TS1127: Invalid character.
node_modules/@tanstack/react-router/dist/esm/ScriptOnce.d.ts(1,199): error TS1127: Invalid character.
node_modules/@tanstack/react-router/dist/esm/ScriptOnce.d.ts(1,200): error TS1127: Invalid character.
node_modules/@tanstack/react-router/dist/esm/ScriptOnce.d.ts(1,201): error TS1127: Invalid character.
node_modules/@tanstack/react-router/dist/esm/Scripts.d.ts(1,1): error TS1127: Invalid character.
node_modules/@tanstack/react-router/dist/esm/Scripts.d.ts(1,2): error TS1127: Invalid character.
node_modules/@tanstack/react-router/dist/esm/Scripts.d.ts(1,3): error TS1127: Invalid character.
node_modules/@tanstack/react-router/dist/esm/Scripts.d.ts(1,4): error TS1127: Invalid character.
node_modules/@tanstack/react-router/dist/esm/Scripts.d.ts(1,5): error TS1127: Invalid character.
node_modules/@tanstack/react-router/dist/esm/Scripts.d.ts(1,6): error TS1127: Invalid character.
node_modules/@tanstack/react-router/dist/esm/Scripts.d.ts(1,7): error TS1127: Invalid character.
node_modules/@tanstack/react-router/dist/esm/Scripts.d.ts(1,8): error TS1127: Invalid character.
node_modules/@tanstack/react-router/dist/esm/Scripts.d.ts(1,9): error TS1127: Invalid character.
node_modules/@tanstack/react-router/dist/esm/Scripts.d.ts(1,10): error TS1127: Invalid character.
node_modules/@tanstack/react-router/dist/esm/Scripts.d.ts(1,11): error TS1127: Invalid character.
node_modules/@tanstack/react-router/dist/esm/Scripts.d.ts(1,12): error TS1127: Invalid character.
node_modules/@tanstack/react-router/dist/esm/Scripts.d.ts(1,13): error TS1127: Invalid character.
node_modules/@tanstack/react-router/dist/esm/Scripts.d.ts(1,14): error TS1127: Invalid character.
node_modules/@tanstack/react-router/dist/esm/Scripts.d.ts(1,15): error TS1127: Invalid character.
node_modules/@tanstack/react-router/dist/esm/Scripts.d.ts(1,16): error TS1127: Invalid character.
node_modules/@tanstack/react-router/dist/esm/Scripts.d.ts(1,17): error TS1127: Invalid character.
node_modules/@tanstack/react-router/dist/esm/Scripts.d.ts(1,18): error TS1127: Invalid character.
node_modules/@tanstack/react-router/dist/esm/Scripts.d.ts(1,19): error TS1127: Invalid character.
node_modules/@tanstack/react-router/dist/esm/Scripts.d.ts(1,20): error TS1127: Invalid character.
node_modules/@tanstack/react-router/dist/esm/Scripts.d.ts(1,21): error TS1127: Invalid character.
node_modules/@tanstack/react-router/dist/esm/Scripts.d.ts(1,22): error TS1127: Invalid character.
node_modules/@tanstack/react-router/dist/esm/Scripts.d.ts(1,23): error TS1127: Invalid character.
node_modules/@tanstack/react-router/dist/esm/Scripts.d.ts(1,24): error TS1127: Invalid character.
node_modules/@tanstack/react-router/dist/esm/Scripts.d.ts(1,25): error TS1127: Invalid character.
node_modules/@tanstack/react-router/dist/esm/Scripts.d.ts(1,26): error TS1127: Invalid character.
node_modules/@tanstack/react-router/dist/esm/Scripts.d.ts(1,27): error TS1127: Invalid character.
node_modules/@tanstack/react-router/dist/esm/Scripts.d.ts(1,28): error TS1127: Invalid character.
node_modules/@tanstack/react-router/dist/esm/Scripts.d.ts(1,29): error TS1127: Invalid character.
node_modules/@tanstack/react-router/dist/esm/Scripts.d.ts(1,30): error TS1127: Invalid character.
node_modules/@tanstack/react-router/dist/esm/Scripts.d.ts(1,31): error TS1127: Invalid character.
node_modules/@tanstack/react-router/dist/esm/Scripts.d.ts(1,32): error TS1127: Invalid character.
node_modules/@tanstack/react-router/dist/esm/Scripts.d.ts(1,33): error TS1127: Invalid character.
node_modules/@tanstack/react-router/dist/esm/Scripts.d.ts(1,34): error TS1127: Invalid character.
node_modules/@tanstack/react-router/dist/esm/Scripts.d.ts(1,35): error TS1127: Invalid character.
node_modules/@tanstack/react-router/dist/esm/Scripts.d.ts(1,36): error TS1127: Invalid character.
node_modules/@tanstack/react-router/dist/esm/Scripts.d.ts(1,37): error TS1127: Invalid character.
node_modules/@tanstack/react-router/dist/esm/Scripts.d.ts(1,38): error TS1127: Invalid character.
node_modules/@tanstack/react-router/dist/esm/Scripts.d.ts(1,39): error TS1127: Invalid character.
node_modules/@tanstack/react-router/dist/esm/Scripts.d.ts(1,40): error TS1127: Invalid character.
node_modules/@tanstack/react-router/dist/esm/Scripts.d.ts(1,41): error TS1127: Invalid character.
node_modules/@tanstack/react-router/dist/esm/Scripts.d.ts(1,42): error TS1127: Invalid character.
node_modules/@tanstack/react-router/dist/esm/Scripts.d.ts(1,43): error TS1127: Invalid character.
node_modules/@tanstack/react-router/dist/esm/Scripts.d.ts(1,44): error TS1127: Invalid character.
node_modules/@tanstack/react-router/dist/esm/Scripts.d.ts(1,45): error TS1127: Invalid character.
node_modules/@tanstack/react-router/dist/esm/Scripts.d.ts(1,46): error TS1127: Invalid character.
node_modules/@tanstack/react-router/dist/esm/Scripts.d.ts(1,47): error TS1127: Invalid character.
node_modules/@tanstack/react-router/dist/esm/Scripts.d.ts(1,48): error TS1127: Invalid character.
node_modules/@tanstack/react-router/dist/esm/Scripts.d.ts(1,49): error TS1127: Invalid character.
node_modules/@tanstack/react-router/dist/esm/Scripts.d.ts(1,50): error TS1127: Invalid character.
node_modules/@tanstack/react-router/dist/esm/Scripts.d.ts(1,51): error TS1127: Invalid character.
node_modules/@tanstack/react-router/dist/esm/Scripts.d.ts(1,52): error TS1127: Invalid character.
node_modules/@tanstack/react-router/dist/esm/Scripts.d.ts(1,53): error TS1127: Invalid character.
node_modules/@tanstack/react-router/dist/esm/Scripts.d.ts(1,54): error TS1127: Invalid character.
node_modules/@tanstack/react-router/dist/esm/Scripts.d.ts(1,55): error TS1127: Invalid character.
node_modules/@tanstack/react-router/dist/esm/Scripts.d.ts(1,56): error TS1127: Invalid character.
node_modules/@tanstack/react-router/dist/esm/Scripts.d.ts(1,57): error TS1127: Invalid character.
node_modules/@tanstack/react-router/dist/esm/Scripts.d.ts(1,58): error TS1127: Invalid character.
node_modules/@tanstack/react-router/dist/esm/Scripts.d.ts(1,59): error TS1127: Invalid character.
node_modules/@tanstack/react-router/dist/esm/Scripts.d.ts(1,60): error TS1127: Invalid character.
node_modules/@tanstack/react-router/dist/esm/Scripts.d.ts(1,61): error TS1127: Invalid character.
node_modules/@tanstack/react-router/dist/esm/Scripts.d.ts(1,62): error TS1127: Invalid character.
node_modules/@tanstack/react-router/dist/esm/Scripts.d.ts(1,63): error TS1127: Invalid character.
node_modules/@tanstack/react-router/dist/esm/Scripts.d.ts(1,64): error TS1127: Invalid character.
node_modules/@tanstack/react-router/dist/esm/Scripts.d.ts(1,65): error TS1127: Invalid character.
node_modules/@tanstack/react-router/dist/esm/Scripts.d.ts(1,66): error TS1127: Invalid character.
node_modules/@tanstack/react-router/dist/esm/Scripts.d.ts(1,67): error TS1127: Invalid character.
node_modules/@tanstack/react-router/dist/esm/Scripts.d.ts(1,68): error TS1127: Invalid character.
node_modules/@tanstack/react-router/dist/esm/Scripts.d.ts(1,69): error TS1127: Invalid character.
node_modules/@tanstack/react-router/dist/esm/Scripts.d.ts(1,70): error TS1127: Invalid character.
node_modules/@tanstack/react-router/dist/esm/Scripts.d.ts(1,71): error TS1127: Invalid character.
node_modules/@tanstack/react-router/dist/esm/Scripts.d.ts(1,72): error TS1127: Invalid character.
node_modules/@tanstack/react-router/dist/esm/Scripts.d.ts(1,73): error TS1127: Invalid character.
node_modules/@tanstack/react-router/dist/esm/Scripts.d.ts(1,74): error TS1127: Invalid character.
node_modules/@tanstack/react-router/dist/esm/Scripts.d.ts(1,75): error TS1127: Invalid character.
node_modules/@tanstack/react-router/dist/esm/Scripts.d.ts(1,76): error TS1127: Invalid character.
node_modules/@tanstack/react-router/dist/esm/Scripts.d.ts(1,77): error TS1127: Invalid character.
node_modules/@tanstack/react-router/dist/esm/Scripts.d.ts(1,78): error TS1127: Invalid character.
node_modules/@tanstack/react-router/dist/esm/Scripts.d.ts(1,79): error TS1127: Invalid character.
node_modules/@tanstack/react-router/dist/esm/Scripts.d.ts(1,80): error TS1127: Invalid character.
node_modules/@tanstack/react-router/dist/esm/Scripts.d.ts(1,81): error TS1127: Invalid character.
node_modules/@tanstack/react-router/dist/esm/Scripts.d.ts(1,82): error TS1127: Invalid character.
node_modules/@tanstack/react-router/dist/esm/Scripts.d.ts(1,83): error TS1127: Invalid character.
node_modules/@tanstack/react-router/dist/esm/Scripts.d.ts(1,84): error TS1127: Invalid character.
node_modules/@tanstack/react-router/dist/esm/Scripts.d.ts(1,85): error TS1127: Invalid character.
node_modules/@tanstack/react-router/dist/esm/Scripts.d.ts(1,86): error TS1127: Invalid character.
node_modules/@tanstack/react-router/dist/esm/Scripts.d.ts(1,87): error TS1127: Invalid character.
node_modules/@tanstack/react-router/dist/esm/Scripts.d.ts(1,88): error TS1127: Invalid character.
node_modules/@tanstack/react-router/dist/esm/Scripts.d.ts(1,89): error TS1127: Invalid character.
node_modules/@tanstack/react-router/dist/esm/Scripts.d.ts(1,90): error TS1127: Invalid character.
node_modules/@tanstack/react-router/dist/esm/Scripts.d.ts(1,91): error TS1127: Invalid character.
node_modules/@tanstack/react-router/dist/esm/Scripts.d.ts(1,92): error TS1127: Invalid character.
node_modules/@tanstack/react-router/dist/esm/Scripts.d.ts(1,93): error TS1127: Invalid character.
node_modules/@tanstack/react-router/dist/esm/Scripts.d.ts(1,94): error TS1127: Invalid character.
node_modules/@tanstack/react-router/dist/esm/Scripts.d.ts(1,95): error TS1127: Invalid character.
node_modules/@tanstack/react-router/dist/esm/Scripts.d.ts(1,96): error TS1127: Invalid character.
node_modules/@tanstack/react-router/dist/esm/Scripts.d.ts(1,97): error TS1127: Invalid character.
node_modules/@tanstack/react-router/dist/esm/Scripts.d.ts(1,98): error TS1127: Invalid character.
node_modules/@tanstack/react-router/dist/esm/Scripts.d.ts(1,99): error TS1127: Invalid character.
node_modules/@tanstack/react-router/dist/esm/Scripts.d.ts(1,100): error TS1127: Invalid character.
node_modules/@tanstack/react-router/dist/esm/Scripts.d.ts(1,101): error TS1127: Invalid character.
node_modules/@tanstack/react-router/dist/esm/Scripts.d.ts(1,102): error TS1127: Invalid character.
node_modules/@tanstack/react-router/dist/esm/Scripts.d.ts(1,103): error TS1127: Invalid character.
node_modules/@tanstack/react-router/dist/esm/Scripts.d.ts(1,104): error TS1127: Invalid character.
node_modules/@tanstack/react-router/dist/esm/Scripts.d.ts(1,105): error TS1127: Invalid character.
node_modules/@tanstack/react-router/dist/esm/Scripts.d.ts(1,106): error TS1127: Invalid character.
node_modules/@tanstack/react-router/dist/esm/Scripts.d.ts(1,107): error TS1127: Invalid character.
node_modules/@tanstack/react-router/dist/esm/Scripts.d.ts(1,108): error TS1127: Invalid character.
node_modules/@tanstack/react-router/dist/esm/Scripts.d.ts(1,109): error TS1127: Invalid character.
node_modules/@tanstack/react-router/dist/esm/Scripts.d.ts(1,110): error TS1127: Invalid character.
node_modules/@tanstack/react-router/dist/esm/Scripts.d.ts(1,111): error TS1127: Invalid character.
node_modules/@tanstack/react-router/dist/esm/Scripts.d.ts(1,112): error TS1127: Invalid character.
node_modules/@tanstack/react-router/dist/esm/Scripts.d.ts(1,113): error TS1127: Invalid character.
node_modules/@tanstack/react-router/dist/esm/Scripts.d.ts(1,114): error TS1127: Invalid character.
node_modules/@tanstack/react-router/dist/esm/Scripts.d.ts(1,115): error TS1127: Invalid character.
node_modules/@tanstack/react-router/dist/esm/Scripts.d.ts(1,116): error TS1127: Invalid character.
node_modules/@tanstack/react-router/dist/esm/Scripts.d.ts(1,117): error TS1127: Invalid character.
node_modules/@tanstack/react-router/dist/esm/Scripts.d.ts(1,118): error TS1127: Invalid character.
node_modules/@tanstack/react-router/dist/esm/Scripts.d.ts(1,119): error TS1127: Invalid character.
node_modules/@tanstack/react-router/dist/esm/Scripts.d.ts(1,120): error TS1127: Invalid character.
node_modules/@tanstack/react-router/dist/esm/Scripts.d.ts(1,121): error TS1127: Invalid character.
node_modules/@tanstack/react-router/dist/esm/Scripts.d.ts(1,122): error TS1127: Invalid character.
node_modules/@tanstack/react-router/dist/esm/Scripts.d.ts(1,123): error TS1127: Invalid character.
node_modules/@tanstack/react-router/dist/esm/Scripts.d.ts(1,124): error TS1127: Invalid character.
node_modules/@tanstack/react-router/dist/esm/Scripts.d.ts(1,125): error TS1127: Invalid character.
node_modules/@tanstack/react-router/dist/esm/Scripts.d.ts(1,126): error TS1127: Invalid character.
node_modules/@tanstack/react-router/dist/esm/Scripts.d.ts(1,127): error TS1127: Invalid character.
node_modules/@tanstack/react-router/dist/esm/Scripts.d.ts(1,128): error TS1127: Invalid character.
node_modules/@tanstack/react-router/dist/esm/Scripts.d.ts(1,129): error TS1127: Invalid character.
node_modules/@tanstack/react-router/dist/esm/Scripts.d.ts(1,130): error TS1127: Invalid character.
node_modules/@tanstack/react-router/dist/esm/Scripts.d.ts(1,131): error TS1127: Invalid character.
node_modules/@tanstack/react-router/dist/esm/Scripts.d.ts(1,132): error TS1127: Invalid character.
node_modules/@tanstack/react-router/dist/esm/Scripts.d.ts(1,133): error TS1127: Invalid character.
node_modules/@tanstack/react-router/dist/esm/Scripts.d.ts(1,134): error TS1127: Invalid character.
node_modules/@tanstack/react-router/dist/esm/Scripts.d.ts(1,135): error TS1127: Invalid character.
node_modules/@tanstack/react-router/dist/esm/Scripts.d.ts(1,136): error TS1127: Invalid character.
node_modules/@tanstack/react-router/dist/esm/Scripts.d.ts(1,137): error TS1127: Invalid character.
node_modules/@tanstack/react-router/dist/esm/Scripts.d.ts(1,138): error TS1127: Invalid character.
node_modules/@tanstack/react-router/dist/esm/Scripts.d.ts(1,139): error TS1127: Invalid character.
node_modules/@tanstack/react-router/dist/esm/Scripts.d.ts(1,140): error TS1127: Invalid character.
node_modules/@tanstack/react-router/dist/esm/Scripts.d.ts(1,141): error TS1127: Invalid character.
node_modules/@tanstack/react-router/dist/esm/Scripts.d.ts(1,142): error TS1127: Invalid character.
node_modules/@tanstack/react-router/dist/esm/Scripts.d.ts(1,143): error TS1127: Invalid character.
node_modules/@tanstack/react-router/dist/esm/Scripts.d.ts(1,144): error TS1127: Invalid character.
node_modules/@tanstack/react-router/dist/esm/Scripts.d.ts(1,145): error TS1127: Invalid character.
node_modules/@tanstack/react-router/dist/esm/Scripts.d.ts(1,146): error TS1127: Invalid character.
node_modules/@tanstack/react-router/dist/esm/Scripts.d.ts(1,147): error TS1127: Invalid character.
node_modules/@tanstack/react-router/dist/esm/Scripts.d.ts(1,148): error TS1127: Invalid character.
node_modules/@tanstack/react-router/dist/esm/Scripts.d.ts(1,149): error TS1127: Invalid character.
node_modules/@tanstack/react-router/dist/esm/Scripts.d.ts(1,150): error TS1127: Invalid character.
node_modules/@tanstack/react-router/dist/esm/Scripts.d.ts(1,151): error TS1127: Invalid character.
node_modules/@tanstack/react-router/dist/esm/Scripts.d.ts(1,152): error TS1127: Invalid character.
node_modules/@tanstack/react-router/dist/esm/Scripts.d.ts(1,153): error TS1127: Invalid character.
node_modules/@tanstack/react-router/dist/esm/Scripts.d.ts(1,154): error TS1127: Invalid character.
node_modules/@tanstack/react-router/dist/esm/Scripts.d.ts(1,155): error TS1127: Invalid character.
node_modules/@tanstack/react-router/dist/esm/Scripts.d.ts(1,156): error TS1127: Invalid character.
node_modules/@tanstack/react-router/dist/esm/Scripts.d.ts(1,157): error TS1127: Invalid character.
node_modules/@tanstack/react-router/dist/esm/Scripts.d.ts(1,158): error TS1127: Invalid character.
node_modules/@tanstack/react-router/dist/esm/Scripts.d.ts(1,159): error TS1127: Invalid character.
node_modules/@tanstack/react-router/dist/esm/Scripts.d.ts(1,160): error TS1127: Invalid character.
node_modules/@tanstack/react-router/dist/esm/Scripts.d.ts(1,161): error TS1127: Invalid character.
node_modules/@tanstack/react-router/dist/esm/Scripts.d.ts(1,162): error TS1127: Invalid character.
node_modules/@tanstack/react-router/dist/esm/Scripts.d.ts(1,163): error TS1127: Invalid character.
node_modules/@tanstack/react-router/dist/esm/Scripts.d.ts(1,164): error TS1127: Invalid character.
node_modules/@tanstack/react-router/dist/esm/Scripts.d.ts(1,165): error TS1127: Invalid character.
node_modules/@tanstack/react-router/dist/esm/Scripts.d.ts(1,166): error TS1127: Invalid character.
node_modules/@tanstack/react-router/dist/esm/Scripts.d.ts(1,167): error TS1127: Invalid character.
node_modules/@tanstack/react-router/dist/esm/Scripts.d.ts(1,168): error TS1127: Invalid character.
node_modules/@tanstack/react-router/dist/esm/Scripts.d.ts(1,169): error TS1127: Invalid character.
node_modules/@tanstack/react-router/dist/esm/Scripts.d.ts(1,170): error TS1127: Invalid character.
node_modules/@tanstack/react-router/dist/esm/Scripts.d.ts(1,171): error TS1127: Invalid character.
node_modules/@tanstack/react-router/dist/esm/Scripts.d.ts(1,172): error TS1127: Invalid character.
node_modules/@tanstack/react-router/dist/esm/Scripts.d.ts(1,173): error TS1127: Invalid character.
node_modules/@tanstack/react-router/dist/esm/Scripts.d.ts(1,174): error TS1127: Invalid character.
node_modules/@tanstack/react-router/dist/esm/Scripts.d.ts(1,175): error TS1127: Invalid character.
node_modules/@tanstack/react-router/dist/esm/Scripts.d.ts(1,176): error TS1127: Invalid character.
node_modules/@tanstack/react-router/dist/esm/Scripts.d.ts(1,177): error TS1127: Invalid character.
node_modules/@tanstack/react-router/dist/esm/Scripts.d.ts(1,178): error TS1127: Invalid character.
node_modules/@tanstack/react-router/dist/esm/Scripts.d.ts(1,179): error TS1127: Invalid character.
node_modules/@tanstack/react-router/dist/esm/Scripts.d.ts(1,180): error TS1127: Invalid character.
node_modules/@tanstack/react-router/dist/esm/Scripts.d.ts(1,181): error TS1127: Invalid character.
node_modules/@tanstack/react-router/dist/esm/Scripts.d.ts(1,182): error TS1127: Invalid character.
node_modules/@tanstack/react-router/dist/esm/Scripts.d.ts(1,183): error TS1127: Invalid character.
node_modules/@tanstack/react-router/dist/esm/Scripts.d.ts(1,184): error TS1127: Invalid character.
node_modules/@tanstack/react-router/dist/esm/Scripts.d.ts(1,185): error TS1127: Invalid character.
node_modules/@tanstack/react-router/dist/esm/Scripts.d.ts(1,186): error TS1127: Invalid character.
node_modules/@tanstack/react-router/dist/esm/Scripts.d.ts(1,187): error TS1127: Invalid character.
node_modules/@tanstack/react-router/dist/esm/Scripts.d.ts(1,188): error TS1127: Invalid character.
node_modules/@tanstack/react-router/dist/esm/Scripts.d.ts(1,189): error TS1127: Invalid character.
node_modules/@tanstack/react-router/dist/esm/Scripts.d.ts(1,190): error TS1127: Invalid character.
node_modules/@tanstack/react-router/dist/esm/Scripts.d.ts(1,191): error TS1127: Invalid character.
node_modules/@tanstack/react-router/dist/esm/Scripts.d.ts(1,192): error TS1127: Invalid character.
node_modules/@tanstack/react-router/dist/esm/Scripts.d.ts(1,193): error TS1127: Invalid character.
node_modules/@tanstack/react-router/dist/esm/Scripts.d.ts(1,194): error TS1127: Invalid character.
node_modules/@tanstack/react-router/dist/esm/Scripts.d.ts(1,195): error TS1127: Invalid character.
node_modules/@tanstack/react-router/dist/esm/Scripts.d.ts(1,196): error TS1127: Invalid character.
node_modules/@tanstack/react-router/dist/esm/Scripts.d.ts(1,197): error TS1127: Invalid character.
node_modules/@tanstack/react-router/dist/esm/Scripts.d.ts(1,198): error TS1127: Invalid character.
node_modules/@tanstack/react-router/dist/esm/Scripts.d.ts(1,199): error TS1127: Invalid character.
node_modules/@tanstack/react-router/dist/esm/Scripts.d.ts(1,200): error TS1127: Invalid character.
node_modules/@tanstack/react-router/dist/esm/Scripts.d.ts(1,201): error TS1127: Invalid character.
node_modules/@tanstack/react-router/dist/esm/Scripts.d.ts(1,202): error TS1127: Invalid character.
node_modules/@tanstack/react-router/dist/esm/Scripts.d.ts(1,203): error TS1127: Invalid character.
node_modules/@tanstack/react-router/dist/esm/Scripts.d.ts(1,204): error TS1127: Invalid character.
node_modules/@tanstack/react-router/dist/esm/Scripts.d.ts(1,205): error TS1127: Invalid character.
node_modules/@tanstack/react-router/dist/esm/Scripts.d.ts(1,206): error TS1127: Invalid character.
node_modules/@tanstack/react-router/dist/esm/Scripts.d.ts(1,207): error TS1127: Invalid character.
node_modules/@tanstack/react-router/dist/esm/Scripts.d.ts(1,208): error TS1127: Invalid character.
node_modules/@tanstack/react-router/dist/esm/Scripts.d.ts(1,209): error TS1127: Invalid character.
node_modules/@tanstack/react-router/dist/esm/Scripts.d.ts(1,210): error TS1127: Invalid character.
node_modules/@tanstack/react-router/dist/esm/Scripts.d.ts(1,211): error TS1127: Invalid character.
node_modules/@tanstack/react-router/dist/esm/Scripts.d.ts(1,212): error TS1127: Invalid character.
node_modules/@tanstack/react-router/dist/esm/Scripts.d.ts(1,213): error TS1127: Invalid character.
node_modules/@tanstack/react-router/dist/esm/Scripts.d.ts(1,214): error TS1127: Invalid character.
node_modules/@tanstack/react-router/dist/esm/Scripts.d.ts(1,215): error TS1127: Invalid character.
node_modules/@tanstack/react-router/dist/esm/ScrollRestoration.d.ts(1,1): error TS1127: Invalid character.
node_modules/@tanstack/react-router/dist/esm/ScrollRestoration.d.ts(1,2): error TS1127: Invalid character.
node_modules/@tanstack/react-router/dist/esm/ScrollRestoration.d.ts(1,3): error TS1127: Invalid character.
node_modules/@tanstack/react-router/dist/esm/ScrollRestoration.d.ts(1,4): error TS1127: Invalid character.
node_modules/@tanstack/react-router/dist/esm/ScrollRestoration.d.ts(1,5): error TS1127: Invalid character.
node_modules/@tanstack/react-router/dist/esm/ScrollRestoration.d.ts(1,6): error TS1127: Invalid character.
node_modules/@tanstack/react-router/dist/esm/ScrollRestoration.d.ts(1,7): error TS1127: Invalid character.
node_modules/@tanstack/react-router/dist/esm/ScrollRestoration.d.ts(1,8): error TS1127: Invalid character.
node_modules/@tanstack/react-router/dist/esm/ScrollRestoration.d.ts(1,9): error TS1127: Invalid character.
node_modules/@tanstack/react-router/dist/esm/ScrollRestoration.d.ts(1,10): error TS1127: Invalid character.
node_modules/@tanstack/react-router/dist/esm/ScrollRestoration.d.ts(1,11): error TS1127: Invalid character.
node_modules/@tanstack/react-router/dist/esm/ScrollRestoration.d.ts(1,12): error TS1127: Invalid character.
node_modules/@tanstack/react-router/dist/esm/ScrollRestoration.d.ts(1,13): error TS1127: Invalid character.
node_modules/@tanstack/react-router/dist/esm/ScrollRestoration.d.ts(1,14): error TS1127: Invalid character.
node_modules/@tanstack/react-router/dist/esm/ScrollRestoration.d.ts(1,15): error TS1127: Invalid character.
node_modules/@tanstack/react-router/dist/esm/ScrollRestoration.d.ts(1,16): error TS1127: Invalid character.
node_modules/@tanstack/react-router/dist/esm/ScrollRestoration.d.ts(1,17): error TS1127: Invalid character.
node_modules/@tanstack/react-router/dist/esm/ScrollRestoration.d.ts(1,18): error TS1127: Invalid character.
node_modules/@tanstack/react-router/dist/esm/ScrollRestoration.d.ts(1,19): error TS1127: Invalid character.
node_modules/@tanstack/react-router/dist/esm/ScrollRestoration.d.ts(1,20): error TS1127: Invalid character.
node_modules/@tanstack/react-router/dist/esm/ScrollRestoration.d.ts(1,21): error TS1127: Invalid character.
node_modules/@tanstack/react-router/dist/esm/ScrollRestoration.d.ts(1,22): error TS1127: Invalid character.
node_modules/@tanstack/react-router/dist/esm/ScrollRestoration.d.ts(1,23): error TS1127: Invalid character.
node_modules/@tanstack/react-router/dist/esm/ScrollRestoration.d.ts(1,24): error TS1127: Invalid character.
node_modules/@tanstack/react-router/dist/esm/ScrollRestoration.d.ts(1,25): error TS1127: Invalid character.
node_modules/@tanstack/react-router/dist/esm/ScrollRestoration.d.ts(1,26): error TS1127: Invalid character.
node_modules/@tanstack/react-router/dist/esm/ScrollRestoration.d.ts(1,27): error TS1127: Invalid character.
node_modules/@tanstack/react-router/dist/esm/ScrollRestoration.d.ts(1,28): error TS1127: Invalid character.
node_modules/@tanstack/react-router/dist/esm/ScrollRestoration.d.ts(1,29): error TS1127: Invalid character.
node_modules/@tanstack/react-router/dist/esm/ScrollRestoration.d.ts(1,30): error TS1127: Invalid character.
node_modules/@tanstack/react-router/dist/esm/ScrollRestoration.d.ts(1,31): error TS1127: Invalid character.
node_modules/@tanstack/react-router/dist/esm/ScrollRestoration.d.ts(1,32): error TS1127: Invalid character.
node_modules/@tanstack/react-router/dist/esm/ScrollRestoration.d.ts(1,33): error TS1127: Invalid character.
node_modules/@tanstack/react-router/dist/esm/ScrollRestoration.d.ts(1,34): error TS1127: Invalid character.
node_modules/@tanstack/react-router/dist/esm/ScrollRestoration.d.ts(1,35): error TS1127: Invalid character.
node_modules/@tanstack/react-router/dist/esm/ScrollRestoration.d.ts(1,36): error TS1127: Invalid character.
node_modules/@tanstack/react-router/dist/esm/ScrollRestoration.d.ts(1,37): error TS1127: Invalid character.
node_modules/@tanstack/react-router/dist/esm/ScrollRestoration.d.ts(1,38): error TS1127: Invalid character.
node_modules/@tanstack/react-router/dist/esm/ScrollRestoration.d.ts(1,39): error TS1127: Invalid character.
node_modules/@tanstack/react-router/dist/esm/ScrollRestoration.d.ts(1,40): error TS1127: Invalid character.
node_modules/@tanstack/react-router/dist/esm/ScrollRestoration.d.ts(1,41): error TS1127: Invalid character.
node_modules/@tanstack/react-router/dist/esm/ScrollRestoration.d.ts(1,42): error TS1127: Invalid character.
node_modules/@tanstack/react-router/dist/esm/ScrollRestoration.d.ts(1,43): error TS1127: Invalid character.
node_modules/@tanstack/react-router/dist/esm/ScrollRestoration.d.ts(1,44): error TS1127: Invalid character.
node_modules/@tanstack/react-router/dist/esm/ScrollRestoration.d.ts(1,45): error TS1127: Invalid character.
node_modules/@tanstack/react-router/dist/esm/ScrollRestoration.d.ts(1,46): error TS1127: Invalid character.
node_modules/@tanstack/react-router/dist/esm/ScrollRestoration.d.ts(1,47): error TS1127: Invalid character.
node_modules/@tanstack/react-router/dist/esm/ScrollRestoration.d.ts(1,48): error TS1127: Invalid character.
node_modules/@tanstack/react-router/dist/esm/ScrollRestoration.d.ts(1,49): error TS1127: Invalid character.
node_modules/@tanstack/react-router/dist/esm/ScrollRestoration.d.ts(1,50): error TS1127: Invalid character.
node_modules/@tanstack/react-router/dist/esm/ScrollRestoration.d.ts(1,51): error TS1127: Invalid character.
node_modules/@tanstack/react-router/dist/esm/ScrollRestoration.d.ts(1,52): error TS1127: Invalid character.
node_modules/@tanstack/react-router/dist/esm/ScrollRestoration.d.ts(1,53): error TS1127: Invalid character.
node_modules/@tanstack/react-router/dist/esm/ScrollRestoration.d.ts(1,54): error TS1127: Invalid character.
node_modules/@tanstack/react-router/dist/esm/ScrollRestoration.d.ts(1,55): error TS1127: Invalid character.
node_modules/@tanstack/react-router/dist/esm/ScrollRestoration.d.ts(1,56): error TS1127: Invalid character.
node_modules/@tanstack/react-router/dist/esm/ScrollRestoration.d.ts(1,57): error TS1127: Invalid character.
node_modules/@tanstack/react-router/dist/esm/ScrollRestoration.d.ts(1,58): error TS1127: Invalid character.
node_modules/@tanstack/react-router/dist/esm/ScrollRestoration.d.ts(1,59): error TS1127: Invalid character.
node_modules/@tanstack/react-router/dist/esm/ScrollRestoration.d.ts(1,60): error TS1127: Invalid character.
node_modules/@tanstack/react-router/dist/esm/ScrollRestoration.d.ts(1,61): error TS1127: Invalid character.
node_modules/@tanstack/react-router/dist/esm/ScrollRestoration.d.ts(1,62): error TS1127: Invalid character.
node_modules/@tanstack/react-router/dist/esm/ScrollRestoration.d.ts(1,63): error TS1127: Invalid character.
node_modules/@tanstack/react-router/dist/esm/ScrollRestoration.d.ts(1,64): error TS1127: Invalid character.
node_modules/@tanstack/react-router/dist/esm/ScrollRestoration.d.ts(1,65): error TS1127: Invalid character.
node_modules/@tanstack/react-router/dist/esm/ScrollRestoration.d.ts(1,66): error TS1127: Invalid character.
node_modules/@tanstack/react-router/dist/esm/ScrollRestoration.d.ts(1,67): error TS1127: Invalid character.
node_modules/@tanstack/react-router/dist/esm/ScrollRestoration.d.ts(1,68): error TS1127: Invalid character.
node_modules/@tanstack/react-router/dist/esm/ScrollRestoration.d.ts(1,69): error TS1127: Invalid character.
node_modules/@tanstack/react-router/dist/esm/ScrollRestoration.d.ts(1,70): error TS1127: Invalid character.
node_modules/@tanstack/react-router/dist/esm/ScrollRestoration.d.ts(1,71): error TS1127: Invalid character.
node_modules/@tanstack/react-router/dist/esm/ScrollRestoration.d.ts(1,72): error TS1127: Invalid character.
node_modules/@tanstack/react-router/dist/esm/ScrollRestoration.d.ts(1,73): error TS1127: Invalid character.
node_modules/@tanstack/react-router/dist/esm/ScrollRestoration.d.ts(1,74): error TS1127: Invalid character.
node_modules/@tanstack/react-router/dist/esm/ScrollRestoration.d.ts(1,75): error TS1127: Invalid character.
node_modules/@tanstack/react-router/dist/esm/ScrollRestoration.d.ts(1,76): error TS1127: Invalid character.
node_modules/@tanstack/react-router/dist/esm/ScrollRestoration.d.ts(1,77): error TS1127: Invalid character.
node_modules/@tanstack/react-router/dist/esm/ScrollRestoration.d.ts(1,78): error TS1127: Invalid character.
node_modules/@tanstack/react-router/dist/esm/ScrollRestoration.d.ts(1,79): error TS1127: Invalid character.
node_modules/@tanstack/react-router/dist/esm/ScrollRestoration.d.ts(1,80): error TS1127: Invalid character.
node_modules/@tanstack/react-router/dist/esm/ScrollRestoration.d.ts(1,81): error TS1127: Invalid character.
node_modules/@tanstack/react-router/dist/esm/ScrollRestoration.d.ts(1,82): error TS1127: Invalid character.
node_modules/@tanstack/react-router/dist/esm/ScrollRestoration.d.ts(1,83): error TS1127: Invalid character.
node_modules/@tanstack/react-router/dist/esm/ScrollRestoration.d.ts(1,84): error TS1127: Invalid character.
node_modules/@tanstack/react-router/dist/esm/ScrollRestoration.d.ts(1,85): error TS1127: Invalid character.
node_modules/@tanstack/react-router/dist/esm/ScrollRestoration.d.ts(1,86): error TS1127: Invalid character.
node_modules/@tanstack/react-router/dist/esm/ScrollRestoration.d.ts(1,87): error TS1127: Invalid character.
node_modules/@tanstack/react-router/dist/esm/ScrollRestoration.d.ts(1,88): error TS1127: Invalid character.
node_modules/@tanstack/react-router/dist/esm/ScrollRestoration.d.ts(1,89): error TS1127: Invalid character.
node_modules/@tanstack/react-router/dist/esm/ScrollRestoration.d.ts(1,90): error TS1127: Invalid character.
node_modules/@tanstack/react-router/dist/esm/ScrollRestoration.d.ts(1,91): error TS1127: Invalid character.
node_modules/@tanstack/react-router/dist/esm/ScrollRestoration.d.ts(1,92): error TS1127: Invalid character.
node_modules/@tanstack/react-router/dist/esm/ScrollRestoration.d.ts(1,93): error TS1127: Invalid character.
node_modules/@tanstack/react-router/dist/esm/ScrollRestoration.d.ts(1,94): error TS1127: Invalid character.
node_modules/@tanstack/react-router/dist/esm/ScrollRestoration.d.ts(1,95): error TS1127: Invalid character.
node_modules/@tanstack/react-router/dist/esm/ScrollRestoration.d.ts(1,96): error TS1127: Invalid character.
node_modules/@tanstack/react-router/dist/esm/ScrollRestoration.d.ts(1,97): error TS1127: Invalid character.
node_modules/@tanstack/react-router/dist/esm/ScrollRestoration.d.ts(1,98): error TS1127: Invalid character.
node_modules/@tanstack/react-router/dist/esm/ScrollRestoration.d.ts(1,99): error TS1127: Invalid character.
node_modules/@tanstack/react-router/dist/esm/ScrollRestoration.d.ts(1,100): error TS1127: Invalid character.
node_modules/@tanstack/react-router/dist/esm/ScrollRestoration.d.ts(1,101): error TS1127: Invalid character.
node_modules/@tanstack/react-router/dist/esm/ScrollRestoration.d.ts(1,102): error TS1127: Invalid character.
node_modules/@tanstack/react-router/dist/esm/ScrollRestoration.d.ts(1,103): error TS1127: Invalid character.
node_modules/@tanstack/react-router/dist/esm/ScrollRestoration.d.ts(1,104): error TS1127: Invalid character.
node_modules/@tanstack/react-router/dist/esm/ScrollRestoration.d.ts(1,105): error TS1127: Invalid character.
node_modules/@tanstack/react-router/dist/esm/ScrollRestoration.d.ts(1,106): error TS1127: Invalid character.
node_modules/@tanstack/react-router/dist/esm/ScrollRestoration.d.ts(1,107): error TS1127: Invalid character.
node_modules/@tanstack/react-router/dist/esm/ScrollRestoration.d.ts(1,108): error TS1127: Invalid character.
node_modules/@tanstack/react-router/dist/esm/ScrollRestoration.d.ts(1,109): error TS1127: Invalid character.
node_modules/@tanstack/react-router/dist/esm/ScrollRestoration.d.ts(1,110): error TS1127: Invalid character.
node_modules/@tanstack/react-router/dist/esm/ScrollRestoration.d.ts(1,111): error TS1127: Invalid character.
node_modules/@tanstack/react-router/dist/esm/ScrollRestoration.d.ts(1,112): error TS1127: Invalid character.
node_modules/@tanstack/react-router/dist/esm/ScrollRestoration.d.ts(1,113): error TS1127: Invalid character.
node_modules/@tanstack/react-router/dist/esm/ScrollRestoration.d.ts(1,114): error TS1127: Invalid character.
node_modules/@tanstack/react-router/dist/esm/ScrollRestoration.d.ts(1,115): error TS1127: Invalid character.
node_modules/@tanstack/react-router/dist/esm/ScrollRestoration.d.ts(1,116): error TS1127: Invalid character.
node_modules/@tanstack/react-router/dist/esm/ScrollRestoration.d.ts(1,117): error TS1127: Invalid character.
node_modules/@tanstack/react-router/dist/esm/ScrollRestoration.d.ts(1,118): error TS1127: Invalid character.
node_modules/@tanstack/react-router/dist/esm/ScrollRestoration.d.ts(1,119): error TS1127: Invalid character.
node_modules/@tanstack/react-router/dist/esm/ScrollRestoration.d.ts(1,120): error TS1127: Invalid character.
node_modules/@tanstack/react-router/dist/esm/ScrollRestoration.d.ts(1,121): error TS1127: Invalid character.
node_modules/@tanstack/react-router/dist/esm/ScrollRestoration.d.ts(1,122): error TS1127: Invalid character.
node_modules/@tanstack/react-router/dist/esm/ScrollRestoration.d.ts(1,123): error TS1127: Invalid character.
node_modules/@tanstack/react-router/dist/esm/ScrollRestoration.d.ts(1,124): error TS1127: Invalid character.
node_modules/@tanstack/react-router/dist/esm/ScrollRestoration.d.ts(1,125): error TS1127: Invalid character.
node_modules/@tanstack/react-router/dist/esm/ScrollRestoration.d.ts(1,126): error TS1127: Invalid character.
node_modules/@tanstack/react-router/dist/esm/ScrollRestoration.d.ts(1,127): error TS1127: Invalid character.
node_modules/@tanstack/react-router/dist/esm/ScrollRestoration.d.ts(1,128): error TS1127: Invalid character.
node_modules/@tanstack/react-router/dist/esm/ScrollRestoration.d.ts(1,129): error TS1127: Invalid character.
node_modules/@tanstack/react-router/dist/esm/ScrollRestoration.d.ts(1,130): error TS1127: Invalid character.
node_modules/@tanstack/react-router/dist/esm/ScrollRestoration.d.ts(1,131): error TS1127: Invalid character.
node_modules/@tanstack/react-router/dist/esm/ScrollRestoration.d.ts(1,132): error TS1127: Invalid character.
node_modules/@tanstack/react-router/dist/esm/ScrollRestoration.d.ts(1,133): error TS1127: Invalid character.
node_modules/@tanstack/react-router/dist/esm/ScrollRestoration.d.ts(1,134): error TS1127: Invalid character.
node_modules/@tanstack/react-router/dist/esm/ScrollRestoration.d.ts(1,135): error TS1127: Invalid character.
node_modules/@tanstack/react-router/dist/esm/ScrollRestoration.d.ts(1,136): error TS1127: Invalid character.
node_modules/@tanstack/react-router/dist/esm/ScrollRestoration.d.ts(1,137): error TS1127: Invalid character.
node_modules/@tanstack/react-router/dist/esm/ScrollRestoration.d.ts(1,138): error TS1127: Invalid character.
node_modules/@tanstack/react-router/dist/esm/ScrollRestoration.d.ts(1,139): error TS1127: Invalid character.
node_modules/@tanstack/react-router/dist/esm/ScrollRestoration.d.ts(1,140): error TS1127: Invalid character.
node_modules/@tanstack/react-router/dist/esm/ScrollRestoration.d.ts(1,141): error TS1127: Invalid character.
node_modules/@tanstack/react-router/dist/esm/ScrollRestoration.d.ts(1,142): error TS1127: Invalid character.
node_modules/@tanstack/react-router/dist/esm/ScrollRestoration.d.ts(1,143): error TS1127: Invalid character.
node_modules/@tanstack/react-router/dist/esm/ScrollRestoration.d.ts(1,144): error TS1127: Invalid character.
node_modules/@tanstack/react-router/dist/esm/ScrollRestoration.d.ts(1,145): error TS1127: Invalid character.
node_modules/@tanstack/react-router/dist/esm/ScrollRestoration.d.ts(1,146): error TS1127: Invalid character.
node_modules/@tanstack/react-router/dist/esm/ScrollRestoration.d.ts(1,147): error TS1127: Invalid character.
node_modules/@tanstack/react-router/dist/esm/ScrollRestoration.d.ts(1,148): error TS1127: Invalid character.
node_modules/@tanstack/react-router/dist/esm/ScrollRestoration.d.ts(1,149): error TS1127: Invalid character.
node_modules/@tanstack/react-router/dist/esm/ScrollRestoration.d.ts(1,150): error TS1127: Invalid character.
node_modules/@tanstack/react-router/dist/esm/ScrollRestoration.d.ts(1,151): error TS1127: Invalid character.
node_modules/@tanstack/react-router/dist/esm/ScrollRestoration.d.ts(1,152): error TS1127: Invalid character.
node_modules/@tanstack/react-router/dist/esm/ScrollRestoration.d.ts(1,153): error TS1127: Invalid character.
node_modules/@tanstack/react-router/dist/esm/ScrollRestoration.d.ts(1,154): error TS1127: Invalid character.
node_modules/@tanstack/react-router/dist/esm/ScrollRestoration.d.ts(1,155): error TS1127: Invalid character.
node_modules/@tanstack/react-router/dist/esm/ScrollRestoration.d.ts(1,156): error TS1127: Invalid character.
node_modules/@tanstack/react-router/dist/esm/ScrollRestoration.d.ts(1,157): error TS1127: Invalid character.
node_modules/@tanstack/react-router/dist/esm/ScrollRestoration.d.ts(1,158): error TS1127: Invalid character.
node_modules/@tanstack/react-router/dist/esm/ScrollRestoration.d.ts(1,159): error TS1127: Invalid character.
node_modules/@tanstack/react-router/dist/esm/ScrollRestoration.d.ts(1,160): error TS1127: Invalid character.
node_modules/@tanstack/react-router/dist/esm/ScrollRestoration.d.ts(1,161): error TS1127: Invalid character.
node_modules/@tanstack/react-router/dist/esm/ScrollRestoration.d.ts(1,162): error TS1127: Invalid character.
node_modules/@tanstack/react-router/dist/esm/ScrollRestoration.d.ts(1,163): error TS1127: Invalid character.
node_modules/@tanstack/react-router/dist/esm/ScrollRestoration.d.ts(1,164): error TS1127: Invalid character.
node_modules/@tanstack/react-router/dist/esm/ScrollRestoration.d.ts(1,165): error TS1127: Invalid character.
node_modules/@tanstack/react-router/dist/esm/ScrollRestoration.d.ts(1,166): error TS1127: Invalid character.
node_modules/@tanstack/react-router/dist/esm/ScrollRestoration.d.ts(1,167): error TS1127: Invalid character.
node_modules/@tanstack/react-router/dist/esm/ScrollRestoration.d.ts(1,168): error TS1127: Invalid character.
node_modules/@tanstack/react-router/dist/esm/ScrollRestoration.d.ts(1,169): error TS1127: Invalid character.
node_modules/@tanstack/react-router/dist/esm/ScrollRestoration.d.ts(1,170): error TS1127: Invalid character.
node_modules/@tanstack/react-router/dist/esm/ScrollRestoration.d.ts(1,171): error TS1127: Invalid character.
node_modules/@tanstack/react-router/dist/esm/ScrollRestoration.d.ts(1,172): error TS1127: Invalid character.
node_modules/@tanstack/react-router/dist/esm/ScrollRestoration.d.ts(1,173): error TS1127: Invalid character.
node_modules/@tanstack/react-router/dist/esm/ScrollRestoration.d.ts(1,174): error TS1127: Invalid character.
node_modules/@tanstack/react-router/dist/esm/ScrollRestoration.d.ts(1,175): error TS1127: Invalid character.
node_modules/@tanstack/react-router/dist/esm/ScrollRestoration.d.ts(1,176): error TS1127: Invalid character.
node_modules/@tanstack/react-router/dist/esm/ScrollRestoration.d.ts(1,177): error TS1127: Invalid character.
node_modules/@tanstack/react-router/dist/esm/ScrollRestoration.d.ts(1,178): error TS1127: Invalid character.
node_modules/@tanstack/react-router/dist/esm/ScrollRestoration.d.ts(1,179): error TS1127: Invalid character.
node_modules/@tanstack/react-router/dist/esm/ScrollRestoration.d.ts(1,180): error TS1127: Invalid character.
node_modules/@tanstack/react-router/dist/esm/ScrollRestoration.d.ts(1,181): error TS1127: Invalid character.
node_modules/@tanstack/react-router/dist/esm/ScrollRestoration.d.ts(1,182): error TS1127: Invalid character.
node_modules/@tanstack/react-router/dist/esm/ScrollRestoration.d.ts(1,183): error TS1127: Invalid character.
node_modules/@tanstack/react-router/dist/esm/ScrollRestoration.d.ts(1,184): error TS1127: Invalid character.
node_modules/@tanstack/react-router/dist/esm/ScrollRestoration.d.ts(1,185): error TS1127: Invalid character.
node_modules/@tanstack/react-router/dist/esm/ScrollRestoration.d.ts(1,186): error TS1127: Invalid character.
node_modules/@tanstack/react-router/dist/esm/ScrollRestoration.d.ts(1,187): error TS1127: Invalid character.
node_modules/@tanstack/react-router/dist/esm/ScrollRestoration.d.ts(1,188): error TS1127: Invalid character.
node_modules/@tanstack/react-router/dist/esm/ScrollRestoration.d.ts(1,189): error TS1127: Invalid character.
node_modules/@tanstack/react-router/dist/esm/ScrollRestoration.d.ts(1,190): error TS1127: Invalid character.
node_modules/@tanstack/react-router/dist/esm/ScrollRestoration.d.ts(1,191): error TS1127: Invalid character.
node_modules/@tanstack/react-router/dist/esm/ScrollRestoration.d.ts(1,192): error TS1127: Invalid character.
node_modules/@tanstack/react-router/dist/esm/ScrollRestoration.d.ts(1,193): error TS1127: Invalid character.
node_modules/@tanstack/react-router/dist/esm/ScrollRestoration.d.ts(1,194): error TS1127: Invalid character.
node_modules/@tanstack/react-router/dist/esm/ScrollRestoration.d.ts(1,195): error TS1127: Invalid character.
node_modules/@tanstack/react-router/dist/esm/ScrollRestoration.d.ts(1,196): error TS1127: Invalid character.
node_modules/@tanstack/react-router/dist/esm/ScrollRestoration.d.ts(1,197): error TS1127: Invalid character.
node_modules/@tanstack/react-router/dist/esm/ScrollRestoration.d.ts(1,198): error TS1127: Invalid character.
node_modules/@tanstack/react-router/dist/esm/ScrollRestoration.d.ts(1,199): error TS1127: Invalid character.
node_modules/@tanstack/react-router/dist/esm/ScrollRestoration.d.ts(1,200): error TS1127: Invalid character.
node_modules/@tanstack/react-router/dist/esm/ScrollRestoration.d.ts(1,201): error TS1127: Invalid character.
node_modules/@tanstack/react-router/dist/esm/ScrollRestoration.d.ts(1,202): error TS1127: Invalid character.
node_modules/@tanstack/react-router/dist/esm/ScrollRestoration.d.ts(1,203): error TS1127: Invalid character.
node_modules/@tanstack/react-router/dist/esm/ScrollRestoration.d.ts(1,204): error TS1127: Invalid character.
node_modules/@tanstack/react-router/dist/esm/ScrollRestoration.d.ts(1,205): error TS1127: Invalid character.
node_modules/@tanstack/react-router/dist/esm/ScrollRestoration.d.ts(1,206): error TS1127: Invalid character.
node_modules/@tanstack/react-router/dist/esm/ScrollRestoration.d.ts(1,207): error TS1127: Invalid character.
node_modules/@tanstack/react-router/dist/esm/ScrollRestoration.d.ts(1,208): error TS1127: Invalid character.
node_modules/@tanstack/react-router/dist/esm/ScrollRestoration.d.ts(1,209): error TS1127: Invalid character.
node_modules/@tanstack/react-router/dist/esm/ScrollRestoration.d.ts(1,210): error TS1127: Invalid character.
node_modules/@tanstack/react-router/dist/esm/ScrollRestoration.d.ts(1,211): error TS1127: Invalid character.
node_modules/@tanstack/react-router/dist/esm/ScrollRestoration.d.ts(1,212): error TS1127: Invalid character.
node_modules/@tanstack/react-router/dist/esm/ScrollRestoration.d.ts(1,213): error TS1127: Invalid character.
node_modules/@tanstack/react-router/dist/esm/ScrollRestoration.d.ts(1,214): error TS1127: Invalid character.
node_modules/@tanstack/react-router/dist/esm/ScrollRestoration.d.ts(1,215): error TS1127: Invalid character.
node_modules/@tanstack/react-router/dist/esm/ScrollRestoration.d.ts(1,216): error TS1127: Invalid character.
node_modules/@tanstack/react-router/dist/esm/ScrollRestoration.d.ts(1,217): error TS1127: Invalid character.
node_modules/@tanstack/react-router/dist/esm/ScrollRestoration.d.ts(1,218): error TS1127: Invalid character.
node_modules/@tanstack/react-router/dist/esm/ScrollRestoration.d.ts(1,219): error TS1127: Invalid character.
node_modules/@tanstack/react-router/dist/esm/ScrollRestoration.d.ts(1,220): error TS1127: Invalid character.
node_modules/@tanstack/react-router/dist/esm/ScrollRestoration.d.ts(1,221): error TS1127: Invalid character.
node_modules/@tanstack/react-router/dist/esm/ScrollRestoration.d.ts(1,222): error TS1127: Invalid character.
node_modules/@tanstack/react-router/dist/esm/ScrollRestoration.d.ts(1,223): error TS1127: Invalid character.
node_modules/@tanstack/react-router/dist/esm/ScrollRestoration.d.ts(1,224): error TS1127: Invalid character.
node_modules/@tanstack/react-router/dist/esm/ScrollRestoration.d.ts(1,225): error TS1127: Invalid character.
node_modules/@tanstack/react-router/dist/esm/ScrollRestoration.d.ts(1,226): error TS1127: Invalid character.
node_modules/@tanstack/react-router/dist/esm/ScrollRestoration.d.ts(1,227): error TS1127: Invalid character.
node_modules/@tanstack/react-router/dist/esm/ScrollRestoration.d.ts(1,228): error TS1127: Invalid character.
node_modules/@tanstack/react-router/dist/esm/ScrollRestoration.d.ts(1,229): error TS1127: Invalid character.
node_modules/@tanstack/react-router/dist/esm/ScrollRestoration.d.ts(1,230): error TS1127: Invalid character.
node_modules/@tanstack/react-router/dist/esm/ScrollRestoration.d.ts(1,231): error TS1127: Invalid character.
node_modules/@tanstack/react-router/dist/esm/ScrollRestoration.d.ts(1,232): error TS1127: Invalid character.
node_modules/@tanstack/react-router/dist/esm/ScrollRestoration.d.ts(1,233): error TS1127: Invalid character.
node_modules/@tanstack/react-router/dist/esm/ScrollRestoration.d.ts(1,234): error TS1127: Invalid character.
node_modules/@tanstack/react-router/dist/esm/ScrollRestoration.d.ts(1,235): error TS1127: Invalid character.
node_modules/@tanstack/react-router/dist/esm/ScrollRestoration.d.ts(1,236): error TS1127: Invalid character.
node_modules/@tanstack/react-router/dist/esm/ScrollRestoration.d.ts(1,237): error TS1127: Invalid character.
node_modules/@tanstack/react-router/dist/esm/ScrollRestoration.d.ts(1,238): error TS1127: Invalid character.
node_modules/@tanstack/react-router/dist/esm/ScrollRestoration.d.ts(1,239): error TS1127: Invalid character.
node_modules/@tanstack/react-router/dist/esm/ScrollRestoration.d.ts(1,240): error TS1127: Invalid character.
node_modules/@tanstack/react-router/dist/esm/ScrollRestoration.d.ts(1,241): error TS1127: Invalid character.
node_modules/@tanstack/react-router/dist/esm/ScrollRestoration.d.ts(1,242): error TS1127: Invalid character.
node_modules/@tanstack/react-router/dist/esm/ScrollRestoration.d.ts(1,243): error TS1127: Invalid character.
node_modules/@tanstack/react-router/dist/esm/ScrollRestoration.d.ts(1,244): error TS1127: Invalid character.
node_modules/@tanstack/react-router/dist/esm/ScrollRestoration.d.ts(1,245): error TS1127: Invalid character.
node_modules/@tanstack/react-router/dist/esm/ScrollRestoration.d.ts(1,246): error TS1127: Invalid character.
node_modules/@tanstack/react-router/dist/esm/ScrollRestoration.d.ts(1,247): error TS1127: Invalid character.
node_modules/@tanstack/react-router/dist/esm/ScrollRestoration.d.ts(1,248): error TS1127: Invalid character.
node_modules/@tanstack/react-router/dist/esm/ScrollRestoration.d.ts(1,249): error TS1127: Invalid character.
node_modules/@tanstack/react-router/dist/esm/ScrollRestoration.d.ts(1,250): error TS1127: Invalid character.
node_modules/@tanstack/react-router/dist/esm/ScrollRestoration.d.ts(1,251): error TS1127: Invalid character.
node_modules/@tanstack/react-router/dist/esm/ScrollRestoration.d.ts(1,252): error TS1127: Invalid character.
node_modules/@tanstack/react-router/dist/esm/ScrollRestoration.d.ts(1,253): error TS1127: Invalid character.
node_modules/@tanstack/react-router/dist/esm/ScrollRestoration.d.ts(1,254): error TS1127: Invalid character.
node_modules/@tanstack/react-router/dist/esm/ScrollRestoration.d.ts(1,255): error TS1127: Invalid character.
node_modules/@tanstack/react-router/dist/esm/ScrollRestoration.d.ts(1,256): error TS1127: Invalid character.
node_modules/@tanstack/react-router/dist/esm/ScrollRestoration.d.ts(1,257): error TS1127: Invalid character.
node_modules/@tanstack/react-router/dist/esm/ScrollRestoration.d.ts(1,258): error TS1127: Invalid character.
node_modules/@tanstack/react-router/dist/esm/ScrollRestoration.d.ts(1,259): error TS1127: Invalid character.
node_modules/@tanstack/react-router/dist/esm/ScrollRestoration.d.ts(1,260): error TS1127: Invalid character.
node_modules/@tanstack/react-router/dist/esm/ScrollRestoration.d.ts(1,261): error TS1127: Invalid character.
node_modules/@tanstack/react-router/dist/esm/ScrollRestoration.d.ts(1,262): error TS1127: Invalid character.
node_modules/@tanstack/react-router/dist/esm/ScrollRestoration.d.ts(1,263): error TS1127: Invalid character.
node_modules/@tanstack/react-router/dist/esm/ScrollRestoration.d.ts(1,264): error TS1127: Invalid character.
node_modules/@tanstack/react-router/dist/esm/ScrollRestoration.d.ts(1,265): error TS1127: Invalid character.
node_modules/@tanstack/react-router/dist/esm/ScrollRestoration.d.ts(1,266): error TS1127: Invalid character.
node_modules/@tanstack/react-router/dist/esm/ScrollRestoration.d.ts(1,267): error TS1127: Invalid character.
node_modules/@tanstack/react-router/dist/esm/ScrollRestoration.d.ts(1,268): error TS1127: Invalid character.
node_modules/@tanstack/react-router/dist/esm/ScrollRestoration.d.ts(1,269): error TS1127: Invalid character.
node_modules/@tanstack/react-router/dist/esm/ScrollRestoration.d.ts(1,270): error TS1127: Invalid character.
node_modules/@tanstack/react-router/dist/esm/ScrollRestoration.d.ts(1,271): error TS1127: Invalid character.
node_modules/@tanstack/react-router/dist/esm/ScrollRestoration.d.ts(1,272): error TS1127: Invalid character.
node_modules/@tanstack/react-router/dist/esm/ScrollRestoration.d.ts(1,273): error TS1127: Invalid character.
node_modules/@tanstack/react-router/dist/esm/ScrollRestoration.d.ts(1,274): error TS1127: Invalid character.
node_modules/@tanstack/react-router/dist/esm/ScrollRestoration.d.ts(1,275): error TS1127: Invalid character.
node_modules/@tanstack/react-router/dist/esm/ScrollRestoration.d.ts(1,276): error TS1127: Invalid character.
node_modules/@tanstack/react-router/dist/esm/ScrollRestoration.d.ts(1,277): error TS1127: Invalid character.
node_modules/@tanstack/react-router/dist/esm/ScrollRestoration.d.ts(1,278): error TS1127: Invalid character.
node_modules/@tanstack/react-router/dist/esm/ScrollRestoration.d.ts(1,279): error TS1127: Invalid character.
node_modules/@tanstack/react-router/dist/esm/ScrollRestoration.d.ts(1,280): error TS1127: Invalid character.
node_modules/@tanstack/react-router/dist/esm/ScrollRestoration.d.ts(1,281): error TS1127: Invalid character.
node_modules/@tanstack/react-router/dist/esm/ScrollRestoration.d.ts(1,282): error TS1127: Invalid character.
node_modules/@tanstack/react-router/dist/esm/ScrollRestoration.d.ts(1,283): error TS1127: Invalid character.
node_modules/@tanstack/react-router/dist/esm/ScrollRestoration.d.ts(1,284): error TS1127: Invalid character.
node_modules/@tanstack/react-router/dist/esm/ScrollRestoration.d.ts(1,285): error TS1127: Invalid character.
node_modules/@tanstack/react-router/dist/esm/ScrollRestoration.d.ts(1,286): error TS1127: Invalid character.
node_modules/@tanstack/react-router/dist/esm/ScrollRestoration.d.ts(1,287): error TS1127: Invalid character.
node_modules/@tanstack/react-router/dist/esm/ScrollRestoration.d.ts(1,288): error TS1127: Invalid character.
node_modules/@tanstack/react-router/dist/esm/ScrollRestoration.d.ts(1,289): error TS1127: Invalid character.
node_modules/@tanstack/react-router/dist/esm/ScrollRestoration.d.ts(1,290): error TS1127: Invalid character.
node_modules/@tanstack/react-router/dist/esm/ScrollRestoration.d.ts(1,291): error TS1127: Invalid character.
node_modules/@tanstack/react-router/dist/esm/ScrollRestoration.d.ts(1,292): error TS1127: Invalid character.
node_modules/@tanstack/react-router/dist/esm/ScrollRestoration.d.ts(1,293): error TS1127: Invalid character.
node_modules/@tanstack/react-router/dist/esm/ScrollRestoration.d.ts(1,294): error TS1127: Invalid character.
node_modules/@tanstack/react-router/dist/esm/ScrollRestoration.d.ts(1,295): error TS1127: Invalid character.
node_modules/@tanstack/react-router/dist/esm/ScrollRestoration.d.ts(1,296): error TS1127: Invalid character.
node_modules/@tanstack/react-router/dist/esm/ScrollRestoration.d.ts(1,297): error TS1127: Invalid character.
node_modules/@tanstack/react-router/dist/esm/ScrollRestoration.d.ts(1,298): error TS1127: Invalid character.
node_modules/@tanstack/react-router/dist/esm/ScrollRestoration.d.ts(1,299): error TS1127: Invalid character.
node_modules/@tanstack/react-router/dist/esm/ScrollRestoration.d.ts(1,300): error TS1127: Invalid character.
node_modules/@tanstack/react-router/dist/esm/ScrollRestoration.d.ts(1,301): error TS1127: Invalid character.
node_modules/@tanstack/react-router/dist/esm/ScrollRestoration.d.ts(1,302): error TS1127: Invalid character.
node_modules/@tanstack/react-router/dist/esm/ScrollRestoration.d.ts(1,303): error TS1127: Invalid character.
node_modules/@tanstack/react-router/dist/esm/ScrollRestoration.d.ts(1,304): error TS1127: Invalid character.
node_modules/@tanstack/react-router/dist/esm/ScrollRestoration.d.ts(1,305): error TS1127: Invalid character.
node_modules/@tanstack/react-router/dist/esm/ScrollRestoration.d.ts(1,306): error TS1127: Invalid character.
node_modules/@tanstack/react-router/dist/esm/ScrollRestoration.d.ts(1,307): error TS1127: Invalid character.
node_modules/@tanstack/react-router/dist/esm/ScrollRestoration.d.ts(1,308): error TS1127: Invalid character.
node_modules/@tanstack/react-router/dist/esm/ScrollRestoration.d.ts(1,309): error TS1127: Invalid character.
node_modules/@tanstack/react-router/dist/esm/ScrollRestoration.d.ts(1,310): error TS1127: Invalid character.
node_modules/@tanstack/react-router/dist/esm/ScrollRestoration.d.ts(1,311): error TS1127: Invalid character.
node_modules/@tanstack/react-router/dist/esm/ScrollRestoration.d.ts(1,312): error TS1127: Invalid character.
node_modules/@tanstack/react-router/dist/esm/ScrollRestoration.d.ts(1,313): error TS1127: Invalid character.
node_modules/@tanstack/react-router/dist/esm/ScrollRestoration.d.ts(1,314): error TS1127: Invalid character.
node_modules/@tanstack/react-router/dist/esm/ScrollRestoration.d.ts(1,315): error TS1127: Invalid character.
node_modules/@tanstack/react-router/dist/esm/ScrollRestoration.d.ts(1,316): error TS1127: Invalid character.
node_modules/@tanstack/react-router/dist/esm/ScrollRestoration.d.ts(1,317): error TS1127: Invalid character.
node_modules/@tanstack/react-router/dist/esm/ScrollRestoration.d.ts(1,318): error TS1127: Invalid character.
node_modules/@tanstack/react-router/dist/esm/ScrollRestoration.d.ts(1,319): error TS1127: Invalid character.
node_modules/@tanstack/react-router/dist/esm/ScrollRestoration.d.ts(1,320): error TS1127: Invalid character.
node_modules/@tanstack/react-router/dist/esm/ScrollRestoration.d.ts(1,321): error TS1127: Invalid character.
node_modules/@tanstack/react-router/dist/esm/ScrollRestoration.d.ts(1,322): error TS1127: Invalid character.
node_modules/@tanstack/react-router/dist/esm/ScrollRestoration.d.ts(1,323): error TS1127: Invalid character.
node_modules/@tanstack/react-router/dist/esm/ScrollRestoration.d.ts(1,324): error TS1127: Invalid character.
node_modules/@tanstack/react-router/dist/esm/ScrollRestoration.d.ts(1,325): error TS1127: Invalid character.
node_modules/@tanstack/react-router/dist/esm/ScrollRestoration.d.ts(1,326): error TS1127: Invalid character.
node_modules/@tanstack/react-router/dist/esm/ScrollRestoration.d.ts(1,327): error TS1127: Invalid character.
node_modules/@tanstack/react-router/dist/esm/ScrollRestoration.d.ts(1,328): error TS1127: Invalid character.
node_modules/@tanstack/react-router/dist/esm/ScrollRestoration.d.ts(1,329): error TS1127: Invalid character.
node_modules/@tanstack/react-router/dist/esm/ScrollRestoration.d.ts(1,330): error TS1127: Invalid character.
node_modules/@tanstack/react-router/dist/esm/ScrollRestoration.d.ts(1,331): error TS1127: Invalid character.
node_modules/@tanstack/react-router/dist/esm/ScrollRestoration.d.ts(1,332): error TS1127: Invalid character.
node_modules/@tanstack/react-router/dist/esm/ScrollRestoration.d.ts(1,333): error TS1127: Invalid character.
node_modules/@tanstack/react-router/dist/esm/ScrollRestoration.d.ts(1,334): error TS1127: Invalid character.
node_modules/@tanstack/react-router/dist/esm/ScrollRestoration.d.ts(1,335): error TS1127: Invalid character.
node_modules/@tanstack/react-router/dist/esm/ScrollRestoration.d.ts(1,336): error TS1127: Invalid character.
node_modules/@tanstack/react-router/dist/esm/ScrollRestoration.d.ts(1,337): error TS1127: Invalid character.
node_modules/@tanstack/react-router/dist/esm/ScrollRestoration.d.ts(1,338): error TS1127: Invalid character.
node_modules/@tanstack/react-router/dist/esm/ScrollRestoration.d.ts(1,339): error TS1127: Invalid character.
node_modules/@tanstack/react-router/dist/esm/ScrollRestoration.d.ts(1,340): error TS1127: Invalid character.
node_modules/@tanstack/react-router/dist/esm/ScrollRestoration.d.ts(1,341): error TS1127: Invalid character.
node_modules/@tanstack/react-router/dist/esm/ScrollRestoration.d.ts(1,342): error TS1127: Invalid character.
node_modules/@tanstack/react-router/dist/esm/ScrollRestoration.d.ts(1,343): error TS1127: Invalid character.
node_modules/@tanstack/react-router/dist/esm/ScrollRestoration.d.ts(1,344): error TS1127: Invalid character.
node_modules/@tanstack/react-router/dist/esm/ScrollRestoration.d.ts(1,345): error TS1127: Invalid character.
node_modules/@tanstack/react-router/dist/esm/ScrollRestoration.d.ts(1,346): error TS1127: Invalid character.
node_modules/@tanstack/react-router/dist/esm/ScrollRestoration.d.ts(1,347): error TS1127: Invalid character.
node_modules/@tanstack/react-router/dist/esm/ScrollRestoration.d.ts(1,348): error TS1127: Invalid character.
node_modules/@tanstack/react-router/dist/esm/ScrollRestoration.d.ts(1,349): error TS1127: Invalid character.
node_modules/@tanstack/react-router/dist/esm/ScrollRestoration.d.ts(1,350): error TS1127: Invalid character.
node_modules/@tanstack/react-router/dist/esm/ScrollRestoration.d.ts(1,351): error TS1127: Invalid character.
node_modules/@tanstack/react-router/dist/esm/ScrollRestoration.d.ts(1,352): error TS1127: Invalid character.
node_modules/@tanstack/react-router/dist/esm/ScrollRestoration.d.ts(1,353): error TS1127: Invalid character.
node_modules/@tanstack/react-router/dist/esm/ScrollRestoration.d.ts(1,354): error TS1127: Invalid character.
node_modules/@tanstack/react-router/dist/esm/ScrollRestoration.d.ts(1,355): error TS1127: Invalid character.
node_modules/@tanstack/react-router/dist/esm/ScrollRestoration.d.ts(1,356): error TS1127: Invalid character.
node_modules/@tanstack/react-router/dist/esm/ScrollRestoration.d.ts(1,357): error TS1127: Invalid character.
node_modules/@tanstack/react-router/dist/esm/ScrollRestoration.d.ts(1,358): error TS1127: Invalid character.
node_modules/@tanstack/react-router/dist/esm/ScrollRestoration.d.ts(1,359): error TS1127: Invalid character.
node_modules/@tanstack/react-router/dist/esm/ScrollRestoration.d.ts(1,360): error TS1127: Invalid character.
node_modules/@tanstack/react-router/dist/esm/ScrollRestoration.d.ts(1,361): error TS1127: Invalid character.
node_modules/@tanstack/react-router/dist/esm/ScrollRestoration.d.ts(1,362): error TS1127: Invalid character.
node_modules/@tanstack/react-router/dist/esm/ScrollRestoration.d.ts(1,363): error TS1127: Invalid character.
node_modules/@tanstack/react-router/dist/esm/ScrollRestoration.d.ts(1,364): error TS1127: Invalid character.
node_modules/@tanstack/react-router/dist/esm/ScrollRestoration.d.ts(1,365): error TS1127: Invalid character.
node_modules/@tanstack/react-router/dist/esm/ScrollRestoration.d.ts(1,366): error TS1127: Invalid character.
node_modules/@tanstack/react-router/dist/esm/ScrollRestoration.d.ts(1,367): error TS1127: Invalid character.
node_modules/@tanstack/react-router/dist/esm/ScrollRestoration.d.ts(1,368): error TS1127: Invalid character.
node_modules/@tanstack/react-router/dist/esm/ScrollRestoration.d.ts(1,369): error TS1127: Invalid character.
node_modules/@tanstack/react-router/dist/esm/ScrollRestoration.d.ts(1,370): error TS1127: Invalid character.
node_modules/@tanstack/react-router/dist/esm/ScrollRestoration.d.ts(1,371): error TS1127: Invalid character.
node_modules/@tanstack/react-router/dist/esm/ScrollRestoration.d.ts(1,372): error TS1127: Invalid character.
node_modules/@tanstack/react-router/dist/esm/ScrollRestoration.d.ts(1,373): error TS1127: Invalid character.
node_modules/@tanstack/react-router/dist/esm/ScrollRestoration.d.ts(1,374): error TS1127: Invalid character.
node_modules/@tanstack/react-router/dist/esm/ScrollRestoration.d.ts(1,375): error TS1127: Invalid character.
node_modules/@tanstack/react-router/dist/esm/ScrollRestoration.d.ts(1,376): error TS1127: Invalid character.
node_modules/@tanstack/react-router/dist/esm/ScrollRestoration.d.ts(1,377): error TS1127: Invalid character.
node_modules/@tanstack/react-router/dist/esm/ScrollRestoration.d.ts(1,378): error TS1127: Invalid character.
node_modules/@tanstack/react-router/dist/esm/ScrollRestoration.d.ts(1,379): error TS1127: Invalid character.
node_modules/@tanstack/react-router/dist/esm/ScrollRestoration.d.ts(1,380): error TS1127: Invalid character.
node_modules/@tanstack/react-router/dist/esm/ScrollRestoration.d.ts(1,381): error TS1127: Invalid character.
node_modules/@tanstack/react-router/dist/esm/ScrollRestoration.d.ts(1,382): error TS1127: Invalid character.
node_modules/@tanstack/react-router/dist/esm/ScrollRestoration.d.ts(1,383): error TS1127: Invalid character.
node_modules/@tanstack/react-router/dist/esm/ScrollRestoration.d.ts(1,384): error TS1127: Invalid character.
node_modules/@tanstack/react-router/dist/esm/ScrollRestoration.d.ts(1,385): error TS1127: Invalid character.
node_modules/@tanstack/react-router/dist/esm/ScrollRestoration.d.ts(1,386): error TS1127: Invalid character.
node_modules/@tanstack/react-router/dist/esm/ScrollRestoration.d.ts(1,387): error TS1127: Invalid character.
node_modules/@tanstack/react-router/dist/esm/ScrollRestoration.d.ts(1,388): error TS1127: Invalid character.
node_modules/@tanstack/react-router/dist/esm/ScrollRestoration.d.ts(1,389): error TS1127: Invalid character.
node_modules/@tanstack/react-router/dist/esm/ScrollRestoration.d.ts(1,390): error TS1127: Invalid character.
node_modules/@tanstack/react-router/dist/esm/ScrollRestoration.d.ts(1,391): error TS1127: Invalid character.
node_modules/@tanstack/react-router/dist/esm/ScrollRestoration.d.ts(1,392): error TS1127: Invalid character.
node_modules/@tanstack/react-router/dist/esm/ScrollRestoration.d.ts(1,393): error TS1127: Invalid character.
node_modules/@tanstack/react-router/dist/esm/ScrollRestoration.d.ts(1,394): error TS1127: Invalid character.
node_modules/@tanstack/react-router/dist/esm/ScrollRestoration.d.ts(1,395): error TS1127: Invalid character.
node_modules/@tanstack/react-router/dist/esm/ScrollRestoration.d.ts(1,396): error TS1127: Invalid character.
node_modules/@tanstack/react-router/dist/esm/ScrollRestoration.d.ts(1,397): error TS1127: Invalid character.
node_modules/@tanstack/react-router/dist/esm/ScrollRestoration.d.ts(1,398): error TS1127: Invalid character.
node_modules/@tanstack/react-router/dist/esm/ScrollRestoration.d.ts(1,399): error TS1127: Invalid character.
node_modules/@tanstack/react-router/dist/esm/ScrollRestoration.d.ts(1,400): error TS1127: Invalid character.
node_modules/@tanstack/react-router/dist/esm/ScrollRestoration.d.ts(1,401): error TS1127: Invalid character.
node_modules/@tanstack/react-router/dist/esm/ScrollRestoration.d.ts(1,402): error TS1127: Invalid character.
node_modules/@tanstack/react-router/dist/esm/ScrollRestoration.d.ts(1,403): error TS1127: Invalid character.
node_modules/@tanstack/react-router/dist/esm/ScrollRestoration.d.ts(1,404): error TS1127: Invalid character.
node_modules/@tanstack/react-router/dist/esm/ScrollRestoration.d.ts(1,405): error TS1127: Invalid character.
node_modules/@tanstack/react-router/dist/esm/ScrollRestoration.d.ts(1,406): error TS1127: Invalid character.
node_modules/@tanstack/react-router/dist/esm/ScrollRestoration.d.ts(1,407): error TS1127: Invalid character.
node_modules/@tanstack/react-router/dist/esm/ScrollRestoration.d.ts(1,408): error TS1127: Invalid character.
node_modules/@tanstack/react-router/dist/esm/ScrollRestoration.d.ts(1,409): error TS1127: Invalid character.
node_modules/@tanstack/react-router/dist/esm/ScrollRestoration.d.ts(1,410): error TS1127: Invalid character.
node_modules/@tanstack/react-router/dist/esm/ScrollRestoration.d.ts(1,411): error TS1127: Invalid character.
node_modules/@tanstack/react-router/dist/esm/ScrollRestoration.d.ts(1,412): error TS1127: Invalid character.
node_modules/@tanstack/react-router/dist/esm/ScrollRestoration.d.ts(1,413): error TS1127: Invalid character.
node_modules/@tanstack/react-router/dist/esm/ScrollRestoration.d.ts(1,414): error TS1127: Invalid character.
node_modules/@tanstack/react-router/dist/esm/ScrollRestoration.d.ts(1,415): error TS1127: Invalid character.
node_modules/@tanstack/react-router/dist/esm/ScrollRestoration.d.ts(1,416): error TS1127: Invalid character.
node_modules/@tanstack/react-router/dist/esm/ScrollRestoration.d.ts(1,417): error TS1127: Invalid character.
node_modules/@tanstack/react-router/dist/esm/ScrollRestoration.d.ts(1,418): error TS1127: Invalid character.
node_modules/@tanstack/react-router/dist/esm/ScrollRestoration.d.ts(1,419): error TS1127: Invalid character.
node_modules/@tanstack/react-router/dist/esm/ScrollRestoration.d.ts(1,420): error TS1127: Invalid character.
node_modules/@tanstack/react-router/dist/esm/ScrollRestoration.d.ts(1,421): error TS1127: Invalid character.
node_modules/@tanstack/react-router/dist/esm/ScrollRestoration.d.ts(1,422): error TS1127: Invalid character.
node_modules/@tanstack/react-router/dist/esm/ScrollRestoration.d.ts(1,423): error TS1127: Invalid character.
node_modules/@tanstack/react-router/dist/esm/ScrollRestoration.d.ts(1,424): error TS1127: Invalid character.
node_modules/@tanstack/react-router/dist/esm/ScrollRestoration.d.ts(1,425): error TS1127: Invalid character.
node_modules/@tanstack/react-router/dist/esm/ScrollRestoration.d.ts(1,426): error TS1127: Invalid character.
node_modules/@tanstack/react-router/dist/esm/ScrollRestoration.d.ts(1,427): error TS1127: Invalid character.
node_modules/@tanstack/react-router/dist/esm/ScrollRestoration.d.ts(1,428): error TS1127: Invalid character.
node_modules/@tanstack/react-router/dist/esm/ScrollRestoration.d.ts(1,429): error TS1127: Invalid character.
node_modules/@tanstack/react-router/dist/esm/ScrollRestoration.d.ts(1,430): error TS1127: Invalid character.
node_modules/@tanstack/react-router/dist/esm/ScrollRestoration.d.ts(1,431): error TS1127: Invalid character.
node_modules/@tanstack/react-router/dist/esm/ScrollRestoration.d.ts(1,432): error TS1127: Invalid character.
node_modules/@tanstack/react-router/dist/esm/ScrollRestoration.d.ts(1,433): error TS1127: Invalid character.
node_modules/@tanstack/react-router/dist/esm/ScrollRestoration.d.ts(1,434): error TS1127: Invalid character.
node_modules/@tanstack/react-router/dist/esm/ScrollRestoration.d.ts(1,435): error TS1127: Invalid character.
node_modules/@tanstack/react-router/dist/esm/ScrollRestoration.d.ts(1,436): error TS1127: Invalid character.
node_modules/@tanstack/react-router/dist/esm/ScrollRestoration.d.ts(1,437): error TS1127: Invalid character.
node_modules/@tanstack/react-router/dist/esm/ScrollRestoration.d.ts(1,438): error TS1127: Invalid character.
node_modules/@tanstack/react-router/dist/esm/ScrollRestoration.d.ts(1,439): error TS1127: Invalid character.
node_modules/@tanstack/react-router/dist/esm/ScrollRestoration.d.ts(1,440): error TS1127: Invalid character.
node_modules/@tanstack/react-router/dist/esm/ScrollRestoration.d.ts(1,441): error TS1127: Invalid character.
node_modules/@tanstack/react-router/dist/esm/ScrollRestoration.d.ts(1,442): error TS1127: Invalid character.
node_modules/@tanstack/react-router/dist/esm/ScrollRestoration.d.ts(1,443): error TS1127: Invalid character.
node_modules/@tanstack/react-router/dist/esm/ScrollRestoration.d.ts(1,444): error TS1127: Invalid character.
node_modules/@tanstack/react-router/dist/esm/ScrollRestoration.d.ts(1,445): error TS1127: Invalid character.
node_modules/@tanstack/react-router/dist/esm/ScrollRestoration.d.ts(1,446): error TS1127: Invalid character.
node_modules/@tanstack/react-router/dist/esm/ScrollRestoration.d.ts(1,447): error TS1127: Invalid character.
node_modules/@tanstack/react-router/dist/esm/ScrollRestoration.d.ts(1,448): error TS1127: Invalid character.
node_modules/@tanstack/react-router/dist/esm/ScrollRestoration.d.ts(1,449): error TS1127: Invalid character.
node_modules/@tanstack/react-router/dist/esm/ScrollRestoration.d.ts(1,450): error TS1127: Invalid character.
node_modules/@tanstack/react-router/dist/esm/ScrollRestoration.d.ts(1,451): error TS1127: Invalid character.
node_modules/@tanstack/react-router/dist/esm/ScrollRestoration.d.ts(1,452): error TS1127: Invalid character.
node_modules/@tanstack/react-router/dist/esm/ScrollRestoration.d.ts(1,453): error TS1127: Invalid character.
node_modules/@tanstack/react-router/dist/esm/ScrollRestoration.d.ts(1,454): error TS1127: Invalid character.
node_modules/@tanstack/react-router/dist/esm/ScrollRestoration.d.ts(1,455): error TS1127: Invalid character.
node_modules/@tanstack/react-router/dist/esm/ScrollRestoration.d.ts(1,456): error TS1127: Invalid character.
node_modules/@tanstack/react-router/dist/esm/ScrollRestoration.d.ts(1,457): error TS1127: Invalid character.
node_modules/@tanstack/react-router/dist/esm/ScrollRestoration.d.ts(1,458): error TS1127: Invalid character.
node_modules/@tanstack/react-router/dist/esm/ScrollRestoration.d.ts(1,459): error TS1127: Invalid character.
node_modules/@tanstack/react-router/dist/esm/ScrollRestoration.d.ts(1,460): error TS1127: Invalid character.
node_modules/@tanstack/react-router/dist/esm/ScrollRestoration.d.ts(1,461): error TS1127: Invalid character.
node_modules/@tanstack/react-router/dist/esm/ScrollRestoration.d.ts(1,462): error TS1127: Invalid character.
node_modules/@tanstack/react-router/dist/esm/ScrollRestoration.d.ts(1,463): error TS1127: Invalid character.
node_modules/@tanstack/react-router/dist/esm/ScrollRestoration.d.ts(1,464): error TS1127: Invalid character.
node_modules/@tanstack/react-router/dist/esm/ScrollRestoration.d.ts(1,465): error TS1127: Invalid character.
node_modules/@tanstack/react-router/dist/esm/ScrollRestoration.d.ts(1,466): error TS1127: Invalid character.
node_modules/@tanstack/react-router/dist/esm/ScrollRestoration.d.ts(1,467): error TS1127: Invalid character.
node_modules/@tanstack/react-router/dist/esm/ScrollRestoration.d.ts(1,468): error TS1127: Invalid character.
node_modules/@tanstack/react-router/dist/esm/ScrollRestoration.d.ts(1,469): error TS1127: Invalid character.
node_modules/@tanstack/react-router/dist/esm/ScrollRestoration.d.ts(1,470): error TS1127: Invalid character.
node_modules/@tanstack/react-router/dist/esm/ScrollRestoration.d.ts(1,471): error TS1127: Invalid character.
node_modules/@tanstack/react-router/dist/esm/ScrollRestoration.d.ts(1,472): error TS1127: Invalid character.
node_modules/@tanstack/react-router/dist/esm/ScrollRestoration.d.ts(1,473): error TS1127: Invalid character.
node_modules/@tanstack/react-router/dist/esm/ScrollRestoration.d.ts(1,474): error TS1127: Invalid character.
node_modules/@tanstack/react-router/dist/esm/ScrollRestoration.d.ts(1,475): error TS1127: Invalid character.
node_modules/@tanstack/react-router/dist/esm/ScrollRestoration.d.ts(1,476): error TS1127: Invalid character.
node_modules/@tanstack/react-router/dist/esm/ScrollRestoration.d.ts(1,477): error TS1127: Invalid character.
node_modules/@tanstack/react-router/dist/esm/ScrollRestoration.d.ts(1,478): error TS1127: Invalid character.
node_modules/@tanstack/react-router/dist/esm/ScrollRestoration.d.ts(1,479): error TS1127: Invalid character.
node_modules/@tanstack/react-router/dist/esm/ScrollRestoration.d.ts(1,480): error TS1127: Invalid character.
node_modules/@tanstack/react-router/dist/esm/ScrollRestoration.d.ts(1,481): error TS1127: Invalid character.
node_modules/@tanstack/react-router/dist/esm/ScrollRestoration.d.ts(1,482): error TS1127: Invalid character.
node_modules/@tanstack/react-router/dist/esm/ScrollRestoration.d.ts(1,483): error TS1127: Invalid character.
node_modules/@tanstack/react-router/dist/esm/ScrollRestoration.d.ts(1,484): error TS1127: Invalid character.
node_modules/@tanstack/react-router/dist/esm/ScrollRestoration.d.ts(1,485): error TS1127: Invalid character.
node_modules/@tanstack/react-router/dist/esm/ScrollRestoration.d.ts(1,486): error TS1127: Invalid character.
node_modules/@tanstack/react-router/dist/esm/ScrollRestoration.d.ts(1,487): error TS1127: Invalid character.
node_modules/@tanstack/react-router/dist/esm/ScrollRestoration.d.ts(1,488): error TS1127: Invalid character.
node_modules/@tanstack/react-router/dist/esm/ScrollRestoration.d.ts(1,489): error TS1127: Invalid character.
node_modules/@tanstack/react-router/dist/esm/ScrollRestoration.d.ts(1,490): error TS1127: Invalid character.
node_modules/@tanstack/react-router/dist/esm/ScrollRestoration.d.ts(1,491): error TS1127: Invalid character.
node_modules/@tanstack/react-router/dist/esm/ScrollRestoration.d.ts(1,492): error TS1127: Invalid character.
node_modules/@tanstack/react-router/dist/esm/ScrollRestoration.d.ts(1,493): error TS1127: Invalid character.
node_modules/@tanstack/react-router/dist/esm/ScrollRestoration.d.ts(1,494): error TS1127: Invalid character.
node_modules/@tanstack/react-router/dist/esm/ScrollRestoration.d.ts(1,495): error TS1127: Invalid character.
node_modules/@tanstack/react-router/dist/esm/ScrollRestoration.d.ts(1,496): error TS1127: Invalid character.
node_modules/@tanstack/react-router/dist/esm/ScrollRestoration.d.ts(1,497): error TS1127: Invalid character.
node_modules/@tanstack/react-router/dist/esm/ScrollRestoration.d.ts(1,498): error TS1127: Invalid character.
node_modules/@tanstack/react-router/dist/esm/ScrollRestoration.d.ts(1,499): error TS1127: Invalid character.
node_modules/@tanstack/react-router/dist/esm/ScrollRestoration.d.ts(1,500): error TS1127: Invalid character.
node_modules/@tanstack/react-router/dist/esm/ScrollRestoration.d.ts(1,501): error TS1127: Invalid character.
node_modules/@tanstack/react-router/dist/esm/ScrollRestoration.d.ts(1,502): error TS1127: Invalid character.
node_modules/@tanstack/react-router/dist/esm/ScrollRestoration.d.ts(1,503): error TS1127: Invalid character.
node_modules/@tanstack/react-router/dist/esm/ScrollRestoration.d.ts(1,504): error TS1127: Invalid character.
node_modules/@tanstack/react-router/dist/esm/ScrollRestoration.d.ts(1,505): error TS1127: Invalid character.
node_modules/@tanstack/react-router/dist/esm/ScrollRestoration.d.ts(1,506): error TS1127: Invalid character.
node_modules/@tanstack/react-router/dist/esm/ScrollRestoration.d.ts(1,507): error TS1127: Invalid character.
node_modules/@tanstack/react-router/dist/esm/ScrollRestoration.d.ts(1,508): error TS1127: Invalid character.
node_modules/@tanstack/react-router/dist/esm/ScrollRestoration.d.ts(1,509): error TS1127: Invalid character.
node_modules/@tanstack/react-router/dist/esm/ScrollRestoration.d.ts(1,510): error TS1127: Invalid character.
node_modules/@tanstack/react-router/dist/esm/ScrollRestoration.d.ts(1,511): error TS1127: Invalid character.
node_modules/@tanstack/react-router/dist/esm/ScrollRestoration.d.ts(1,512): error TS1127: Invalid character.
node_modules/@tanstack/react-router/dist/esm/ScrollRestoration.d.ts(1,513): error TS1127: Invalid character.
node_modules/@tanstack/react-router/dist/esm/ScrollRestoration.d.ts(1,514): error TS1127: Invalid character.
node_modules/@tanstack/react-router/dist/esm/ScrollRestoration.d.ts(1,515): error TS1127: Invalid character.
node_modules/@tanstack/react-router/dist/esm/ScrollRestoration.d.ts(1,516): error TS1127: Invalid character.
node_modules/@tanstack/react-router/dist/esm/ScrollRestoration.d.ts(1,517): error TS1127: Invalid character.
node_modules/@tanstack/react-router/dist/esm/ScrollRestoration.d.ts(1,518): error TS1127: Invalid character.
node_modules/@tanstack/react-router/dist/esm/ScrollRestoration.d.ts(1,519): error TS1127: Invalid character.
node_modules/@tanstack/react-router/dist/esm/ScrollRestoration.d.ts(1,520): error TS1127: Invalid character.
node_modules/@tanstack/react-router/dist/esm/ScrollRestoration.d.ts(1,521): error TS1127: Invalid character.
node_modules/@tanstack/react-router/dist/esm/ScrollRestoration.d.ts(1,522): error TS1127: Invalid character.
node_modules/@tanstack/react-router/dist/esm/ScrollRestoration.d.ts(1,523): error TS1127: Invalid character.
node_modules/@tanstack/react-router/dist/esm/ScrollRestoration.d.ts(1,524): error TS1127: Invalid character.
node_modules/@tanstack/react-router/dist/esm/ScrollRestoration.d.ts(1,525): error TS1127: Invalid character.
node_modules/@tanstack/react-router/dist/esm/ScrollRestoration.d.ts(1,526): error TS1127: Invalid character.
node_modules/@tanstack/react-router/dist/esm/ScrollRestoration.d.ts(1,527): error TS1127: Invalid character.
node_modules/@tanstack/react-router/dist/esm/ScrollRestoration.d.ts(1,528): error TS1127: Invalid character.
node_modules/@tanstack/react-router/dist/esm/ScrollRestoration.d.ts(1,529): error TS1127: Invalid character.
node_modules/@tanstack/react-router/dist/esm/ScrollRestoration.d.ts(1,530): error TS1127: Invalid character.
node_modules/@tanstack/react-router/dist/esm/ScrollRestoration.d.ts(1,531): error TS1127: Invalid character.
node_modules/@tanstack/react-router/dist/esm/ScrollRestoration.d.ts(1,532): error TS1127: Invalid character.
node_modules/@tanstack/react-router/dist/esm/ScrollRestoration.d.ts(1,533): error TS1127: Invalid character.
node_modules/@tanstack/react-router/dist/esm/ScrollRestoration.d.ts(1,534): error TS1127: Invalid character.
node_modules/@tanstack/react-router/dist/esm/ScrollRestoration.d.ts(1,535): error TS1127: Invalid character.
node_modules/@tanstack/react-router/dist/esm/ScrollRestoration.d.ts(1,536): error TS1127: Invalid character.
node_modules/@tanstack/react-router/dist/esm/ScrollRestoration.d.ts(1,537): error TS1127: Invalid character.
node_modules/@tanstack/react-router/dist/esm/ScrollRestoration.d.ts(1,538): error TS1127: Invalid character.
node_modules/@tanstack/react-router/dist/esm/ScrollRestoration.d.ts(1,539): error TS1127: Invalid character.
node_modules/@tanstack/react-router/dist/esm/ScrollRestoration.d.ts(1,540): error TS1127: Invalid character.
node_modules/@tanstack/react-router/dist/esm/ScrollRestoration.d.ts(1,541): error TS1127: Invalid character.
node_modules/@tanstack/react-router/dist/esm/ScrollRestoration.d.ts(1,542): error TS1127: Invalid character.
node_modules/@tanstack/react-router/dist/esm/ScrollRestoration.d.ts(1,543): error TS1127: Invalid character.
node_modules/@tanstack/react-router/dist/esm/ScrollRestoration.d.ts(1,544): error TS1127: Invalid character.
node_modules/@tanstack/react-router/dist/esm/ScrollRestoration.d.ts(1,545): error TS1127: Invalid character.
node_modules/@tanstack/react-router/dist/esm/ScrollRestoration.d.ts(1,546): error TS1127: Invalid character.
node_modules/@tanstack/react-router/dist/esm/ScrollRestoration.d.ts(1,547): error TS1127: Invalid character.
node_modules/@tanstack/react-router/dist/esm/ScrollRestoration.d.ts(1,548): error TS1127: Invalid character.
node_modules/@tanstack/react-router/dist/esm/ScrollRestoration.d.ts(1,549): error TS1127: Invalid character.
node_modules/@tanstack/react-router/dist/esm/ScrollRestoration.d.ts(1,550): error TS1127: Invalid character.
node_modules/@tanstack/react-router/dist/esm/ScrollRestoration.d.ts(1,551): error TS1127: Invalid character.
node_modules/@tanstack/react-router/dist/esm/ScrollRestoration.d.ts(1,552): error TS1127: Invalid character.
node_modules/@tanstack/react-router/dist/esm/ScrollRestoration.d.ts(1,553): error TS1127: Invalid character.
node_modules/@tanstack/react-router/dist/esm/ScrollRestoration.d.ts(1,554): error TS1127: Invalid character.
node_modules/@tanstack/react-router/dist/esm/ScrollRestoration.d.ts(1,555): error TS1127: Invalid character.
node_modules/@tanstack/react-router/dist/esm/ScrollRestoration.d.ts(1,556): error TS1127: Invalid character.
node_modules/@tanstack/react-router/dist/esm/ScrollRestoration.d.ts(1,557): error TS1127: Invalid character.
node_modules/@tanstack/react-router/dist/esm/ScrollRestoration.d.ts(1,558): error TS1127: Invalid character.
node_modules/@tanstack/react-router/dist/esm/ScrollRestoration.d.ts(1,559): error TS1127: Invalid character.
node_modules/@tanstack/react-router/dist/esm/ScrollRestoration.d.ts(1,560): error TS1127: Invalid character.
node_modules/@tanstack/react-router/dist/esm/ScrollRestoration.d.ts(1,561): error TS1127: Invalid character.
node_modules/@tanstack/react-router/dist/esm/ScrollRestoration.d.ts(1,562): error TS1127: Invalid character.
node_modules/@tanstack/react-router/dist/esm/ScrollRestoration.d.ts(1,563): error TS1127: Invalid character.
node_modules/@tanstack/react-router/dist/esm/ScrollRestoration.d.ts(1,564): error TS1127: Invalid character.
node_modules/@tanstack/react-router/dist/esm/ScrollRestoration.d.ts(1,565): error TS1127: Invalid character.
node_modules/@tanstack/react-router/dist/esm/ScrollRestoration.d.ts(1,566): error TS1127: Invalid character.
node_modules/@tanstack/react-router/dist/esm/ScrollRestoration.d.ts(1,567): error TS1127: Invalid character.
node_modules/@tanstack/react-router/dist/esm/ScrollRestoration.d.ts(1,568): error TS1127: Invalid character.
node_modules/@tanstack/react-router/dist/esm/ScrollRestoration.d.ts(1,569): error TS1127: Invalid character.
node_modules/@tanstack/react-router/dist/esm/ScrollRestoration.d.ts(1,570): error TS1127: Invalid character.
node_modules/@tanstack/react-router/dist/esm/ScrollRestoration.d.ts(1,571): error TS1127: Invalid character.
node_modules/@tanstack/react-router/dist/esm/ScrollRestoration.d.ts(1,572): error TS1127: Invalid character.
node_modules/@tanstack/react-router/dist/esm/ScrollRestoration.d.ts(1,573): error TS1127: Invalid character.
node_modules/@tanstack/react-router/dist/esm/ScrollRestoration.d.ts(1,574): error TS1127: Invalid character.
node_modules/@tanstack/react-router/dist/esm/ScrollRestoration.d.ts(1,575): error TS1127: Invalid character.
node_modules/@tanstack/react-router/dist/esm/ScrollRestoration.d.ts(1,576): error TS1127: Invalid character.
node_modules/@tanstack/react-router/dist/esm/ScrollRestoration.d.ts(1,577): error TS1127: Invalid character.
node_modules/@tanstack/react-router/dist/esm/ScrollRestoration.d.ts(1,578): error TS1127: Invalid character.
node_modules/@tanstack/react-router/dist/esm/ScrollRestoration.d.ts(1,579): error TS1127: Invalid character.
node_modules/@tanstack/react-router/dist/esm/ScrollRestoration.d.ts(1,580): error TS1127: Invalid character.
node_modules/@tanstack/react-router/dist/esm/ScrollRestoration.d.ts(1,581): error TS1127: Invalid character.
node_modules/@tanstack/react-router/dist/esm/ScrollRestoration.d.ts(1,582): error TS1127: Invalid character.
node_modules/@tanstack/react-router/dist/esm/ScrollRestoration.d.ts(1,583): error TS1127: Invalid character.
node_modules/@tanstack/react-router/dist/esm/ssr/serializer.d.ts(1,1): error TS1127: Invalid character.
node_modules/@tanstack/react-router/dist/esm/ssr/serializer.d.ts(1,2): error TS1127: Invalid character.
node_modules/@tanstack/react-router/dist/esm/ssr/serializer.d.ts(1,3): error TS1127: Invalid character.
node_modules/@tanstack/react-router/dist/esm/ssr/serializer.d.ts(1,4): error TS1127: Invalid character.
node_modules/@tanstack/react-router/dist/esm/ssr/serializer.d.ts(1,5): error TS1127: Invalid character.
node_modules/@tanstack/react-router/dist/esm/ssr/serializer.d.ts(1,6): error TS1127: Invalid character.
node_modules/@tanstack/react-router/dist/esm/ssr/serializer.d.ts(1,7): error TS1127: Invalid character.
node_modules/@tanstack/react-router/dist/esm/ssr/serializer.d.ts(1,8): error TS1127: Invalid character.
node_modules/@tanstack/react-router/dist/esm/ssr/serializer.d.ts(1,9): error TS1127: Invalid character.
node_modules/@tanstack/react-router/dist/esm/ssr/serializer.d.ts(1,10): error TS1127: Invalid character.
node_modules/@tanstack/react-router/dist/esm/ssr/serializer.d.ts(1,11): error TS1127: Invalid character.
node_modules/@tanstack/react-router/dist/esm/ssr/serializer.d.ts(1,12): error TS1127: Invalid character.
node_modules/@tanstack/react-router/dist/esm/ssr/serializer.d.ts(1,13): error TS1127: Invalid character.
node_modules/@tanstack/react-router/dist/esm/ssr/serializer.d.ts(1,14): error TS1127: Invalid character.
node_modules/@tanstack/react-router/dist/esm/ssr/serializer.d.ts(1,15): error TS1127: Invalid character.
node_modules/@tanstack/react-router/dist/esm/ssr/serializer.d.ts(1,16): error TS1127: Invalid character.
node_modules/@tanstack/react-router/dist/esm/ssr/serializer.d.ts(1,17): error TS1127: Invalid character.
node_modules/@tanstack/react-router/dist/esm/ssr/serializer.d.ts(1,18): error TS1127: Invalid character.
node_modules/@tanstack/react-router/dist/esm/ssr/serializer.d.ts(1,19): error TS1127: Invalid character.
node_modules/@tanstack/react-router/dist/esm/ssr/serializer.d.ts(1,20): error TS1127: Invalid character.
node_modules/@tanstack/react-router/dist/esm/ssr/serializer.d.ts(1,21): error TS1127: Invalid character.
node_modules/@tanstack/react-router/dist/esm/ssr/serializer.d.ts(1,22): error TS1127: Invalid character.
node_modules/@tanstack/react-router/dist/esm/ssr/serializer.d.ts(1,23): error TS1127: Invalid character.
node_modules/@tanstack/react-router/dist/esm/ssr/serializer.d.ts(1,24): error TS1127: Invalid character.
node_modules/@tanstack/react-router/dist/esm/ssr/serializer.d.ts(1,25): error TS1127: Invalid character.
node_modules/@tanstack/react-router/dist/esm/ssr/serializer.d.ts(1,26): error TS1127: Invalid character.
node_modules/@tanstack/react-router/dist/esm/ssr/serializer.d.ts(1,27): error TS1127: Invalid character.
node_modules/@tanstack/react-router/dist/esm/ssr/serializer.d.ts(1,28): error TS1127: Invalid character.
node_modules/@tanstack/react-router/dist/esm/ssr/serializer.d.ts(1,29): error TS1127: Invalid character.
node_modules/@tanstack/react-router/dist/esm/ssr/serializer.d.ts(1,30): error TS1127: Invalid character.
node_modules/@tanstack/react-router/dist/esm/ssr/serializer.d.ts(1,31): error TS1127: Invalid character.
node_modules/@tanstack/react-router/dist/esm/ssr/serializer.d.ts(1,32): error TS1127: Invalid character.
node_modules/@tanstack/react-router/dist/esm/ssr/serializer.d.ts(1,33): error TS1127: Invalid character.
node_modules/@tanstack/react-router/dist/esm/ssr/serializer.d.ts(1,34): error TS1127: Invalid character.
node_modules/@tanstack/react-router/dist/esm/ssr/serializer.d.ts(1,35): error TS1127: Invalid character.
node_modules/@tanstack/react-router/dist/esm/ssr/serializer.d.ts(1,36): error TS1127: Invalid character.
node_modules/@tanstack/react-router/dist/esm/ssr/serializer.d.ts(1,37): error TS1127: Invalid character.
node_modules/@tanstack/react-router/dist/esm/ssr/serializer.d.ts(1,38): error TS1127: Invalid character.
node_modules/@tanstack/react-router/dist/esm/ssr/serializer.d.ts(1,39): error TS1127: Invalid character.
node_modules/@tanstack/react-router/dist/esm/ssr/serializer.d.ts(1,40): error TS1127: Invalid character.
node_modules/@tanstack/react-router/dist/esm/ssr/serializer.d.ts(1,41): error TS1127: Invalid character.
node_modules/@tanstack/react-router/dist/esm/ssr/serializer.d.ts(1,42): error TS1127: Invalid character.
node_modules/@tanstack/react-router/dist/esm/ssr/serializer.d.ts(1,43): error TS1127: Invalid character.
node_modules/@tanstack/react-router/dist/esm/ssr/serializer.d.ts(1,44): error TS1127: Invalid character.
node_modules/@tanstack/react-router/dist/esm/ssr/serializer.d.ts(1,45): error TS1127: Invalid character.
node_modules/@tanstack/react-router/dist/esm/ssr/serializer.d.ts(1,46): error TS1127: Invalid character.
node_modules/@tanstack/react-router/dist/esm/ssr/serializer.d.ts(1,47): error TS1127: Invalid character.
node_modules/@tanstack/react-router/dist/esm/ssr/serializer.d.ts(1,48): error TS1127: Invalid character.
node_modules/@tanstack/react-router/dist/esm/ssr/serializer.d.ts(1,49): error TS1127: Invalid character.
node_modules/@tanstack/react-router/dist/esm/ssr/serializer.d.ts(1,50): error TS1127: Invalid character.
node_modules/@tanstack/react-router/dist/esm/ssr/serializer.d.ts(1,51): error TS1127: Invalid character.
node_modules/@tanstack/react-router/dist/esm/ssr/serializer.d.ts(1,52): error TS1127: Invalid character.
node_modules/@tanstack/react-router/dist/esm/ssr/serializer.d.ts(1,53): error TS1127: Invalid character.
node_modules/@tanstack/react-router/dist/esm/ssr/serializer.d.ts(1,54): error TS1127: Invalid character.
node_modules/@tanstack/react-router/dist/esm/ssr/serializer.d.ts(1,55): error TS1127: Invalid character.
node_modules/@tanstack/react-router/dist/esm/ssr/serializer.d.ts(1,56): error TS1127: Invalid character.
node_modules/@tanstack/react-router/dist/esm/ssr/serializer.d.ts(1,57): error TS1127: Invalid character.
node_modules/@tanstack/react-router/dist/esm/ssr/serializer.d.ts(1,58): error TS1127: Invalid character.
node_modules/@tanstack/react-router/dist/esm/ssr/serializer.d.ts(1,59): error TS1127: Invalid character.
node_modules/@tanstack/react-router/dist/esm/ssr/serializer.d.ts(1,60): error TS1127: Invalid character.
node_modules/@tanstack/react-router/dist/esm/ssr/serializer.d.ts(1,61): error TS1127: Invalid character.
node_modules/@tanstack/react-router/dist/esm/ssr/serializer.d.ts(1,62): error TS1127: Invalid character.
node_modules/@tanstack/react-router/dist/esm/ssr/serializer.d.ts(1,63): error TS1127: Invalid character.
node_modules/@tanstack/react-router/dist/esm/ssr/serializer.d.ts(1,64): error TS1127: Invalid character.
node_modules/@tanstack/react-router/dist/esm/ssr/serializer.d.ts(1,65): error TS1127: Invalid character.
node_modules/@tanstack/react-router/dist/esm/ssr/serializer.d.ts(1,66): error TS1127: Invalid character.
node_modules/@tanstack/react-router/dist/esm/ssr/serializer.d.ts(1,67): error TS1127: Invalid character.
node_modules/@tanstack/react-router/dist/esm/ssr/serializer.d.ts(1,68): error TS1127: Invalid character.
node_modules/@tanstack/react-router/dist/esm/ssr/serializer.d.ts(1,69): error TS1127: Invalid character.
node_modules/@tanstack/react-router/dist/esm/ssr/serializer.d.ts(1,70): error TS1127: Invalid character.
node_modules/@tanstack/react-router/dist/esm/ssr/serializer.d.ts(1,71): error TS1127: Invalid character.
node_modules/@tanstack/react-router/dist/esm/ssr/serializer.d.ts(1,72): error TS1127: Invalid character.
node_modules/@tanstack/react-router/dist/esm/ssr/serializer.d.ts(1,73): error TS1127: Invalid character.
node_modules/@tanstack/react-router/dist/esm/ssr/serializer.d.ts(1,74): error TS1127: Invalid character.
node_modules/@tanstack/react-router/dist/esm/ssr/serializer.d.ts(1,75): error TS1127: Invalid character.
node_modules/@tanstack/react-router/dist/esm/ssr/serializer.d.ts(1,76): error TS1127: Invalid character.
node_modules/@tanstack/react-router/dist/esm/ssr/serializer.d.ts(1,77): error TS1127: Invalid character.
node_modules/@tanstack/react-router/dist/esm/ssr/serializer.d.ts(1,78): error TS1127: Invalid character.
node_modules/@tanstack/react-router/dist/esm/ssr/serializer.d.ts(1,79): error TS1127: Invalid character.
node_modules/@tanstack/react-router/dist/esm/ssr/serializer.d.ts(1,80): error TS1127: Invalid character.
node_modules/@tanstack/react-router/dist/esm/ssr/serializer.d.ts(1,81): error TS1127: Invalid character.
node_modules/@tanstack/react-router/dist/esm/ssr/serializer.d.ts(1,82): error TS1127: Invalid character.
node_modules/@tanstack/react-router/dist/esm/ssr/serializer.d.ts(1,83): error TS1127: Invalid character.
node_modules/@tanstack/react-router/dist/esm/ssr/serializer.d.ts(1,84): error TS1127: Invalid character.
node_modules/@tanstack/react-router/dist/esm/ssr/serializer.d.ts(1,85): error TS1127: Invalid character.
node_modules/@tanstack/react-router/dist/esm/ssr/serializer.d.ts(1,86): error TS1127: Invalid character.
node_modules/@tanstack/react-router/dist/esm/ssr/serializer.d.ts(1,87): error TS1127: Invalid character.
node_modules/@tanstack/react-router/dist/esm/ssr/serializer.d.ts(1,88): error TS1127: Invalid character.
node_modules/@tanstack/react-router/dist/esm/ssr/serializer.d.ts(1,89): error TS1127: Invalid character.
node_modules/@tanstack/react-router/dist/esm/ssr/serializer.d.ts(1,90): error TS1127: Invalid character.
node_modules/@tanstack/react-router/dist/esm/ssr/serializer.d.ts(1,91): error TS1127: Invalid character.
node_modules/@tanstack/react-router/dist/esm/ssr/serializer.d.ts(1,92): error TS1127: Invalid character.
node_modules/@tanstack/react-router/dist/esm/ssr/serializer.d.ts(1,93): error TS1127: Invalid character.
node_modules/@tanstack/react-router/dist/esm/ssr/serializer.d.ts(1,94): error TS1127: Invalid character.
node_modules/@tanstack/react-router/dist/esm/ssr/serializer.d.ts(1,95): error TS1127: Invalid character.
node_modules/@tanstack/react-router/dist/esm/ssr/serializer.d.ts(1,96): error TS1127: Invalid character.
node_modules/@tanstack/react-router/dist/esm/ssr/serializer.d.ts(1,97): error TS1127: Invalid character.
node_modules/@tanstack/react-router/dist/esm/ssr/serializer.d.ts(1,98): error TS1127: Invalid character.
node_modules/@tanstack/react-router/dist/esm/ssr/serializer.d.ts(1,99): error TS1127: Invalid character.
node_modules/@tanstack/react-router/dist/esm/ssr/serializer.d.ts(1,100): error TS1127: Invalid character.
node_modules/@tanstack/react-router/dist/esm/ssr/serializer.d.ts(1,101): error TS1127: Invalid character.
node_modules/@tanstack/react-router/dist/esm/ssr/serializer.d.ts(1,102): error TS1127: Invalid character.
node_modules/@tanstack/react-router/dist/esm/ssr/serializer.d.ts(1,103): error TS1127: Invalid character.
node_modules/@tanstack/react-router/dist/esm/ssr/serializer.d.ts(1,104): error TS1127: Invalid character.
node_modules/@tanstack/react-router/dist/esm/ssr/serializer.d.ts(1,105): error TS1127: Invalid character.
node_modules/@tanstack/react-router/dist/esm/ssr/serializer.d.ts(1,106): error TS1127: Invalid character.
node_modules/@tanstack/react-router/dist/esm/ssr/serializer.d.ts(1,107): error TS1127: Invalid character.
node_modules/@tanstack/react-router/dist/esm/ssr/serializer.d.ts(1,108): error TS1127: Invalid character.
node_modules/@tanstack/react-router/dist/esm/ssr/serializer.d.ts(1,109): error TS1127: Invalid character.
node_modules/@tanstack/react-router/dist/esm/ssr/serializer.d.ts(1,110): error TS1127: Invalid character.
node_modules/@tanstack/react-router/dist/esm/ssr/serializer.d.ts(1,111): error TS1127: Invalid character.
node_modules/@tanstack/react-router/dist/esm/ssr/serializer.d.ts(1,112): error TS1127: Invalid character.
node_modules/@tanstack/react-router/dist/esm/ssr/serializer.d.ts(1,113): error TS1127: Invalid character.
node_modules/@tanstack/react-router/dist/esm/ssr/serializer.d.ts(1,114): error TS1127: Invalid character.
node_modules/@tanstack/react-router/dist/esm/ssr/serializer.d.ts(1,115): error TS1127: Invalid character.
node_modules/@tanstack/react-router/dist/esm/ssr/serializer.d.ts(1,116): error TS1127: Invalid character.
node_modules/@tanstack/react-router/dist/esm/ssr/serializer.d.ts(1,117): error TS1127: Invalid character.
node_modules/@tanstack/react-router/dist/esm/ssr/serializer.d.ts(1,118): error TS1127: Invalid character.
node_modules/@tanstack/react-router/dist/esm/ssr/serializer.d.ts(1,119): error TS1127: Invalid character.
node_modules/@tanstack/react-router/dist/esm/ssr/serializer.d.ts(1,120): error TS1127: Invalid character.
node_modules/@tanstack/react-router/dist/esm/ssr/serializer.d.ts(1,121): error TS1127: Invalid character.
node_modules/@tanstack/react-router/dist/esm/ssr/serializer.d.ts(1,122): error TS1127: Invalid character.
node_modules/@tanstack/react-router/dist/esm/ssr/serializer.d.ts(1,123): error TS1127: Invalid character.
node_modules/@tanstack/react-router/dist/esm/ssr/serializer.d.ts(1,124): error TS1127: Invalid character.
node_modules/@tanstack/react-router/dist/esm/ssr/serializer.d.ts(1,125): error TS1127: Invalid character.
node_modules/@tanstack/react-router/dist/esm/ssr/serializer.d.ts(1,126): error TS1127: Invalid character.
node_modules/@tanstack/react-router/dist/esm/ssr/serializer.d.ts(1,127): error TS1127: Invalid character.
node_modules/@tanstack/react-router/dist/esm/ssr/serializer.d.ts(1,128): error TS1127: Invalid character.
node_modules/@tanstack/react-router/dist/esm/ssr/serializer.d.ts(1,129): error TS1127: Invalid character.
node_modules/@tanstack/react-router/dist/esm/ssr/serializer.d.ts(1,130): error TS1127: Invalid character.
node_modules/@tanstack/react-router/dist/esm/ssr/serializer.d.ts(1,131): error TS1127: Invalid character.
node_modules/@tanstack/react-router/dist/esm/ssr/serializer.d.ts(1,132): error TS1127: Invalid character.
node_modules/@tanstack/react-router/dist/esm/ssr/serializer.d.ts(1,133): error TS1127: Invalid character.
node_modules/@tanstack/react-router/dist/esm/ssr/serializer.d.ts(1,134): error TS1127: Invalid character.
node_modules/@tanstack/react-router/dist/esm/ssr/serializer.d.ts(1,135): error TS1127: Invalid character.
node_modules/@tanstack/react-router/dist/esm/ssr/serializer.d.ts(1,136): error TS1127: Invalid character.
node_modules/@tanstack/react-router/dist/esm/ssr/serializer.d.ts(1,137): error TS1127: Invalid character.
node_modules/@tanstack/react-router/dist/esm/ssr/serializer.d.ts(1,138): error TS1127: Invalid character.
node_modules/@tanstack/react-router/dist/esm/ssr/serializer.d.ts(1,139): error TS1127: Invalid character.
node_modules/@tanstack/react-router/dist/esm/ssr/serializer.d.ts(1,140): error TS1127: Invalid character.
node_modules/@tanstack/react-router/dist/esm/ssr/serializer.d.ts(1,141): error TS1127: Invalid character.
node_modules/@tanstack/react-router/dist/esm/ssr/serializer.d.ts(1,142): error TS1127: Invalid character.
node_modules/@tanstack/react-router/dist/esm/ssr/serializer.d.ts(1,143): error TS1127: Invalid character.
node_modules/@tanstack/react-router/dist/esm/ssr/serializer.d.ts(1,144): error TS1127: Invalid character.
node_modules/@tanstack/react-router/dist/esm/ssr/serializer.d.ts(1,145): error TS1127: Invalid character.
node_modules/@tanstack/react-router/dist/esm/ssr/serializer.d.ts(1,146): error TS1127: Invalid character.
node_modules/@tanstack/react-router/dist/esm/ssr/serializer.d.ts(1,147): error TS1127: Invalid character.
node_modules/@tanstack/react-router/dist/esm/ssr/serializer.d.ts(1,148): error TS1127: Invalid character.
node_modules/@tanstack/react-router/dist/esm/ssr/serializer.d.ts(1,149): error TS1127: Invalid character.
node_modules/@tanstack/react-router/dist/esm/ssr/serializer.d.ts(1,150): error TS1127: Invalid character.
node_modules/@tanstack/react-router/dist/esm/ssr/serializer.d.ts(1,151): error TS1127: Invalid character.
node_modules/@tanstack/react-router/dist/esm/ssr/serializer.d.ts(1,152): error TS1127: Invalid character.
node_modules/@tanstack/react-router/dist/esm/ssr/serializer.d.ts(1,153): error TS1127: Invalid character.
node_modules/@tanstack/react-router/dist/esm/ssr/serializer.d.ts(1,154): error TS1127: Invalid character.
node_modules/@tanstack/react-router/dist/esm/ssr/serializer.d.ts(1,155): error TS1127: Invalid character.
node_modules/@tanstack/react-router/dist/esm/ssr/serializer.d.ts(1,156): error TS1127: Invalid character.
node_modules/@tanstack/react-router/dist/esm/ssr/serializer.d.ts(1,157): error TS1127: Invalid character.
node_modules/@tanstack/react-router/dist/esm/ssr/serializer.d.ts(1,158): error TS1127: Invalid character.
node_modules/@tanstack/react-router/dist/esm/ssr/serializer.d.ts(1,159): error TS1127: Invalid character.
node_modules/@tanstack/react-router/dist/esm/ssr/serializer.d.ts(1,160): error TS1127: Invalid character.
node_modules/@tanstack/react-router/dist/esm/ssr/serializer.d.ts(1,161): error TS1127: Invalid character.
node_modules/@tanstack/react-router/dist/esm/ssr/serializer.d.ts(1,162): error TS1127: Invalid character.
node_modules/@tanstack/react-router/dist/esm/ssr/serializer.d.ts(1,163): error TS1127: Invalid character.
node_modules/@tanstack/react-router/dist/esm/ssr/serializer.d.ts(1,164): error TS1127: Invalid character.
node_modules/@tanstack/react-router/dist/esm/ssr/serializer.d.ts(1,165): error TS1127: Invalid character.
node_modules/@tanstack/react-router/dist/esm/ssr/serializer.d.ts(1,166): error TS1127: Invalid character.
node_modules/@tanstack/router-core/dist/esm/ssr/client.d.ts(1,1): error TS1127: Invalid character.
node_modules/@tanstack/router-core/dist/esm/ssr/client.d.ts(1,2): error TS1127: Invalid character.
node_modules/@tanstack/router-core/dist/esm/ssr/client.d.ts(1,3): error TS1127: Invalid character.
node_modules/@tanstack/router-core/dist/esm/ssr/client.d.ts(1,4): error TS1127: Invalid character.
node_modules/@tanstack/router-core/dist/esm/ssr/client.d.ts(1,5): error TS1127: Invalid character.
node_modules/@tanstack/router-core/dist/esm/ssr/client.d.ts(1,6): error TS1127: Invalid character.
node_modules/@tanstack/router-core/dist/esm/ssr/client.d.ts(1,7): error TS1127: Invalid character.
node_modules/@tanstack/router-core/dist/esm/ssr/client.d.ts(1,8): error TS1127: Invalid character.
node_modules/@tanstack/router-core/dist/esm/ssr/client.d.ts(1,9): error TS1127: Invalid character.
node_modules/@tanstack/router-core/dist/esm/ssr/client.d.ts(1,10): error TS1127: Invalid character.
node_modules/@tanstack/router-core/dist/esm/ssr/client.d.ts(1,11): error TS1127: Invalid character.
node_modules/@tanstack/router-core/dist/esm/ssr/client.d.ts(1,12): error TS1127: Invalid character.
node_modules/@tanstack/router-core/dist/esm/ssr/client.d.ts(1,13): error TS1127: Invalid character.
node_modules/@tanstack/router-core/dist/esm/ssr/client.d.ts(1,14): error TS1127: Invalid character.
node_modules/@tanstack/router-core/dist/esm/ssr/client.d.ts(1,15): error TS1127: Invalid character.
node_modules/@tanstack/router-core/dist/esm/ssr/client.d.ts(1,16): error TS1127: Invalid character.
node_modules/@tanstack/router-core/dist/esm/ssr/client.d.ts(1,17): error TS1127: Invalid character.
node_modules/@tanstack/router-core/dist/esm/ssr/client.d.ts(1,18): error TS1127: Invalid character.
node_modules/@tanstack/router-core/dist/esm/ssr/client.d.ts(1,19): error TS1127: Invalid character.
node_modules/@tanstack/router-core/dist/esm/ssr/client.d.ts(1,20): error TS1127: Invalid character.
node_modules/@tanstack/router-core/dist/esm/ssr/client.d.ts(1,21): error TS1127: Invalid character.
node_modules/@tanstack/router-core/dist/esm/ssr/client.d.ts(1,22): error TS1127: Invalid character.
node_modules/@tanstack/router-core/dist/esm/ssr/client.d.ts(1,23): error TS1127: Invalid character.
node_modules/@tanstack/router-core/dist/esm/ssr/client.d.ts(1,24): error TS1127: Invalid character.
node_modules/@tanstack/router-core/dist/esm/ssr/client.d.ts(1,25): error TS1127: Invalid character.
node_modules/@tanstack/router-core/dist/esm/ssr/client.d.ts(1,26): error TS1127: Invalid character.
node_modules/@tanstack/router-core/dist/esm/ssr/client.d.ts(1,27): error TS1127: Invalid character.
node_modules/@tanstack/router-core/dist/esm/ssr/client.d.ts(1,28): error TS1127: Invalid character.
node_modules/@tanstack/router-core/dist/esm/ssr/client.d.ts(1,29): error TS1127: Invalid character.
node_modules/@tanstack/router-core/dist/esm/ssr/client.d.ts(1,30): error TS1127: Invalid character.
node_modules/@tanstack/router-core/dist/esm/ssr/client.d.ts(1,31): error TS1127: Invalid character.
node_modules/@tanstack/router-core/dist/esm/ssr/client.d.ts(1,32): error TS1127: Invalid character.
node_modules/@tanstack/router-core/dist/esm/ssr/client.d.ts(1,33): error TS1127: Invalid character.
node_modules/@tanstack/router-core/dist/esm/ssr/client.d.ts(1,34): error TS1127: Invalid character.
node_modules/@tanstack/router-core/dist/esm/ssr/client.d.ts(1,35): error TS1127: Invalid character.
node_modules/@tanstack/router-core/dist/esm/ssr/client.d.ts(1,36): error TS1127: Invalid character.
node_modules/@tanstack/router-core/dist/esm/ssr/client.d.ts(1,37): error TS1127: Invalid character.
node_modules/@tanstack/router-core/dist/esm/ssr/client.d.ts(1,38): error TS1127: Invalid character.
node_modules/@tanstack/router-core/dist/esm/ssr/client.d.ts(1,39): error TS1127: Invalid character.
node_modules/@tanstack/router-core/dist/esm/ssr/client.d.ts(1,40): error TS1127: Invalid character.
node_modules/@tanstack/router-core/dist/esm/ssr/client.d.ts(1,41): error TS1127: Invalid character.
node_modules/@tanstack/router-core/dist/esm/ssr/client.d.ts(1,42): error TS1127: Invalid character.
node_modules/@tanstack/router-core/dist/esm/ssr/client.d.ts(1,43): error TS1127: Invalid character.
node_modules/@tanstack/router-core/dist/esm/ssr/client.d.ts(1,44): error TS1127: Invalid character.
node_modules/@tanstack/router-core/dist/esm/ssr/client.d.ts(1,45): error TS1127: Invalid character.
node_modules/@tanstack/router-core/dist/esm/ssr/client.d.ts(1,46): error TS1127: Invalid character.
node_modules/@tanstack/router-core/dist/esm/ssr/client.d.ts(1,47): error TS1127: Invalid character.
node_modules/@tanstack/router-core/dist/esm/ssr/client.d.ts(1,48): error TS1127: Invalid character.
node_modules/@tanstack/router-core/dist/esm/ssr/client.d.ts(1,49): error TS1127: Invalid character.
node_modules/@tanstack/router-core/dist/esm/ssr/client.d.ts(1,50): error TS1127: Invalid character.
node_modules/@tanstack/router-core/dist/esm/ssr/client.d.ts(1,51): error TS1127: Invalid character.
node_modules/@tanstack/router-core/dist/esm/ssr/client.d.ts(1,52): error TS1127: Invalid character.
node_modules/@tanstack/router-core/dist/esm/ssr/client.d.ts(1,53): error TS1127: Invalid character.
node_modules/@tanstack/router-core/dist/esm/ssr/client.d.ts(1,54): error TS1127: Invalid character.
node_modules/@tanstack/router-core/dist/esm/ssr/client.d.ts(1,55): error TS1127: Invalid character.
node_modules/@tanstack/router-core/dist/esm/ssr/client.d.ts(1,56): error TS1127: Invalid character.
node_modules/@tanstack/router-core/dist/esm/ssr/client.d.ts(1,57): error TS1127: Invalid character.
node_modules/@tanstack/router-core/dist/esm/ssr/client.d.ts(1,58): error TS1127: Invalid character.
node_modules/@tanstack/router-core/dist/esm/ssr/client.d.ts(1,59): error TS1127: Invalid character.
node_modules/@tanstack/router-core/dist/esm/ssr/client.d.ts(1,60): error TS1127: Invalid character.
node_modules/@tanstack/router-core/dist/esm/ssr/client.d.ts(1,61): error TS1127: Invalid character.
node_modules/@tanstack/router-core/dist/esm/ssr/client.d.ts(1,62): error TS1127: Invalid character.
node_modules/@tanstack/router-core/dist/esm/ssr/client.d.ts(1,63): error TS1127: Invalid character.
node_modules/@tanstack/router-core/dist/esm/ssr/client.d.ts(1,64): error TS1127: Invalid character.
node_modules/@tanstack/router-core/dist/esm/ssr/client.d.ts(1,65): error TS1127: Invalid character.
node_modules/@tanstack/router-core/dist/esm/ssr/client.d.ts(1,66): error TS1127: Invalid character.
node_modules/@tanstack/router-core/dist/esm/ssr/client.d.ts(1,67): error TS1127: Invalid character.
node_modules/@tanstack/router-core/dist/esm/ssr/client.d.ts(1,68): error TS1127: Invalid character.
node_modules/@tanstack/router-core/dist/esm/ssr/client.d.ts(1,69): error TS1127: Invalid character.
node_modules/@tanstack/router-core/dist/esm/ssr/client.d.ts(1,70): error TS1127: Invalid character.
node_modules/@tanstack/router-core/dist/esm/ssr/client.d.ts(1,71): error TS1127: Invalid character.
node_modules/@tanstack/router-core/dist/esm/ssr/client.d.ts(1,72): error TS1127: Invalid character.
node_modules/@tanstack/router-core/dist/esm/ssr/client.d.ts(1,73): error TS1127: Invalid character.
node_modules/@tanstack/router-core/dist/esm/ssr/client.d.ts(1,74): error TS1127: Invalid character.
node_modules/@tanstack/router-core/dist/esm/ssr/client.d.ts(1,75): error TS1127: Invalid character.
node_modules/@tanstack/router-core/dist/esm/ssr/client.d.ts(1,76): error TS1127: Invalid character.
node_modules/@tanstack/router-core/dist/esm/ssr/client.d.ts(1,77): error TS1127: Invalid character.
node_modules/@tanstack/router-core/dist/esm/ssr/client.d.ts(1,78): error TS1127: Invalid character.
node_modules/@tanstack/router-core/dist/esm/ssr/client.d.ts(1,79): error TS1127: Invalid character.
node_modules/@tanstack/router-core/dist/esm/ssr/client.d.ts(1,80): error TS1127: Invalid character.
node_modules/@tanstack/router-core/dist/esm/ssr/client.d.ts(1,81): error TS1127: Invalid character.
node_modules/@tanstack/router-core/dist/esm/ssr/client.d.ts(1,82): error TS1127: Invalid character.
node_modules/@tanstack/router-core/dist/esm/ssr/client.d.ts(1,83): error TS1127: Invalid character.
node_modules/@tanstack/router-core/dist/esm/ssr/client.d.ts(1,84): error TS1127: Invalid character.
node_modules/@tanstack/router-core/dist/esm/ssr/client.d.ts(1,85): error TS1127: Invalid character.
node_modules/@tanstack/router-core/dist/esm/ssr/client.d.ts(1,86): error TS1127: Invalid character.
node_modules/@tanstack/router-core/dist/esm/ssr/client.d.ts(1,87): error TS1127: Invalid character.
node_modules/@tanstack/router-core/dist/esm/ssr/client.d.ts(1,88): error TS1127: Invalid character.
node_modules/@tanstack/router-core/dist/esm/ssr/client.d.ts(1,89): error TS1127: Invalid character.
node_modules/@tanstack/router-core/dist/esm/ssr/client.d.ts(1,90): error TS1127: Invalid character.
node_modules/@tanstack/router-core/dist/esm/ssr/client.d.ts(1,91): error TS1127: Invalid character.
node_modules/@tanstack/router-core/dist/esm/ssr/client.d.ts(1,92): error TS1127: Invalid character.
node_modules/@tanstack/router-core/dist/esm/ssr/client.d.ts(1,93): error TS1127: Invalid character.
node_modules/@tanstack/router-core/dist/esm/ssr/client.d.ts(1,94): error TS1127: Invalid character.
node_modules/@tanstack/router-core/dist/esm/ssr/client.d.ts(1,95): error TS1127: Invalid character.
node_modules/@tanstack/router-core/dist/esm/ssr/client.d.ts(1,96): error TS1127: Invalid character.
node_modules/@tanstack/router-core/dist/esm/ssr/client.d.ts(1,97): error TS1127: Invalid character.
node_modules/@tanstack/router-core/dist/esm/ssr/client.d.ts(1,98): error TS1127: Invalid character.
node_modules/@tanstack/router-core/dist/esm/ssr/client.d.ts(1,99): error TS1127: Invalid character.
node_modules/@tanstack/router-core/dist/esm/ssr/client.d.ts(1,100): error TS1127: Invalid character.
node_modules/@tanstack/router-core/dist/esm/ssr/client.d.ts(1,101): error TS1127: Invalid character.
node_modules/@tanstack/router-core/dist/esm/ssr/client.d.ts(1,102): error TS1127: Invalid character.
node_modules/@tanstack/router-core/dist/esm/ssr/client.d.ts(1,103): error TS1127: Invalid character.
node_modules/@tanstack/router-core/dist/esm/ssr/client.d.ts(1,104): error TS1127: Invalid character.
node_modules/@tanstack/router-core/dist/esm/ssr/client.d.ts(1,105): error TS1127: Invalid character.
node_modules/@tanstack/router-core/dist/esm/ssr/client.d.ts(1,106): error TS1127: Invalid character.
node_modules/@tanstack/router-core/dist/esm/ssr/client.d.ts(1,107): error TS1127: Invalid character.
node_modules/@tanstack/router-core/dist/esm/ssr/client.d.ts(1,108): error TS1127: Invalid character.
node_modules/@tanstack/router-core/dist/esm/ssr/client.d.ts(1,109): error TS1127: Invalid character.
node_modules/@tanstack/router-core/dist/esm/ssr/client.d.ts(1,110): error TS1127: Invalid character.
node_modules/@tanstack/router-core/dist/esm/ssr/client.d.ts(1,111): error TS1127: Invalid character.
node_modules/@tanstack/router-core/dist/esm/ssr/client.d.ts(1,112): error TS1127: Invalid character.
node_modules/@tanstack/router-core/dist/esm/ssr/client.d.ts(1,113): error TS1127: Invalid character.
node_modules/@tanstack/router-core/dist/esm/ssr/client.d.ts(1,114): error TS1127: Invalid character.
node_modules/@tanstack/router-core/dist/esm/ssr/client.d.ts(1,115): error TS1127: Invalid character.
node_modules/@tanstack/router-core/dist/esm/ssr/client.d.ts(1,116): error TS1127: Invalid character.
node_modules/@tanstack/router-core/dist/esm/ssr/client.d.ts(1,117): error TS1127: Invalid character.
node_modules/@tanstack/router-core/dist/esm/ssr/client.d.ts(1,118): error TS1127: Invalid character.
node_modules/@tanstack/router-core/dist/esm/ssr/client.d.ts(1,119): error TS1127: Invalid character.
node_modules/@tanstack/router-core/dist/esm/ssr/client.d.ts(1,120): error TS1127: Invalid character.
node_modules/@tanstack/router-core/dist/esm/ssr/client.d.ts(1,121): error TS1127: Invalid character.
node_modules/@tanstack/router-core/dist/esm/ssr/client.d.ts(1,122): error TS1127: Invalid character.
node_modules/@tanstack/router-core/dist/esm/ssr/client.d.ts(1,123): error TS1127: Invalid character.
node_modules/@tanstack/router-core/dist/esm/ssr/client.d.ts(1,124): error TS1127: Invalid character.
node_modules/@tanstack/router-core/dist/esm/ssr/client.d.ts(1,125): error TS1127: Invalid character.
node_modules/@tanstack/router-core/dist/esm/ssr/client.d.ts(1,126): error TS1127: Invalid character.
node_modules/@tanstack/router-core/dist/esm/ssr/client.d.ts(1,127): error TS1127: Invalid character.
node_modules/@tanstack/router-core/dist/esm/ssr/client.d.ts(1,128): error TS1127: Invalid character.
node_modules/@tanstack/router-core/dist/esm/ssr/client.d.ts(1,129): error TS1127: Invalid character.
node_modules/@tanstack/router-core/dist/esm/ssr/client.d.ts(1,130): error TS1127: Invalid character.
node_modules/@tanstack/router-core/dist/esm/ssr/client.d.ts(1,131): error TS1127: Invalid character.
node_modules/@tanstack/router-core/dist/esm/ssr/client.d.ts(1,132): error TS1127: Invalid character.
node_modules/@tanstack/router-core/dist/esm/ssr/client.d.ts(1,133): error TS1127: Invalid character.
node_modules/@tanstack/router-core/dist/esm/ssr/client.d.ts(1,134): error TS1127: Invalid character.
node_modules/@tanstack/router-core/dist/esm/ssr/client.d.ts(1,135): error TS1127: Invalid character.
node_modules/@tanstack/router-core/dist/esm/ssr/client.d.ts(1,136): error TS1127: Invalid character.
node_modules/@tanstack/router-core/dist/esm/ssr/client.d.ts(1,137): error TS1127: Invalid character.
node_modules/@tanstack/router-core/dist/esm/ssr/client.d.ts(1,138): error TS1127: Invalid character.
node_modules/@tanstack/router-core/dist/esm/ssr/client.d.ts(1,139): error TS1127: Invalid character.
node_modules/@tanstack/router-core/dist/esm/ssr/client.d.ts(1,140): error TS1127: Invalid character.
node_modules/@tanstack/router-core/dist/esm/ssr/client.d.ts(1,141): error TS1127: Invalid character.
node_modules/@tanstack/router-core/dist/esm/ssr/client.d.ts(1,142): error TS1127: Invalid character.
node_modules/@tanstack/router-core/dist/esm/ssr/client.d.ts(1,143): error TS1127: Invalid character.
node_modules/@tanstack/router-core/dist/esm/ssr/client.d.ts(1,144): error TS1127: Invalid character.
node_modules/@tanstack/router-core/dist/esm/ssr/client.d.ts(1,145): error TS1127: Invalid character.
node_modules/@tanstack/router-core/dist/esm/ssr/client.d.ts(1,146): error TS1127: Invalid character.
node_modules/@tanstack/router-core/dist/esm/ssr/client.d.ts(1,147): error TS1127: Invalid character.
node_modules/@tanstack/router-core/dist/esm/ssr/client.d.ts(1,148): error TS1127: Invalid character.
node_modules/@tanstack/router-core/dist/esm/ssr/client.d.ts(1,149): error TS1127: Invalid character.
node_modules/@tanstack/router-core/dist/esm/ssr/client.d.ts(1,150): error TS1127: Invalid character.
node_modules/@tanstack/router-core/dist/esm/ssr/client.d.ts(1,151): error TS1127: Invalid character.
node_modules/@tanstack/router-core/dist/esm/ssr/client.d.ts(1,152): error TS1127: Invalid character.
node_modules/@tanstack/router-core/dist/esm/ssr/client.d.ts(1,153): error TS1127: Invalid character.
node_modules/@tanstack/router-core/dist/esm/ssr/client.d.ts(1,154): error TS1127: Invalid character.
node_modules/@tanstack/router-core/dist/esm/ssr/client.d.ts(1,155): error TS1127: Invalid character.
node_modules/@tanstack/router-core/dist/esm/ssr/client.d.ts(1,156): error TS1127: Invalid character.
node_modules/@tanstack/router-core/dist/esm/ssr/client.d.ts(1,157): error TS1127: Invalid character.
node_modules/@tanstack/router-core/dist/esm/ssr/client.d.ts(1,158): error TS1127: Invalid character.
node_modules/@tanstack/router-core/dist/esm/ssr/client.d.ts(1,159): error TS1127: Invalid character.
node_modules/@tanstack/router-core/dist/esm/ssr/client.d.ts(1,160): error TS1127: Invalid character.
node_modules/@tanstack/router-core/dist/esm/ssr/client.d.ts(1,161): error TS1127: Invalid character.
node_modules/@tanstack/router-core/dist/esm/ssr/client.d.ts(1,162): error TS1127: Invalid character.
node_modules/@tanstack/router-core/dist/esm/ssr/client.d.ts(1,163): error TS1127: Invalid character.
node_modules/@tanstack/router-core/dist/esm/ssr/client.d.ts(1,164): error TS1127: Invalid character.
node_modules/@tanstack/router-core/dist/esm/ssr/client.d.ts(1,165): error TS1127: Invalid character.
node_modules/@tanstack/router-core/dist/esm/ssr/client.d.ts(1,166): error TS1127: Invalid character.
node_modules/@tanstack/router-core/dist/esm/ssr/client.d.ts(1,167): error TS1127: Invalid character.
node_modules/@tanstack/router-core/dist/esm/ssr/client.d.ts(1,168): error TS1127: Invalid character.
node_modules/@tanstack/router-core/dist/esm/ssr/client.d.ts(1,169): error TS1127: Invalid character.
node_modules/@tanstack/router-core/dist/esm/ssr/client.d.ts(1,170): error TS1127: Invalid character.
node_modules/@tanstack/router-core/dist/esm/ssr/client.d.ts(1,171): error TS1127: Invalid character.
node_modules/@tanstack/router-core/dist/esm/ssr/client.d.ts(1,172): error TS1127: Invalid character.
node_modules/@tanstack/router-core/dist/esm/ssr/client.d.ts(1,173): error TS1127: Invalid character.
node_modules/@tanstack/router-core/dist/esm/ssr/client.d.ts(1,174): error TS1127: Invalid character.
node_modules/@tanstack/router-core/dist/esm/ssr/client.d.ts(1,175): error TS1127: Invalid character.
node_modules/@tanstack/router-core/dist/esm/ssr/client.d.ts(1,176): error TS1127: Invalid character.
node_modules/@tanstack/router-core/dist/esm/ssr/client.d.ts(1,177): error TS1127: Invalid character.
node_modules/@tanstack/router-core/dist/esm/ssr/client.d.ts(1,178): error TS1127: Invalid character.
node_modules/@tanstack/router-core/dist/esm/ssr/client.d.ts(1,179): error TS1127: Invalid character.
node_modules/@tanstack/router-core/dist/esm/ssr/client.d.ts(1,180): error TS1127: Invalid character.
node_modules/@tanstack/router-core/dist/esm/ssr/client.d.ts(1,181): error TS1127: Invalid character.
node_modules/@tanstack/router-core/dist/esm/ssr/client.d.ts(1,182): error TS1127: Invalid character.
node_modules/@tanstack/router-core/dist/esm/ssr/client.d.ts(1,183): error TS1127: Invalid character.
node_modules/@tanstack/router-core/dist/esm/ssr/client.d.ts(1,184): error TS1127: Invalid character.
node_modules/@tanstack/router-core/dist/esm/ssr/client.d.ts(1,185): error TS1127: Invalid character.
node_modules/@tanstack/router-core/dist/esm/ssr/client.d.ts(1,186): error TS1127: Invalid character.
node_modules/@tanstack/router-core/dist/esm/ssr/client.d.ts(1,187): error TS1127: Invalid character.
node_modules/@tanstack/router-core/dist/esm/ssr/client.d.ts(1,188): error TS1127: Invalid character.
node_modules/@tanstack/router-core/dist/esm/ssr/client.d.ts(1,189): error TS1127: Invalid character.
node_modules/@tanstack/router-core/dist/esm/ssr/client.d.ts(1,190): error TS1127: Invalid character.
node_modules/@tanstack/router-core/dist/esm/ssr/client.d.ts(1,191): error TS1127: Invalid character.
node_modules/@tanstack/router-core/dist/esm/ssr/client.d.ts(1,192): error TS1127: Invalid character.
node_modules/@tanstack/router-core/dist/esm/ssr/client.d.ts(1,193): error TS1127: Invalid character.
node_modules/@tanstack/router-core/dist/esm/ssr/client.d.ts(1,194): error TS1127: Invalid character.
node_modules/@tanstack/router-core/dist/esm/ssr/client.d.ts(1,195): error TS1127: Invalid character.
node_modules/@tanstack/router-core/dist/esm/ssr/client.d.ts(1,196): error TS1127: Invalid character.
node_modules/@tanstack/router-core/dist/esm/ssr/client.d.ts(1,197): error TS1127: Invalid character.
node_modules/@tanstack/router-core/dist/esm/ssr/client.d.ts(1,198): error TS1127: Invalid character.
node_modules/@tanstack/router-core/dist/esm/ssr/client.d.ts(1,199): error TS1127: Invalid character.
node_modules/@tanstack/router-core/dist/esm/ssr/client.d.ts(1,200): error TS1127: Invalid character.
node_modules/@tanstack/router-core/dist/esm/ssr/client.d.ts(1,201): error TS1127: Invalid character.
node_modules/@tanstack/router-core/dist/esm/ssr/client.d.ts(1,202): error TS1127: Invalid character.
node_modules/@tanstack/router-core/dist/esm/ssr/client.d.ts(1,203): error TS1127: Invalid character.
node_modules/@tanstack/router-core/dist/esm/ssr/client.d.ts(1,204): error TS1127: Invalid character.
node_modules/@tanstack/router-core/dist/esm/ssr/client.d.ts(1,205): error TS1127: Invalid character.
node_modules/@tanstack/router-core/dist/esm/ssr/client.d.ts(1,206): error TS1127: Invalid character.
node_modules/@tanstack/router-core/dist/esm/ssr/client.d.ts(1,207): error TS1127: Invalid character.
node_modules/@tanstack/router-core/dist/esm/ssr/client.d.ts(1,208): error TS1127: Invalid character.
node_modules/@tanstack/router-core/dist/esm/ssr/client.d.ts(1,209): error TS1127: Invalid character.
node_modules/@tanstack/router-core/dist/esm/ssr/client.d.ts(1,210): error TS1127: Invalid character.
node_modules/@tanstack/router-core/dist/esm/ssr/client.d.ts(1,211): error TS1127: Invalid character.
node_modules/@tanstack/router-core/dist/esm/ssr/client.d.ts(1,212): error TS1127: Invalid character.
node_modules/@tanstack/router-core/dist/esm/ssr/client.d.ts(1,213): error TS1127: Invalid character.
node_modules/@tanstack/router-core/dist/esm/ssr/client.d.ts(1,214): error TS1127: Invalid character.
node_modules/@tanstack/router-core/dist/esm/ssr/client.d.ts(1,215): error TS1127: Invalid character.
node_modules/@tanstack/router-core/dist/esm/ssr/client.d.ts(1,216): error TS1127: Invalid character.
node_modules/@tanstack/router-core/dist/esm/ssr/client.d.ts(1,217): error TS1127: Invalid character.
node_modules/@tanstack/router-core/dist/esm/ssr/client.d.ts(1,218): error TS1127: Invalid character.
node_modules/@tanstack/router-core/dist/esm/ssr/client.d.ts(1,219): error TS1127: Invalid character.
node_modules/@tanstack/router-core/dist/esm/ssr/client.d.ts(1,220): error TS1127: Invalid character.
node_modules/@tanstack/router-core/dist/esm/ssr/client.d.ts(1,221): error TS1127: Invalid character.
node_modules/@tanstack/router-core/dist/esm/ssr/client.d.ts(1,222): error TS1127: Invalid character.
node_modules/@tanstack/router-core/dist/esm/ssr/client.d.ts(1,223): error TS1127: Invalid character.
node_modules/@tanstack/router-core/dist/esm/ssr/client.d.ts(1,224): error TS1127: Invalid character.
node_modules/@tanstack/router-core/dist/esm/ssr/client.d.ts(1,225): error TS1127: Invalid character.
node_modules/@tanstack/router-core/dist/esm/ssr/client.d.ts(1,226): error TS1127: Invalid character.
node_modules/@tanstack/router-core/dist/esm/ssr/client.d.ts(1,227): error TS1127: Invalid character.
node_modules/@tanstack/router-core/dist/esm/ssr/client.d.ts(1,228): error TS1127: Invalid character.
node_modules/@tanstack/router-core/dist/esm/ssr/client.d.ts(1,229): error TS1127: Invalid character.
node_modules/@tanstack/router-core/dist/esm/ssr/client.d.ts(1,230): error TS1127: Invalid character.
node_modules/@tanstack/router-core/dist/esm/ssr/client.d.ts(1,231): error TS1127: Invalid character.
node_modules/@tanstack/router-core/dist/esm/ssr/client.d.ts(1,232): error TS1127: Invalid character.
node_modules/@tanstack/router-core/dist/esm/ssr/client.d.ts(1,233): error TS1127: Invalid character.
node_modules/@tanstack/router-core/dist/esm/ssr/client.d.ts(1,234): error TS1127: Invalid character.
node_modules/@tanstack/router-core/dist/esm/ssr/client.d.ts(1,235): error TS1127: Invalid character.
node_modules/@tanstack/router-core/dist/esm/ssr/client.d.ts(1,236): error TS1127: Invalid character.
node_modules/@tanstack/router-core/dist/esm/ssr/client.d.ts(1,237): error TS1127: Invalid character.
node_modules/@tanstack/router-core/dist/esm/ssr/client.d.ts(1,238): error TS1127: Invalid character.
node_modules/@tanstack/router-core/dist/esm/ssr/client.d.ts(1,239): error TS1127: Invalid character.
node_modules/@tanstack/router-core/dist/esm/ssr/client.d.ts(1,240): error TS1127: Invalid character.
node_modules/@tanstack/router-core/dist/esm/ssr/client.d.ts(1,241): error TS1127: Invalid character.
node_modules/@tanstack/router-core/dist/esm/ssr/client.d.ts(1,242): error TS1127: Invalid character.
node_modules/@tanstack/router-core/dist/esm/ssr/client.d.ts(1,243): error TS1127: Invalid character.
node_modules/@tanstack/router-core/dist/esm/ssr/client.d.ts(1,244): error TS1127: Invalid character.
node_modules/@tanstack/router-core/dist/esm/ssr/client.d.ts(1,245): error TS1127: Invalid character.
node_modules/@tanstack/router-core/dist/esm/ssr/client.d.ts(1,246): error TS1127: Invalid character.
node_modules/@tanstack/router-core/dist/esm/ssr/client.d.ts(1,247): error TS1127: Invalid character.
node_modules/@tanstack/router-core/dist/esm/ssr/client.d.ts(1,248): error TS1127: Invalid character.
node_modules/@tanstack/router-core/dist/esm/ssr/client.d.ts(1,249): error TS1127: Invalid character.
node_modules/@tanstack/router-core/dist/esm/ssr/client.d.ts(1,250): error TS1127: Invalid character.
node_modules/@tanstack/router-core/dist/esm/ssr/client.d.ts(1,251): error TS1127: Invalid character.
node_modules/@tanstack/router-core/dist/esm/ssr/client.d.ts(1,252): error TS1127: Invalid character.
node_modules/@tanstack/router-core/dist/esm/ssr/client.d.ts(1,253): error TS1127: Invalid character.
node_modules/@tanstack/router-core/dist/esm/ssr/client.d.ts(1,254): error TS1127: Invalid character.
node_modules/@tanstack/router-core/dist/esm/ssr/client.d.ts(1,255): error TS1127: Invalid character.
node_modules/@tanstack/router-core/dist/esm/ssr/client.d.ts(1,256): error TS1127: Invalid character.
node_modules/@tanstack/router-core/dist/esm/ssr/client.d.ts(1,257): error TS1127: Invalid character.
node_modules/@tanstack/router-core/dist/esm/ssr/client.d.ts(1,258): error TS1127: Invalid character.
node_modules/@tanstack/router-core/dist/esm/ssr/client.d.ts(1,259): error TS1127: Invalid character.
node_modules/@tanstack/router-core/dist/esm/ssr/client.d.ts(1,260): error TS1127: Invalid character.
node_modules/@tanstack/router-core/dist/esm/ssr/client.d.ts(1,261): error TS1127: Invalid character.
node_modules/@tanstack/router-core/dist/esm/ssr/client.d.ts(1,262): error TS1127: Invalid character.
node_modules/@tanstack/router-core/dist/esm/ssr/client.d.ts(1,263): error TS1127: Invalid character.
node_modules/@tanstack/router-core/dist/esm/ssr/client.d.ts(1,264): error TS1127: Invalid character.
node_modules/@tanstack/router-core/dist/esm/ssr/client.d.ts(1,265): error TS1127: Invalid character.
node_modules/@tanstack/router-core/dist/esm/ssr/client.d.ts(1,266): error TS1127: Invalid character.
node_modules/@tanstack/router-core/dist/esm/ssr/client.d.ts(1,267): error TS1127: Invalid character.
node_modules/@tanstack/router-core/dist/esm/ssr/client.d.ts(1,268): error TS1127: Invalid character.
node_modules/@tanstack/router-core/dist/esm/ssr/client.d.ts(1,269): error TS1127: Invalid character.
node_modules/@tanstack/router-core/dist/esm/ssr/client.d.ts(1,270): error TS1127: Invalid character.
node_modules/@tanstack/router-core/dist/esm/ssr/client.d.ts(1,271): error TS1127: Invalid character.
node_modules/@tanstack/router-core/dist/esm/ssr/client.d.ts(1,272): error TS1127: Invalid character.
node_modules/@tanstack/router-core/dist/esm/ssr/client.d.ts(1,273): error TS1127: Invalid character.
node_modules/@tanstack/router-core/dist/esm/ssr/client.d.ts(1,274): error TS1127: Invalid character.
node_modules/@tanstack/router-core/dist/esm/ssr/client.d.ts(1,275): error TS1127: Invalid character.
node_modules/@tanstack/router-core/dist/esm/ssr/client.d.ts(1,276): error TS1127: Invalid character.
node_modules/@tanstack/router-core/dist/esm/ssr/client.d.ts(1,277): error TS1127: Invalid character.
node_modules/@tanstack/router-core/dist/esm/ssr/client.d.ts(1,278): error TS1127: Invalid character.
node_modules/@tanstack/router-core/dist/esm/ssr/client.d.ts(1,279): error TS1127: Invalid character.
node_modules/@tanstack/router-core/dist/esm/ssr/client.d.ts(1,280): error TS1127: Invalid character.
node_modules/@tanstack/router-core/dist/esm/ssr/client.d.ts(1,281): error TS1127: Invalid character.
node_modules/@tanstack/router-core/dist/esm/ssr/client.d.ts(1,282): error TS1127: Invalid character.
node_modules/@tanstack/router-core/dist/esm/ssr/client.d.ts(1,283): error TS1127: Invalid character.
node_modules/@tanstack/router-core/dist/esm/ssr/client.d.ts(1,284): error TS1127: Invalid character.
node_modules/@tanstack/router-core/dist/esm/ssr/client.d.ts(1,285): error TS1127: Invalid character.
node_modules/recharts/types/polar/PolarGrid.d.ts(1,1): error TS1127: Invalid character.
node_modules/recharts/types/polar/PolarGrid.d.ts(1,2): error TS1127: Invalid character.
node_modules/recharts/types/polar/PolarGrid.d.ts(1,3): error TS1127: Invalid character.
node_modules/recharts/types/polar/PolarGrid.d.ts(1,4): error TS1127: Invalid character.
node_modules/recharts/types/polar/PolarGrid.d.ts(1,5): error TS1127: Invalid character.
node_modules/recharts/types/polar/PolarGrid.d.ts(1,6): error TS1127: Invalid character.
node_modules/recharts/types/polar/PolarGrid.d.ts(1,7): error TS1127: Invalid character.
node_modules/recharts/types/polar/PolarGrid.d.ts(1,8): error TS1127: Invalid character.
node_modules/recharts/types/polar/PolarGrid.d.ts(1,9): error TS1127: Invalid character.
node_modules/recharts/types/polar/PolarGrid.d.ts(1,10): error TS1127: Invalid character.
node_modules/recharts/types/polar/PolarGrid.d.ts(1,11): error TS1127: Invalid character.
node_modules/recharts/types/polar/PolarGrid.d.ts(1,12): error TS1127: Invalid character.
node_modules/recharts/types/polar/PolarGrid.d.ts(1,13): error TS1127: Invalid character.
node_modules/recharts/types/polar/PolarGrid.d.ts(1,14): error TS1127: Invalid character.
node_modules/recharts/types/polar/PolarGrid.d.ts(1,15): error TS1127: Invalid character.
node_modules/recharts/types/polar/PolarGrid.d.ts(1,16): error TS1127: Invalid character.
node_modules/recharts/types/polar/PolarGrid.d.ts(1,17): error TS1127: Invalid character.
node_modules/recharts/types/polar/PolarGrid.d.ts(1,18): error TS1127: Invalid character.
node_modules/recharts/types/polar/PolarGrid.d.ts(1,19): error TS1127: Invalid character.
node_modules/recharts/types/polar/PolarGrid.d.ts(1,20): error TS1127: Invalid character.
node_modules/recharts/types/polar/PolarGrid.d.ts(1,21): error TS1127: Invalid character.
node_modules/recharts/types/polar/PolarGrid.d.ts(1,22): error TS1127: Invalid character.
node_modules/recharts/types/polar/PolarGrid.d.ts(1,23): error TS1127: Invalid character.
node_modules/recharts/types/polar/PolarGrid.d.ts(1,24): error TS1127: Invalid character.
node_modules/recharts/types/polar/PolarGrid.d.ts(1,25): error TS1127: Invalid character.
node_modules/recharts/types/polar/PolarGrid.d.ts(1,26): error TS1127: Invalid character.
node_modules/recharts/types/polar/PolarGrid.d.ts(1,27): error TS1127: Invalid character.
node_modules/recharts/types/polar/PolarGrid.d.ts(1,28): error TS1127: Invalid character.
node_modules/recharts/types/polar/PolarGrid.d.ts(1,29): error TS1127: Invalid character.
node_modules/recharts/types/polar/PolarGrid.d.ts(1,30): error TS1127: Invalid character.
node_modules/recharts/types/polar/PolarGrid.d.ts(1,31): error TS1127: Invalid character.
node_modules/recharts/types/polar/PolarGrid.d.ts(1,32): error TS1127: Invalid character.
node_modules/recharts/types/polar/PolarGrid.d.ts(1,33): error TS1127: Invalid character.
node_modules/recharts/types/polar/PolarGrid.d.ts(1,34): error TS1127: Invalid character.
node_modules/recharts/types/polar/PolarGrid.d.ts(1,35): error TS1127: Invalid character.
node_modules/recharts/types/polar/PolarGrid.d.ts(1,36): error TS1127: Invalid character.
node_modules/recharts/types/polar/PolarGrid.d.ts(1,37): error TS1127: Invalid character.
node_modules/recharts/types/polar/PolarGrid.d.ts(1,38): error TS1127: Invalid character.
node_modules/recharts/types/polar/PolarGrid.d.ts(1,39): error TS1127: Invalid character.
node_modules/recharts/types/polar/PolarGrid.d.ts(1,40): error TS1127: Invalid character.
node_modules/recharts/types/polar/PolarGrid.d.ts(1,41): error TS1127: Invalid character.
node_modules/recharts/types/polar/PolarGrid.d.ts(1,42): error TS1127: Invalid character.
node_modules/recharts/types/polar/PolarGrid.d.ts(1,43): error TS1127: Invalid character.
node_modules/recharts/types/polar/PolarGrid.d.ts(1,44): error TS1127: Invalid character.
node_modules/recharts/types/polar/PolarGrid.d.ts(1,45): error TS1127: Invalid character.
node_modules/recharts/types/polar/PolarGrid.d.ts(1,46): error TS1127: Invalid character.
node_modules/recharts/types/polar/PolarGrid.d.ts(1,47): error TS1127: Invalid character.
node_modules/recharts/types/polar/PolarGrid.d.ts(1,48): error TS1127: Invalid character.
node_modules/recharts/types/polar/PolarGrid.d.ts(1,49): error TS1127: Invalid character.
node_modules/recharts/types/polar/PolarGrid.d.ts(1,50): error TS1127: Invalid character.
node_modules/recharts/types/polar/PolarGrid.d.ts(1,51): error TS1127: Invalid character.
node_modules/recharts/types/polar/PolarGrid.d.ts(1,52): error TS1127: Invalid character.
node_modules/recharts/types/polar/PolarGrid.d.ts(1,53): error TS1127: Invalid character.
node_modules/recharts/types/polar/PolarGrid.d.ts(1,54): error TS1127: Invalid character.
node_modules/recharts/types/polar/PolarGrid.d.ts(1,55): error TS1127: Invalid character.
node_modules/recharts/types/polar/PolarGrid.d.ts(1,56): error TS1127: Invalid character.
node_modules/recharts/types/polar/PolarGrid.d.ts(1,57): error TS1127: Invalid character.
node_modules/recharts/types/polar/PolarGrid.d.ts(1,58): error TS1127: Invalid character.
node_modules/recharts/types/polar/PolarGrid.d.ts(1,59): error TS1127: Invalid character.
node_modules/recharts/types/polar/PolarGrid.d.ts(1,60): error TS1127: Invalid character.
node_modules/recharts/types/polar/PolarGrid.d.ts(1,61): error TS1127: Invalid character.
node_modules/recharts/types/polar/PolarGrid.d.ts(1,62): error TS1127: Invalid character.
node_modules/recharts/types/polar/PolarGrid.d.ts(1,63): error TS1127: Invalid character.
node_modules/recharts/types/polar/PolarGrid.d.ts(1,64): error TS1127: Invalid character.
node_modules/recharts/types/polar/PolarGrid.d.ts(1,65): error TS1127: Invalid character.
node_modules/recharts/types/polar/PolarGrid.d.ts(1,66): error TS1127: Invalid character.
node_modules/recharts/types/polar/PolarGrid.d.ts(1,67): error TS1127: Invalid character.
node_modules/recharts/types/polar/PolarGrid.d.ts(1,68): error TS1127: Invalid character.
node_modules/recharts/types/polar/PolarGrid.d.ts(1,69): error TS1127: Invalid character.
node_modules/recharts/types/polar/PolarGrid.d.ts(1,70): error TS1127: Invalid character.
node_modules/recharts/types/polar/PolarGrid.d.ts(1,71): error TS1127: Invalid character.
node_modules/recharts/types/polar/PolarGrid.d.ts(1,72): error TS1127: Invalid character.
node_modules/recharts/types/polar/PolarGrid.d.ts(1,73): error TS1127: Invalid character.
node_modules/recharts/types/polar/PolarGrid.d.ts(1,74): error TS1127: Invalid character.
node_modules/recharts/types/polar/PolarGrid.d.ts(1,75): error TS1127: Invalid character.
node_modules/recharts/types/polar/PolarGrid.d.ts(1,76): error TS1127: Invalid character.
node_modules/recharts/types/polar/PolarGrid.d.ts(1,77): error TS1127: Invalid character.
node_modules/recharts/types/polar/PolarGrid.d.ts(1,78): error TS1127: Invalid character.
node_modules/recharts/types/polar/PolarGrid.d.ts(1,79): error TS1127: Invalid character.
node_modules/recharts/types/polar/PolarGrid.d.ts(1,80): error TS1127: Invalid character.
node_modules/recharts/types/polar/PolarGrid.d.ts(1,81): error TS1127: Invalid character.
node_modules/recharts/types/polar/PolarGrid.d.ts(1,82): error TS1127: Invalid character.
node_modules/recharts/types/polar/PolarGrid.d.ts(1,83): error TS1127: Invalid character.
node_modules/recharts/types/polar/PolarGrid.d.ts(1,84): error TS1127: Invalid character.
node_modules/recharts/types/polar/PolarGrid.d.ts(1,85): error TS1127: Invalid character.
node_modules/recharts/types/polar/PolarGrid.d.ts(1,86): error TS1127: Invalid character.
node_modules/recharts/types/polar/PolarGrid.d.ts(1,87): error TS1127: Invalid character.
node_modules/recharts/types/polar/PolarGrid.d.ts(1,88): error TS1127: Invalid character.
node_modules/recharts/types/polar/PolarGrid.d.ts(1,89): error TS1127: Invalid character.
node_modules/recharts/types/polar/PolarGrid.d.ts(1,90): error TS1127: Invalid character.
node_modules/recharts/types/polar/PolarGrid.d.ts(1,91): error TS1127: Invalid character.
node_modules/recharts/types/polar/PolarGrid.d.ts(1,92): error TS1127: Invalid character.
node_modules/recharts/types/polar/PolarGrid.d.ts(1,93): error TS1127: Invalid character.
node_modules/recharts/types/polar/PolarGrid.d.ts(1,94): error TS1127: Invalid character.
node_modules/recharts/types/polar/PolarGrid.d.ts(1,95): error TS1127: Invalid character.
node_modules/recharts/types/polar/PolarGrid.d.ts(1,96): error TS1127: Invalid character.
node_modules/recharts/types/polar/PolarGrid.d.ts(1,97): error TS1127: Invalid character.
node_modules/recharts/types/polar/PolarGrid.d.ts(1,98): error TS1127: Invalid character.
node_modules/recharts/types/polar/PolarGrid.d.ts(1,99): error TS1127: Invalid character.
node_modules/recharts/types/polar/PolarGrid.d.ts(1,100): error TS1127: Invalid character.
node_modules/recharts/types/polar/PolarGrid.d.ts(1,101): error TS1127: Invalid character.
node_modules/recharts/types/polar/PolarGrid.d.ts(1,102): error TS1127: Invalid character.
node_modules/recharts/types/polar/PolarGrid.d.ts(1,103): error TS1127: Invalid character.
node_modules/recharts/types/polar/PolarGrid.d.ts(1,104): error TS1127: Invalid character.
node_modules/recharts/types/polar/PolarGrid.d.ts(1,105): error TS1127: Invalid character.
node_modules/recharts/types/polar/PolarGrid.d.ts(1,106): error TS1127: Invalid character.
node_modules/recharts/types/polar/PolarGrid.d.ts(1,107): error TS1127: Invalid character.
node_modules/recharts/types/polar/PolarGrid.d.ts(1,108): error TS1127: Invalid character.
node_modules/recharts/types/polar/PolarGrid.d.ts(1,109): error TS1127: Invalid character.
node_modules/recharts/types/polar/PolarGrid.d.ts(1,110): error TS1127: Invalid character.
node_modules/recharts/types/polar/PolarGrid.d.ts(1,111): error TS1127: Invalid character.
node_modules/recharts/types/polar/PolarGrid.d.ts(1,112): error TS1127: Invalid character.
node_modules/recharts/types/polar/PolarGrid.d.ts(1,113): error TS1127: Invalid character.
node_modules/recharts/types/polar/PolarGrid.d.ts(1,114): error TS1127: Invalid character.
node_modules/recharts/types/polar/PolarGrid.d.ts(1,115): error TS1127: Invalid character.
node_modules/recharts/types/polar/PolarGrid.d.ts(1,116): error TS1127: Invalid character.
node_modules/recharts/types/polar/PolarGrid.d.ts(1,117): error TS1127: Invalid character.
node_modules/recharts/types/polar/PolarGrid.d.ts(1,118): error TS1127: Invalid character.
node_modules/recharts/types/polar/PolarGrid.d.ts(1,119): error TS1127: Invalid character.
node_modules/recharts/types/polar/PolarGrid.d.ts(1,120): error TS1127: Invalid character.
node_modules/recharts/types/polar/PolarGrid.d.ts(1,121): error TS1127: Invalid character.
node_modules/recharts/types/polar/PolarGrid.d.ts(1,122): error TS1127: Invalid character.
node_modules/recharts/types/polar/PolarGrid.d.ts(1,123): error TS1127: Invalid character.
node_modules/recharts/types/polar/PolarGrid.d.ts(1,124): error TS1127: Invalid character.
node_modules/recharts/types/polar/PolarGrid.d.ts(1,125): error TS1127: Invalid character.
node_modules/recharts/types/polar/PolarGrid.d.ts(1,126): error TS1127: Invalid character.
node_modules/recharts/types/polar/PolarGrid.d.ts(1,127): error TS1127: Invalid character.
node_modules/recharts/types/polar/PolarGrid.d.ts(1,128): error TS1127: Invalid character.
node_modules/recharts/types/polar/PolarGrid.d.ts(1,129): error TS1127: Invalid character.
node_modules/recharts/types/polar/PolarGrid.d.ts(1,130): error TS1127: Invalid character.
node_modules/recharts/types/polar/PolarGrid.d.ts(1,131): error TS1127: Invalid character.
node_modules/recharts/types/polar/PolarGrid.d.ts(1,132): error TS1127: Invalid character.
node_modules/recharts/types/polar/PolarGrid.d.ts(1,133): error TS1127: Invalid character.
node_modules/recharts/types/polar/PolarGrid.d.ts(1,134): error TS1127: Invalid character.
node_modules/recharts/types/polar/PolarGrid.d.ts(1,135): error TS1127: Invalid character.
node_modules/recharts/types/polar/PolarGrid.d.ts(1,136): error TS1127: Invalid character.
node_modules/recharts/types/polar/PolarGrid.d.ts(1,137): error TS1127: Invalid character.
node_modules/recharts/types/polar/PolarGrid.d.ts(1,138): error TS1127: Invalid character.
node_modules/recharts/types/polar/PolarGrid.d.ts(1,139): error TS1127: Invalid character.
node_modules/recharts/types/polar/PolarGrid.d.ts(1,140): error TS1127: Invalid character.
node_modules/recharts/types/polar/PolarGrid.d.ts(1,141): error TS1127: Invalid character.
node_modules/recharts/types/polar/PolarGrid.d.ts(1,142): error TS1127: Invalid character.
node_modules/recharts/types/polar/PolarGrid.d.ts(1,143): error TS1127: Invalid character.
node_modules/recharts/types/polar/PolarGrid.d.ts(1,144): error TS1127: Invalid character.
node_modules/recharts/types/polar/PolarGrid.d.ts(1,145): error TS1127: Invalid character.
node_modules/recharts/types/polar/PolarGrid.d.ts(1,146): error TS1127: Invalid character.
node_modules/recharts/types/polar/PolarGrid.d.ts(1,147): error TS1127: Invalid character.
node_modules/recharts/types/polar/PolarGrid.d.ts(1,148): error TS1127: Invalid character.
node_modules/recharts/types/polar/PolarGrid.d.ts(1,149): error TS1127: Invalid character.
node_modules/recharts/types/polar/PolarGrid.d.ts(1,150): error TS1127: Invalid character.
node_modules/recharts/types/polar/PolarGrid.d.ts(1,151): error TS1127: Invalid character.
node_modules/recharts/types/polar/PolarGrid.d.ts(1,152): error TS1127: Invalid character.
node_modules/recharts/types/polar/PolarGrid.d.ts(1,153): error TS1127: Invalid character.
node_modules/recharts/types/polar/PolarGrid.d.ts(1,154): error TS1127: Invalid character.
node_modules/recharts/types/polar/PolarGrid.d.ts(1,155): error TS1127: Invalid character.
node_modules/recharts/types/polar/PolarGrid.d.ts(1,156): error TS1127: Invalid character.
node_modules/recharts/types/polar/PolarGrid.d.ts(1,157): error TS1127: Invalid character.
node_modules/recharts/types/polar/PolarGrid.d.ts(1,158): error TS1127: Invalid character.
node_modules/recharts/types/polar/PolarGrid.d.ts(1,159): error TS1127: Invalid character.
node_modules/recharts/types/polar/PolarGrid.d.ts(1,160): error TS1127: Invalid character.
node_modules/recharts/types/polar/PolarGrid.d.ts(1,161): error TS1127: Invalid character.
node_modules/recharts/types/polar/PolarGrid.d.ts(1,162): error TS1127: Invalid character.
node_modules/recharts/types/polar/PolarGrid.d.ts(1,163): error TS1127: Invalid character.
node_modules/recharts/types/polar/PolarGrid.d.ts(1,164): error TS1127: Invalid character.
node_modules/recharts/types/polar/PolarGrid.d.ts(1,165): error TS1127: Invalid character.
node_modules/recharts/types/polar/PolarGrid.d.ts(1,166): error TS1127: Invalid character.
node_modules/recharts/types/polar/PolarGrid.d.ts(1,167): error TS1127: Invalid character.
node_modules/recharts/types/polar/PolarGrid.d.ts(1,168): error TS1127: Invalid character.
node_modules/recharts/types/polar/PolarGrid.d.ts(1,169): error TS1127: Invalid character.
node_modules/recharts/types/polar/PolarGrid.d.ts(1,170): error TS1127: Invalid character.
node_modules/recharts/types/polar/PolarGrid.d.ts(1,171): error TS1127: Invalid character.
node_modules/recharts/types/polar/PolarGrid.d.ts(1,172): error TS1127: Invalid character.
node_modules/recharts/types/polar/PolarGrid.d.ts(1,173): error TS1127: Invalid character.
node_modules/recharts/types/polar/PolarGrid.d.ts(1,174): error TS1127: Invalid character.
node_modules/recharts/types/polar/PolarGrid.d.ts(1,175): error TS1127: Invalid character.
node_modules/recharts/types/polar/PolarGrid.d.ts(1,176): error TS1127: Invalid character.
node_modules/recharts/types/polar/PolarGrid.d.ts(1,177): error TS1127: Invalid character.
node_modules/recharts/types/polar/PolarGrid.d.ts(1,178): error TS1127: Invalid character.
node_modules/recharts/types/polar/PolarGrid.d.ts(1,179): error TS1127: Invalid character.
node_modules/recharts/types/polar/PolarGrid.d.ts(1,180): error TS1127: Invalid character.
node_modules/recharts/types/polar/PolarGrid.d.ts(1,181): error TS1127: Invalid character.
node_modules/recharts/types/polar/PolarGrid.d.ts(1,182): error TS1127: Invalid character.
node_modules/recharts/types/polar/PolarGrid.d.ts(1,183): error TS1127: Invalid character.
node_modules/recharts/types/polar/PolarGrid.d.ts(1,184): error TS1127: Invalid character.
node_modules/recharts/types/polar/PolarGrid.d.ts(1,185): error TS1127: Invalid character.
node_modules/recharts/types/polar/PolarGrid.d.ts(1,186): error TS1127: Invalid character.
node_modules/recharts/types/polar/PolarGrid.d.ts(1,187): error TS1127: Invalid character.
node_modules/recharts/types/polar/PolarGrid.d.ts(1,188): error TS1127: Invalid character.
node_modules/recharts/types/polar/PolarGrid.d.ts(1,189): error TS1127: Invalid character.
node_modules/recharts/types/polar/PolarGrid.d.ts(1,190): error TS1127: Invalid character.
node_modules/recharts/types/polar/PolarGrid.d.ts(1,191): error TS1127: Invalid character.
node_modules/recharts/types/polar/PolarGrid.d.ts(1,192): error TS1127: Invalid character.
node_modules/recharts/types/polar/PolarGrid.d.ts(1,193): error TS1127: Invalid character.
node_modules/recharts/types/polar/PolarGrid.d.ts(1,194): error TS1127: Invalid character.
node_modules/recharts/types/polar/PolarGrid.d.ts(1,195): error TS1127: Invalid character.
node_modules/recharts/types/polar/PolarGrid.d.ts(1,196): error TS1127: Invalid character.
node_modules/recharts/types/polar/PolarGrid.d.ts(1,197): error TS1127: Invalid character.
node_modules/recharts/types/polar/PolarGrid.d.ts(1,198): error TS1127: Invalid character.
node_modules/recharts/types/polar/PolarGrid.d.ts(1,199): error TS1127: Invalid character.
node_modules/recharts/types/polar/PolarGrid.d.ts(1,200): error TS1127: Invalid character.
node_modules/recharts/types/polar/PolarGrid.d.ts(1,201): error TS1127: Invalid character.
node_modules/recharts/types/polar/PolarGrid.d.ts(1,202): error TS1127: Invalid character.
node_modules/recharts/types/polar/PolarGrid.d.ts(1,203): error TS1127: Invalid character.
node_modules/recharts/types/polar/PolarGrid.d.ts(1,204): error TS1127: Invalid character.
node_modules/recharts/types/polar/PolarGrid.d.ts(1,205): error TS1127: Invalid character.
node_modules/recharts/types/polar/PolarGrid.d.ts(1,206): error TS1127: Invalid character.
node_modules/recharts/types/polar/PolarGrid.d.ts(1,207): error TS1127: Invalid character.
node_modules/recharts/types/polar/PolarGrid.d.ts(1,208): error TS1127: Invalid character.
node_modules/recharts/types/polar/PolarGrid.d.ts(1,209): error TS1127: Invalid character.
node_modules/recharts/types/polar/PolarGrid.d.ts(1,210): error TS1127: Invalid character.
node_modules/recharts/types/polar/PolarGrid.d.ts(1,211): error TS1127: Invalid character.
node_modules/recharts/types/polar/PolarGrid.d.ts(1,212): error TS1127: Invalid character.
node_modules/recharts/types/polar/PolarGrid.d.ts(1,213): error TS1127: Invalid character.
node_modules/recharts/types/polar/PolarGrid.d.ts(1,214): error TS1127: Invalid character.
node_modules/recharts/types/polar/PolarGrid.d.ts(1,215): error TS1127: Invalid character.
node_modules/recharts/types/polar/PolarGrid.d.ts(1,216): error TS1127: Invalid character.
node_modules/recharts/types/polar/PolarGrid.d.ts(1,217): error TS1127: Invalid character.
node_modules/recharts/types/polar/PolarGrid.d.ts(1,218): error TS1127: Invalid character.
node_modules/recharts/types/polar/PolarGrid.d.ts(1,219): error TS1127: Invalid character.
node_modules/recharts/types/polar/PolarGrid.d.ts(1,220): error TS1127: Invalid character.
node_modules/recharts/types/polar/PolarGrid.d.ts(1,221): error TS1127: Invalid character.
node_modules/recharts/types/polar/PolarGrid.d.ts(1,222): error TS1127: Invalid character.
node_modules/recharts/types/polar/PolarGrid.d.ts(1,223): error TS1127: Invalid character.
node_modules/recharts/types/polar/PolarGrid.d.ts(1,224): error TS1127: Invalid character.
node_modules/recharts/types/polar/PolarGrid.d.ts(1,225): error TS1127: Invalid character.
node_modules/recharts/types/polar/PolarGrid.d.ts(1,226): error TS1127: Invalid character.
node_modules/recharts/types/polar/PolarGrid.d.ts(1,227): error TS1127: Invalid character.
node_modules/recharts/types/polar/PolarGrid.d.ts(1,228): error TS1127: Invalid character.
node_modules/recharts/types/polar/PolarGrid.d.ts(1,229): error TS1127: Invalid character.
node_modules/recharts/types/polar/PolarGrid.d.ts(1,230): error TS1127: Invalid character.
node_modules/recharts/types/polar/PolarGrid.d.ts(1,231): error TS1127: Invalid character.
node_modules/recharts/types/polar/PolarGrid.d.ts(1,232): error TS1127: Invalid character.
node_modules/recharts/types/polar/PolarGrid.d.ts(1,233): error TS1127: Invalid character.
node_modules/recharts/types/polar/PolarGrid.d.ts(1,234): error TS1127: Invalid character.
node_modules/recharts/types/polar/PolarGrid.d.ts(1,235): error TS1127: Invalid character.
node_modules/recharts/types/polar/PolarGrid.d.ts(1,236): error TS1127: Invalid character.
node_modules/recharts/types/polar/PolarGrid.d.ts(1,237): error TS1127: Invalid character.
node_modules/recharts/types/polar/PolarGrid.d.ts(1,238): error TS1127: Invalid character.
node_modules/recharts/types/polar/PolarGrid.d.ts(1,239): error TS1127: Invalid character.
node_modules/recharts/types/polar/PolarGrid.d.ts(1,240): error TS1127: Invalid character.
node_modules/recharts/types/polar/PolarGrid.d.ts(1,241): error TS1127: Invalid character.
node_modules/recharts/types/polar/PolarGrid.d.ts(1,242): error TS1127: Invalid character.
node_modules/recharts/types/polar/PolarGrid.d.ts(1,243): error TS1127: Invalid character.
node_modules/recharts/types/polar/PolarGrid.d.ts(1,244): error TS1127: Invalid character.
node_modules/recharts/types/polar/PolarGrid.d.ts(1,245): error TS1127: Invalid character.
node_modules/recharts/types/polar/PolarGrid.d.ts(1,246): error TS1127: Invalid character.
node_modules/recharts/types/polar/PolarGrid.d.ts(1,247): error TS1127: Invalid character.
node_modules/recharts/types/polar/PolarGrid.d.ts(1,248): error TS1127: Invalid character.
node_modules/recharts/types/polar/PolarGrid.d.ts(1,249): error TS1127: Invalid character.
node_modules/recharts/types/polar/PolarGrid.d.ts(1,250): error TS1127: Invalid character.
node_modules/recharts/types/polar/PolarGrid.d.ts(1,251): error TS1127: Invalid character.
node_modules/recharts/types/polar/PolarGrid.d.ts(1,252): error TS1127: Invalid character.
node_modules/recharts/types/polar/PolarGrid.d.ts(1,253): error TS1127: Invalid character.
node_modules/recharts/types/polar/PolarGrid.d.ts(1,254): error TS1127: Invalid character.
node_modules/recharts/types/polar/PolarGrid.d.ts(1,255): error TS1127: Invalid character.
node_modules/recharts/types/polar/PolarGrid.d.ts(1,256): error TS1127: Invalid character.
node_modules/recharts/types/polar/PolarGrid.d.ts(1,257): error TS1127: Invalid character.
node_modules/recharts/types/polar/PolarGrid.d.ts(1,258): error TS1127: Invalid character.
node_modules/recharts/types/polar/PolarGrid.d.ts(1,259): error TS1127: Invalid character.
node_modules/recharts/types/polar/PolarGrid.d.ts(1,260): error TS1127: Invalid character.
node_modules/recharts/types/polar/PolarGrid.d.ts(1,261): error TS1127: Invalid character.
node_modules/recharts/types/polar/PolarGrid.d.ts(1,262): error TS1127: Invalid character.
node_modules/recharts/types/polar/PolarGrid.d.ts(1,263): error TS1127: Invalid character.
node_modules/recharts/types/polar/PolarGrid.d.ts(1,264): error TS1127: Invalid character.
node_modules/recharts/types/polar/PolarGrid.d.ts(1,265): error TS1127: Invalid character.
node_modules/recharts/types/polar/PolarGrid.d.ts(1,266): error TS1127: Invalid character.
node_modules/recharts/types/polar/PolarGrid.d.ts(1,267): error TS1127: Invalid character.
node_modules/recharts/types/polar/PolarGrid.d.ts(1,268): error TS1127: Invalid character.
node_modules/recharts/types/polar/PolarGrid.d.ts(1,269): error TS1127: Invalid character.
node_modules/recharts/types/polar/PolarGrid.d.ts(1,270): error TS1127: Invalid character.
node_modules/recharts/types/polar/PolarGrid.d.ts(1,271): error TS1127: Invalid character.
node_modules/recharts/types/polar/PolarGrid.d.ts(1,272): error TS1127: Invalid character.
node_modules/recharts/types/polar/PolarGrid.d.ts(1,273): error TS1127: Invalid character.
node_modules/recharts/types/polar/PolarGrid.d.ts(1,274): error TS1127: Invalid character.
node_modules/recharts/types/polar/PolarGrid.d.ts(1,275): error TS1127: Invalid character.
node_modules/recharts/types/polar/PolarGrid.d.ts(1,276): error TS1127: Invalid character.
node_modules/recharts/types/polar/PolarGrid.d.ts(1,277): error TS1127: Invalid character.
node_modules/recharts/types/polar/PolarGrid.d.ts(1,278): error TS1127: Invalid character.
node_modules/recharts/types/polar/PolarGrid.d.ts(1,279): error TS1127: Invalid character.
node_modules/recharts/types/polar/PolarGrid.d.ts(1,280): error TS1127: Invalid character.
node_modules/recharts/types/polar/PolarGrid.d.ts(1,281): error TS1127: Invalid character.
node_modules/recharts/types/polar/PolarGrid.d.ts(1,282): error TS1127: Invalid character.
node_modules/recharts/types/polar/PolarGrid.d.ts(1,283): error TS1127: Invalid character.
node_modules/recharts/types/polar/PolarGrid.d.ts(1,284): error TS1127: Invalid character.
node_modules/recharts/types/polar/PolarGrid.d.ts(1,285): error TS1127: Invalid character.
node_modules/recharts/types/polar/PolarGrid.d.ts(1,286): error TS1127: Invalid character.
node_modules/recharts/types/polar/PolarGrid.d.ts(1,287): error TS1127: Invalid character.
node_modules/recharts/types/polar/PolarGrid.d.ts(1,288): error TS1127: Invalid character.
node_modules/recharts/types/polar/PolarGrid.d.ts(1,289): error TS1127: Invalid character.
node_modules/recharts/types/polar/PolarGrid.d.ts(1,290): error TS1127: Invalid character.
node_modules/recharts/types/polar/PolarGrid.d.ts(1,291): error TS1127: Invalid character.
node_modules/recharts/types/polar/PolarGrid.d.ts(1,292): error TS1127: Invalid character.
node_modules/recharts/types/polar/PolarGrid.d.ts(1,293): error TS1127: Invalid character.
node_modules/recharts/types/polar/PolarGrid.d.ts(1,294): error TS1127: Invalid character.
node_modules/recharts/types/polar/PolarGrid.d.ts(1,295): error TS1127: Invalid character.
node_modules/recharts/types/polar/PolarGrid.d.ts(1,296): error TS1127: Invalid character.
node_modules/recharts/types/polar/PolarGrid.d.ts(1,297): error TS1127: Invalid character.
node_modules/recharts/types/polar/PolarGrid.d.ts(1,298): error TS1127: Invalid character.
node_modules/recharts/types/polar/PolarGrid.d.ts(1,299): error TS1127: Invalid character.
node_modules/recharts/types/polar/PolarGrid.d.ts(1,300): error TS1127: Invalid character.
node_modules/recharts/types/polar/PolarGrid.d.ts(1,301): error TS1127: Invalid character.
node_modules/recharts/types/polar/PolarGrid.d.ts(1,302): error TS1127: Invalid character.
node_modules/recharts/types/polar/PolarGrid.d.ts(1,303): error TS1127: Invalid character.
node_modules/recharts/types/polar/PolarGrid.d.ts(1,304): error TS1127: Invalid character.
node_modules/recharts/types/polar/PolarGrid.d.ts(1,305): error TS1127: Invalid character.
node_modules/recharts/types/polar/PolarGrid.d.ts(1,306): error TS1127: Invalid character.
node_modules/recharts/types/polar/PolarGrid.d.ts(1,307): error TS1127: Invalid character.
node_modules/recharts/types/polar/PolarGrid.d.ts(1,308): error TS1127: Invalid character.
node_modules/recharts/types/polar/PolarGrid.d.ts(1,309): error TS1127: Invalid character.
node_modules/recharts/types/polar/PolarGrid.d.ts(1,310): error TS1127: Invalid character.
node_modules/recharts/types/polar/PolarGrid.d.ts(1,311): error TS1127: Invalid character.
node_modules/recharts/types/polar/PolarGrid.d.ts(1,312): error TS1127: Invalid character.
node_modules/recharts/types/polar/PolarGrid.d.ts(1,313): error TS1127: Invalid character.
node_modules/recharts/types/polar/PolarGrid.d.ts(1,314): error TS1127: Invalid character.
node_modules/recharts/types/polar/PolarGrid.d.ts(1,315): error TS1127: Invalid character.
node_modules/recharts/types/polar/PolarGrid.d.ts(1,316): error TS1127: Invalid character.
node_modules/recharts/types/polar/PolarGrid.d.ts(1,317): error TS1127: Invalid character.
node_modules/recharts/types/polar/PolarGrid.d.ts(1,318): error TS1127: Invalid character.
node_modules/recharts/types/polar/PolarGrid.d.ts(1,319): error TS1127: Invalid character.
node_modules/recharts/types/polar/PolarGrid.d.ts(1,320): error TS1127: Invalid character.
node_modules/recharts/types/polar/PolarGrid.d.ts(1,321): error TS1127: Invalid character.
node_modules/recharts/types/polar/PolarGrid.d.ts(1,322): error TS1127: Invalid character.
node_modules/recharts/types/polar/PolarGrid.d.ts(1,323): error TS1127: Invalid character.
node_modules/recharts/types/polar/PolarGrid.d.ts(1,324): error TS1127: Invalid character.
node_modules/recharts/types/polar/PolarGrid.d.ts(1,325): error TS1127: Invalid character.
node_modules/recharts/types/polar/PolarGrid.d.ts(1,326): error TS1127: Invalid character.
node_modules/recharts/types/polar/PolarGrid.d.ts(1,327): error TS1127: Invalid character.
node_modules/recharts/types/polar/PolarGrid.d.ts(1,328): error TS1127: Invalid character.
node_modules/recharts/types/polar/PolarGrid.d.ts(1,329): error TS1127: Invalid character.
node_modules/recharts/types/polar/PolarGrid.d.ts(1,330): error TS1127: Invalid character.
node_modules/recharts/types/polar/PolarGrid.d.ts(1,331): error TS1127: Invalid character.
node_modules/recharts/types/polar/PolarGrid.d.ts(1,332): error TS1127: Invalid character.
node_modules/recharts/types/polar/PolarGrid.d.ts(1,333): error TS1127: Invalid character.
node_modules/recharts/types/polar/PolarGrid.d.ts(1,334): error TS1127: Invalid character.
node_modules/recharts/types/polar/PolarGrid.d.ts(1,335): error TS1127: Invalid character.
node_modules/recharts/types/polar/PolarGrid.d.ts(1,336): error TS1127: Invalid character.
node_modules/recharts/types/polar/PolarGrid.d.ts(1,337): error TS1127: Invalid character.
node_modules/recharts/types/polar/PolarGrid.d.ts(1,338): error TS1127: Invalid character.
node_modules/recharts/types/polar/PolarGrid.d.ts(1,339): error TS1127: Invalid character.
node_modules/recharts/types/polar/PolarGrid.d.ts(1,340): error TS1127: Invalid character.
node_modules/recharts/types/polar/PolarGrid.d.ts(1,341): error TS1127: Invalid character.
node_modules/recharts/types/polar/PolarGrid.d.ts(1,342): error TS1127: Invalid character.
node_modules/recharts/types/polar/PolarGrid.d.ts(1,343): error TS1127: Invalid character.
node_modules/recharts/types/polar/PolarGrid.d.ts(1,344): error TS1127: Invalid character.
node_modules/recharts/types/polar/PolarGrid.d.ts(1,345): error TS1127: Invalid character.
node_modules/recharts/types/polar/PolarGrid.d.ts(1,346): error TS1127: Invalid character.
node_modules/recharts/types/polar/PolarGrid.d.ts(1,347): error TS1127: Invalid character.
node_modules/recharts/types/polar/PolarGrid.d.ts(1,348): error TS1127: Invalid character.
node_modules/recharts/types/polar/PolarGrid.d.ts(1,349): error TS1127: Invalid character.
node_modules/recharts/types/polar/PolarGrid.d.ts(1,350): error TS1127: Invalid character.
node_modules/recharts/types/polar/PolarGrid.d.ts(1,351): error TS1127: Invalid character.
node_modules/recharts/types/polar/PolarGrid.d.ts(1,352): error TS1127: Invalid character.
node_modules/recharts/types/polar/PolarGrid.d.ts(1,353): error TS1127: Invalid character.
node_modules/recharts/types/polar/PolarGrid.d.ts(1,354): error TS1127: Invalid character.
node_modules/recharts/types/polar/PolarGrid.d.ts(1,355): error TS1127: Invalid character.
node_modules/recharts/types/polar/PolarGrid.d.ts(1,356): error TS1127: Invalid character.
node_modules/recharts/types/polar/PolarGrid.d.ts(1,357): error TS1127: Invalid character.
node_modules/recharts/types/polar/PolarGrid.d.ts(1,358): error TS1127: Invalid character.
node_modules/recharts/types/polar/PolarGrid.d.ts(1,359): error TS1127: Invalid character.
node_modules/recharts/types/polar/PolarGrid.d.ts(1,360): error TS1127: Invalid character.
node_modules/recharts/types/polar/PolarGrid.d.ts(1,361): error TS1127: Invalid character.
node_modules/recharts/types/polar/PolarGrid.d.ts(1,362): error TS1127: Invalid character.
node_modules/recharts/types/polar/PolarGrid.d.ts(1,363): error TS1127: Invalid character.
node_modules/recharts/types/polar/PolarGrid.d.ts(1,364): error TS1127: Invalid character.
node_modules/recharts/types/polar/PolarGrid.d.ts(1,365): error TS1127: Invalid character.
node_modules/recharts/types/polar/PolarGrid.d.ts(1,366): error TS1127: Invalid character.
node_modules/recharts/types/polar/PolarGrid.d.ts(1,367): error TS1127: Invalid character.
node_modules/recharts/types/polar/PolarGrid.d.ts(1,368): error TS1127: Invalid character.
node_modules/recharts/types/polar/PolarGrid.d.ts(1,369): error TS1127: Invalid character.
node_modules/recharts/types/polar/PolarGrid.d.ts(1,370): error TS1127: Invalid character.
node_modules/recharts/types/polar/PolarGrid.d.ts(1,371): error TS1127: Invalid character.
node_modules/recharts/types/polar/PolarGrid.d.ts(1,372): error TS1127: Invalid character.
node_modules/recharts/types/polar/PolarGrid.d.ts(1,373): error TS1127: Invalid character.
node_modules/recharts/types/polar/PolarGrid.d.ts(1,374): error TS1127: Invalid character.
node_modules/recharts/types/polar/PolarGrid.d.ts(1,375): error TS1127: Invalid character.
node_modules/recharts/types/polar/PolarGrid.d.ts(1,376): error TS1127: Invalid character.
node_modules/recharts/types/polar/PolarGrid.d.ts(1,377): error TS1127: Invalid character.
node_modules/recharts/types/polar/PolarGrid.d.ts(1,378): error TS1127: Invalid character.
node_modules/recharts/types/polar/PolarGrid.d.ts(1,379): error TS1127: Invalid character.
node_modules/recharts/types/polar/PolarGrid.d.ts(1,380): error TS1127: Invalid character.
node_modules/recharts/types/polar/PolarGrid.d.ts(1,381): error TS1127: Invalid character.
node_modules/recharts/types/polar/PolarGrid.d.ts(1,382): error TS1127: Invalid character.
node_modules/recharts/types/polar/PolarGrid.d.ts(1,383): error TS1127: Invalid character.
node_modules/recharts/types/polar/PolarGrid.d.ts(1,384): error TS1127: Invalid character.
node_modules/recharts/types/polar/PolarGrid.d.ts(1,385): error TS1127: Invalid character.
node_modules/recharts/types/polar/PolarGrid.d.ts(1,386): error TS1127: Invalid character.
node_modules/recharts/types/polar/PolarGrid.d.ts(1,387): error TS1127: Invalid character.
node_modules/recharts/types/polar/PolarGrid.d.ts(1,388): error TS1127: Invalid character.
node_modules/recharts/types/polar/PolarGrid.d.ts(1,389): error TS1127: Invalid character.
node_modules/recharts/types/polar/PolarGrid.d.ts(1,390): error TS1127: Invalid character.
node_modules/recharts/types/polar/PolarGrid.d.ts(1,391): error TS1127: Invalid character.
node_modules/recharts/types/polar/PolarGrid.d.ts(1,392): error TS1127: Invalid character.
node_modules/recharts/types/polar/PolarGrid.d.ts(1,393): error TS1127: Invalid character.
node_modules/recharts/types/polar/PolarGrid.d.ts(1,394): error TS1127: Invalid character.
node_modules/recharts/types/polar/PolarGrid.d.ts(1,395): error TS1127: Invalid character.
node_modules/recharts/types/polar/PolarGrid.d.ts(1,396): error TS1127: Invalid character.
node_modules/recharts/types/polar/PolarGrid.d.ts(1,397): error TS1127: Invalid character.
node_modules/recharts/types/polar/PolarGrid.d.ts(1,398): error TS1127: Invalid character.
node_modules/recharts/types/polar/PolarGrid.d.ts(1,399): error TS1127: Invalid character.
node_modules/recharts/types/polar/PolarGrid.d.ts(1,400): error TS1127: Invalid character.
node_modules/recharts/types/polar/PolarGrid.d.ts(1,401): error TS1127: Invalid character.
node_modules/recharts/types/polar/PolarGrid.d.ts(1,402): error TS1127: Invalid character.
node_modules/recharts/types/polar/PolarGrid.d.ts(1,403): error TS1127: Invalid character.
node_modules/recharts/types/polar/PolarGrid.d.ts(1,404): error TS1127: Invalid character.
node_modules/recharts/types/polar/PolarGrid.d.ts(1,405): error TS1127: Invalid character.
node_modules/recharts/types/polar/PolarGrid.d.ts(1,406): error TS1127: Invalid character.
node_modules/recharts/types/polar/PolarGrid.d.ts(1,407): error TS1127: Invalid character.
node_modules/recharts/types/polar/PolarGrid.d.ts(1,408): error TS1127: Invalid character.
node_modules/recharts/types/polar/PolarGrid.d.ts(1,409): error TS1127: Invalid character.
node_modules/recharts/types/polar/PolarGrid.d.ts(1,410): error TS1127: Invalid character.
node_modules/recharts/types/polar/PolarGrid.d.ts(1,411): error TS1127: Invalid character.
node_modules/recharts/types/polar/PolarGrid.d.ts(1,412): error TS1127: Invalid character.
node_modules/recharts/types/polar/PolarGrid.d.ts(1,413): error TS1127: Invalid character.
node_modules/recharts/types/polar/PolarGrid.d.ts(1,414): error TS1127: Invalid character.
node_modules/recharts/types/polar/PolarGrid.d.ts(1,415): error TS1127: Invalid character.
node_modules/recharts/types/polar/PolarGrid.d.ts(1,416): error TS1127: Invalid character.
node_modules/recharts/types/polar/PolarGrid.d.ts(1,417): error TS1127: Invalid character.
node_modules/recharts/types/polar/PolarGrid.d.ts(1,418): error TS1127: Invalid character.
node_modules/recharts/types/polar/PolarGrid.d.ts(1,419): error TS1127: Invalid character.
node_modules/recharts/types/polar/PolarGrid.d.ts(1,420): error TS1127: Invalid character.
node_modules/recharts/types/polar/PolarGrid.d.ts(1,421): error TS1127: Invalid character.
node_modules/recharts/types/polar/PolarGrid.d.ts(1,422): error TS1127: Invalid character.
node_modules/recharts/types/polar/PolarGrid.d.ts(1,423): error TS1127: Invalid character.
node_modules/recharts/types/polar/PolarGrid.d.ts(1,424): error TS1127: Invalid character.
node_modules/recharts/types/polar/PolarGrid.d.ts(1,425): error TS1127: Invalid character.
node_modules/recharts/types/polar/PolarGrid.d.ts(1,426): error TS1127: Invalid character.
node_modules/recharts/types/polar/PolarGrid.d.ts(1,427): error TS1127: Invalid character.
node_modules/recharts/types/polar/PolarGrid.d.ts(1,428): error TS1127: Invalid character.
node_modules/recharts/types/polar/PolarGrid.d.ts(1,429): error TS1127: Invalid character.
node_modules/recharts/types/polar/PolarGrid.d.ts(1,430): error TS1127: Invalid character.
node_modules/recharts/types/polar/PolarGrid.d.ts(1,431): error TS1127: Invalid character.
node_modules/recharts/types/polar/PolarGrid.d.ts(1,432): error TS1127: Invalid character.
node_modules/recharts/types/polar/PolarGrid.d.ts(1,433): error TS1127: Invalid character.
node_modules/recharts/types/polar/PolarGrid.d.ts(1,434): error TS1127: Invalid character.
node_modules/recharts/types/polar/PolarGrid.d.ts(1,435): error TS1127: Invalid character.
node_modules/recharts/types/polar/PolarGrid.d.ts(1,436): error TS1127: Invalid character.
node_modules/recharts/types/polar/PolarGrid.d.ts(1,437): error TS1127: Invalid character.
node_modules/recharts/types/polar/PolarGrid.d.ts(1,438): error TS1127: Invalid character.
node_modules/recharts/types/polar/PolarGrid.d.ts(1,439): error TS1127: Invalid character.
node_modules/recharts/types/polar/PolarGrid.d.ts(1,440): error TS1127: Invalid character.
node_modules/recharts/types/polar/PolarGrid.d.ts(1,441): error TS1127: Invalid character.
node_modules/recharts/types/polar/PolarGrid.d.ts(1,442): error TS1127: Invalid character.
node_modules/recharts/types/polar/PolarGrid.d.ts(1,443): error TS1127: Invalid character.
node_modules/recharts/types/polar/PolarGrid.d.ts(1,444): error TS1127: Invalid character.
node_modules/recharts/types/polar/PolarGrid.d.ts(1,445): error TS1127: Invalid character.
node_modules/recharts/types/polar/PolarGrid.d.ts(1,446): error TS1127: Invalid character.
node_modules/recharts/types/polar/PolarGrid.d.ts(1,447): error TS1127: Invalid character.
node_modules/recharts/types/polar/PolarGrid.d.ts(1,448): error TS1127: Invalid character.
node_modules/recharts/types/polar/PolarGrid.d.ts(1,449): error TS1127: Invalid character.
node_modules/recharts/types/polar/PolarGrid.d.ts(1,450): error TS1127: Invalid character.
node_modules/recharts/types/polar/PolarGrid.d.ts(1,451): error TS1127: Invalid character.
node_modules/recharts/types/polar/PolarGrid.d.ts(1,452): error TS1127: Invalid character.
node_modules/recharts/types/polar/PolarGrid.d.ts(1,453): error TS1127: Invalid character.
node_modules/recharts/types/polar/PolarGrid.d.ts(1,454): error TS1127: Invalid character.
node_modules/recharts/types/polar/PolarGrid.d.ts(1,455): error TS1127: Invalid character.
node_modules/recharts/types/polar/PolarGrid.d.ts(1,456): error TS1127: Invalid character.
node_modules/recharts/types/polar/PolarGrid.d.ts(1,457): error TS1127: Invalid character.
node_modules/recharts/types/polar/PolarGrid.d.ts(1,458): error TS1127: Invalid character.
node_modules/recharts/types/polar/PolarGrid.d.ts(1,459): error TS1127: Invalid character.
node_modules/recharts/types/polar/PolarGrid.d.ts(1,460): error TS1127: Invalid character.
node_modules/recharts/types/polar/PolarGrid.d.ts(1,461): error TS1127: Invalid character.
node_modules/recharts/types/polar/PolarGrid.d.ts(1,462): error TS1127: Invalid character.
node_modules/recharts/types/polar/PolarGrid.d.ts(1,463): error TS1127: Invalid character.
node_modules/recharts/types/polar/PolarGrid.d.ts(1,464): error TS1127: Invalid character.
node_modules/recharts/types/polar/PolarGrid.d.ts(1,465): error TS1127: Invalid character.
node_modules/recharts/types/polar/PolarGrid.d.ts(1,466): error TS1127: Invalid character.
node_modules/recharts/types/polar/PolarGrid.d.ts(1,467): error TS1127: Invalid character.
node_modules/recharts/types/polar/PolarGrid.d.ts(1,468): error TS1127: Invalid character.
node_modules/recharts/types/polar/PolarGrid.d.ts(1,469): error TS1127: Invalid character.
node_modules/recharts/types/polar/PolarGrid.d.ts(1,470): error TS1127: Invalid character.
node_modules/recharts/types/polar/PolarGrid.d.ts(1,471): error TS1127: Invalid character.
node_modules/recharts/types/polar/PolarGrid.d.ts(1,472): error TS1127: Invalid character.
node_modules/recharts/types/polar/PolarGrid.d.ts(1,473): error TS1127: Invalid character.
node_modules/recharts/types/polar/PolarGrid.d.ts(1,474): error TS1127: Invalid character.
node_modules/recharts/types/polar/PolarGrid.d.ts(1,475): error TS1127: Invalid character.
node_modules/recharts/types/polar/PolarGrid.d.ts(1,476): error TS1127: Invalid character.
node_modules/recharts/types/polar/PolarGrid.d.ts(1,477): error TS1127: Invalid character.
node_modules/recharts/types/polar/PolarGrid.d.ts(1,478): error TS1127: Invalid character.
node_modules/recharts/types/polar/PolarGrid.d.ts(1,479): error TS1127: Invalid character.
node_modules/recharts/types/polar/PolarGrid.d.ts(1,480): error TS1127: Invalid character.
node_modules/recharts/types/polar/PolarGrid.d.ts(1,481): error TS1127: Invalid character.
node_modules/recharts/types/polar/PolarGrid.d.ts(1,482): error TS1127: Invalid character.
node_modules/recharts/types/polar/PolarGrid.d.ts(1,483): error TS1127: Invalid character.
node_modules/recharts/types/polar/PolarGrid.d.ts(1,484): error TS1127: Invalid character.
node_modules/recharts/types/polar/PolarGrid.d.ts(1,485): error TS1127: Invalid character.
node_modules/recharts/types/polar/PolarGrid.d.ts(1,486): error TS1127: Invalid character.
node_modules/recharts/types/polar/PolarGrid.d.ts(1,487): error TS1127: Invalid character.
node_modules/recharts/types/polar/PolarGrid.d.ts(1,488): error TS1127: Invalid character.
node_modules/recharts/types/polar/PolarGrid.d.ts(1,489): error TS1127: Invalid character.
node_modules/recharts/types/polar/PolarGrid.d.ts(1,490): error TS1127: Invalid character.
node_modules/recharts/types/polar/PolarGrid.d.ts(1,491): error TS1127: Invalid character.
node_modules/recharts/types/polar/PolarGrid.d.ts(1,492): error TS1127: Invalid character.
node_modules/recharts/types/polar/PolarGrid.d.ts(1,493): error TS1127: Invalid character.
node_modules/recharts/types/polar/PolarGrid.d.ts(1,494): error TS1127: Invalid character.
node_modules/recharts/types/polar/PolarGrid.d.ts(1,495): error TS1127: Invalid character.
node_modules/recharts/types/polar/PolarGrid.d.ts(1,496): error TS1127: Invalid character.
node_modules/recharts/types/polar/PolarGrid.d.ts(1,497): error TS1127: Invalid character.
node_modules/recharts/types/polar/PolarGrid.d.ts(1,498): error TS1127: Invalid character.
node_modules/recharts/types/polar/PolarGrid.d.ts(1,499): error TS1127: Invalid character.
node_modules/recharts/types/polar/PolarGrid.d.ts(1,500): error TS1127: Invalid character.
node_modules/recharts/types/polar/PolarGrid.d.ts(1,501): error TS1127: Invalid character.
node_modules/recharts/types/polar/PolarGrid.d.ts(1,502): error TS1127: Invalid character.
node_modules/recharts/types/polar/PolarGrid.d.ts(1,503): error TS1127: Invalid character.
node_modules/recharts/types/polar/PolarGrid.d.ts(1,504): error TS1127: Invalid character.
node_modules/recharts/types/polar/PolarGrid.d.ts(1,505): error TS1127: Invalid character.
node_modules/recharts/types/polar/PolarGrid.d.ts(1,506): error TS1127: Invalid character.
node_modules/recharts/types/polar/PolarGrid.d.ts(1,507): error TS1127: Invalid character.
node_modules/recharts/types/polar/PolarGrid.d.ts(1,508): error TS1127: Invalid character.
node_modules/recharts/types/polar/PolarGrid.d.ts(1,509): error TS1127: Invalid character.
node_modules/recharts/types/polar/PolarGrid.d.ts(1,510): error TS1127: Invalid character.
node_modules/recharts/types/polar/PolarGrid.d.ts(1,511): error TS1127: Invalid character.
node_modules/recharts/types/polar/PolarGrid.d.ts(1,512): error TS1127: Invalid character.
node_modules/recharts/types/polar/PolarGrid.d.ts(1,513): error TS1127: Invalid character.
node_modules/recharts/types/polar/PolarGrid.d.ts(1,514): error TS1127: Invalid character.
node_modules/recharts/types/polar/PolarGrid.d.ts(1,515): error TS1127: Invalid character.
node_modules/recharts/types/polar/PolarGrid.d.ts(1,516): error TS1127: Invalid character.
node_modules/recharts/types/polar/PolarGrid.d.ts(1,517): error TS1127: Invalid character.
node_modules/recharts/types/polar/PolarGrid.d.ts(1,518): error TS1127: Invalid character.
node_modules/recharts/types/polar/PolarGrid.d.ts(1,519): error TS1127: Invalid character.
node_modules/recharts/types/polar/PolarGrid.d.ts(1,520): error TS1127: Invalid character.
node_modules/recharts/types/polar/PolarGrid.d.ts(1,521): error TS1127: Invalid character.
node_modules/recharts/types/polar/PolarGrid.d.ts(1,522): error TS1127: Invalid character.
node_modules/recharts/types/polar/PolarGrid.d.ts(1,523): error TS1127: Invalid character.
node_modules/recharts/types/polar/PolarGrid.d.ts(1,524): error TS1127: Invalid character.
node_modules/recharts/types/polar/PolarGrid.d.ts(1,525): error TS1127: Invalid character.
node_modules/recharts/types/polar/PolarGrid.d.ts(1,526): error TS1127: Invalid character.
node_modules/recharts/types/polar/PolarGrid.d.ts(1,527): error TS1127: Invalid character.
node_modules/recharts/types/polar/PolarGrid.d.ts(1,528): error TS1127: Invalid character.
node_modules/recharts/types/polar/PolarGrid.d.ts(1,529): error TS1127: Invalid character.
node_modules/recharts/types/polar/PolarGrid.d.ts(1,530): error TS1127: Invalid character.
node_modules/recharts/types/polar/PolarGrid.d.ts(1,531): error TS1127: Invalid character.
node_modules/recharts/types/polar/PolarGrid.d.ts(1,532): error TS1127: Invalid character.
node_modules/recharts/types/polar/PolarGrid.d.ts(1,533): error TS1127: Invalid character.
node_modules/recharts/types/polar/PolarGrid.d.ts(1,534): error TS1127: Invalid character.
node_modules/recharts/types/polar/PolarGrid.d.ts(1,535): error TS1127: Invalid character.
node_modules/recharts/types/polar/PolarGrid.d.ts(1,536): error TS1127: Invalid character.
node_modules/recharts/types/polar/PolarGrid.d.ts(1,537): error TS1127: Invalid character.
node_modules/recharts/types/polar/PolarGrid.d.ts(1,538): error TS1127: Invalid character.
node_modules/recharts/types/polar/PolarGrid.d.ts(1,539): error TS1127: Invalid character.
node_modules/recharts/types/polar/PolarGrid.d.ts(1,540): error TS1127: Invalid character.
node_modules/recharts/types/polar/PolarGrid.d.ts(1,541): error TS1127: Invalid character.
node_modules/recharts/types/polar/PolarGrid.d.ts(1,542): error TS1127: Invalid character.
node_modules/recharts/types/polar/PolarGrid.d.ts(1,543): error TS1127: Invalid character.
node_modules/recharts/types/polar/PolarGrid.d.ts(1,544): error TS1127: Invalid character.
node_modules/recharts/types/polar/PolarGrid.d.ts(1,545): error TS1127: Invalid character.
node_modules/recharts/types/polar/PolarGrid.d.ts(1,546): error TS1127: Invalid character.
node_modules/recharts/types/polar/PolarGrid.d.ts(1,547): error TS1127: Invalid character.
node_modules/recharts/types/polar/PolarGrid.d.ts(1,548): error TS1127: Invalid character.
node_modules/recharts/types/polar/PolarGrid.d.ts(1,549): error TS1127: Invalid character.
node_modules/recharts/types/polar/PolarGrid.d.ts(1,550): error TS1127: Invalid character.
node_modules/recharts/types/polar/PolarGrid.d.ts(1,551): error TS1127: Invalid character.
node_modules/recharts/types/shape/Polygon.d.ts(1,1): error TS1127: Invalid character.
node_modules/recharts/types/shape/Polygon.d.ts(1,2): error TS1127: Invalid character.
node_modules/recharts/types/shape/Polygon.d.ts(1,3): error TS1127: Invalid character.
node_modules/recharts/types/shape/Polygon.d.ts(1,4): error TS1127: Invalid character.
node_modules/recharts/types/shape/Polygon.d.ts(1,5): error TS1127: Invalid character.
node_modules/recharts/types/shape/Polygon.d.ts(1,6): error TS1127: Invalid character.
node_modules/recharts/types/shape/Polygon.d.ts(1,7): error TS1127: Invalid character.
node_modules/recharts/types/shape/Polygon.d.ts(1,8): error TS1127: Invalid character.
node_modules/recharts/types/shape/Polygon.d.ts(1,9): error TS1127: Invalid character.
node_modules/recharts/types/shape/Polygon.d.ts(1,10): error TS1127: Invalid character.
node_modules/recharts/types/shape/Polygon.d.ts(1,11): error TS1127: Invalid character.
node_modules/recharts/types/shape/Polygon.d.ts(1,12): error TS1127: Invalid character.
node_modules/recharts/types/shape/Polygon.d.ts(1,13): error TS1127: Invalid character.
node_modules/recharts/types/shape/Polygon.d.ts(1,14): error TS1127: Invalid character.
node_modules/recharts/types/shape/Polygon.d.ts(1,15): error TS1127: Invalid character.
node_modules/recharts/types/shape/Polygon.d.ts(1,16): error TS1127: Invalid character.
node_modules/recharts/types/shape/Polygon.d.ts(1,17): error TS1127: Invalid character.
node_modules/recharts/types/shape/Polygon.d.ts(1,18): error TS1127: Invalid character.
node_modules/recharts/types/shape/Polygon.d.ts(1,19): error TS1127: Invalid character.
node_modules/recharts/types/shape/Polygon.d.ts(1,20): error TS1127: Invalid character.
node_modules/recharts/types/shape/Polygon.d.ts(1,21): error TS1127: Invalid character.
node_modules/recharts/types/shape/Polygon.d.ts(1,22): error TS1127: Invalid character.
node_modules/recharts/types/shape/Polygon.d.ts(1,23): error TS1127: Invalid character.
node_modules/recharts/types/shape/Polygon.d.ts(1,24): error TS1127: Invalid character.
node_modules/recharts/types/shape/Polygon.d.ts(1,25): error TS1127: Invalid character.
node_modules/recharts/types/shape/Polygon.d.ts(1,26): error TS1127: Invalid character.
node_modules/recharts/types/shape/Polygon.d.ts(1,27): error TS1127: Invalid character.
node_modules/recharts/types/shape/Polygon.d.ts(1,28): error TS1127: Invalid character.
node_modules/recharts/types/shape/Polygon.d.ts(1,29): error TS1127: Invalid character.
node_modules/recharts/types/shape/Polygon.d.ts(1,30): error TS1127: Invalid character.
node_modules/recharts/types/shape/Polygon.d.ts(1,31): error TS1127: Invalid character.
node_modules/recharts/types/shape/Polygon.d.ts(1,32): error TS1127: Invalid character.
node_modules/recharts/types/shape/Polygon.d.ts(1,33): error TS1127: Invalid character.
node_modules/recharts/types/shape/Polygon.d.ts(1,34): error TS1127: Invalid character.
node_modules/recharts/types/shape/Polygon.d.ts(1,35): error TS1127: Invalid character.
node_modules/recharts/types/shape/Polygon.d.ts(1,36): error TS1127: Invalid character.
node_modules/recharts/types/shape/Polygon.d.ts(1,37): error TS1127: Invalid character.
node_modules/recharts/types/shape/Polygon.d.ts(1,38): error TS1127: Invalid character.
node_modules/recharts/types/shape/Polygon.d.ts(1,39): error TS1127: Invalid character.
node_modules/recharts/types/shape/Polygon.d.ts(1,40): error TS1127: Invalid character.
node_modules/recharts/types/shape/Polygon.d.ts(1,41): error TS1127: Invalid character.
node_modules/recharts/types/shape/Polygon.d.ts(1,42): error TS1127: Invalid character.
node_modules/recharts/types/shape/Polygon.d.ts(1,43): error TS1127: Invalid character.
node_modules/recharts/types/shape/Polygon.d.ts(1,44): error TS1127: Invalid character.
node_modules/recharts/types/shape/Polygon.d.ts(1,45): error TS1127: Invalid character.
node_modules/recharts/types/shape/Polygon.d.ts(1,46): error TS1127: Invalid character.
node_modules/recharts/types/shape/Polygon.d.ts(1,47): error TS1127: Invalid character.
node_modules/recharts/types/shape/Polygon.d.ts(1,48): error TS1127: Invalid character.
node_modules/recharts/types/shape/Polygon.d.ts(1,49): error TS1127: Invalid character.
node_modules/recharts/types/shape/Polygon.d.ts(1,50): error TS1127: Invalid character.
node_modules/recharts/types/shape/Polygon.d.ts(1,51): error TS1127: Invalid character.
node_modules/recharts/types/shape/Polygon.d.ts(1,52): error TS1127: Invalid character.
node_modules/recharts/types/shape/Polygon.d.ts(1,53): error TS1127: Invalid character.
node_modules/recharts/types/shape/Polygon.d.ts(1,54): error TS1127: Invalid character.
node_modules/recharts/types/shape/Polygon.d.ts(1,55): error TS1127: Invalid character.
node_modules/recharts/types/shape/Polygon.d.ts(1,56): error TS1127: Invalid character.
node_modules/recharts/types/shape/Polygon.d.ts(1,57): error TS1127: Invalid character.
node_modules/recharts/types/shape/Polygon.d.ts(1,58): error TS1127: Invalid character.
node_modules/recharts/types/shape/Polygon.d.ts(1,59): error TS1127: Invalid character.
node_modules/recharts/types/shape/Polygon.d.ts(1,60): error TS1127: Invalid character.
node_modules/recharts/types/shape/Polygon.d.ts(1,61): error TS1127: Invalid character.
node_modules/recharts/types/shape/Polygon.d.ts(1,62): error TS1127: Invalid character.
node_modules/recharts/types/shape/Polygon.d.ts(1,63): error TS1127: Invalid character.
node_modules/recharts/types/shape/Polygon.d.ts(1,64): error TS1127: Invalid character.
node_modules/recharts/types/shape/Polygon.d.ts(1,65): error TS1127: Invalid character.
node_modules/recharts/types/shape/Polygon.d.ts(1,66): error TS1127: Invalid character.
node_modules/recharts/types/shape/Polygon.d.ts(1,67): error TS1127: Invalid character.
node_modules/recharts/types/shape/Polygon.d.ts(1,68): error TS1127: Invalid character.
node_modules/recharts/types/shape/Polygon.d.ts(1,69): error TS1127: Invalid character.
node_modules/recharts/types/shape/Polygon.d.ts(1,70): error TS1127: Invalid character.
node_modules/recharts/types/shape/Polygon.d.ts(1,71): error TS1127: Invalid character.
node_modules/recharts/types/shape/Polygon.d.ts(1,72): error TS1127: Invalid character.
node_modules/recharts/types/shape/Polygon.d.ts(1,73): error TS1127: Invalid character.
node_modules/recharts/types/shape/Polygon.d.ts(1,74): error TS1127: Invalid character.
node_modules/recharts/types/shape/Polygon.d.ts(1,75): error TS1127: Invalid character.
node_modules/recharts/types/shape/Polygon.d.ts(1,76): error TS1127: Invalid character.
node_modules/recharts/types/shape/Polygon.d.ts(1,77): error TS1127: Invalid character.
node_modules/recharts/types/shape/Polygon.d.ts(1,78): error TS1127: Invalid character.
node_modules/recharts/types/shape/Polygon.d.ts(1,79): error TS1127: Invalid character.
node_modules/recharts/types/shape/Polygon.d.ts(1,80): error TS1127: Invalid character.
node_modules/recharts/types/shape/Polygon.d.ts(1,81): error TS1127: Invalid character.
node_modules/recharts/types/shape/Polygon.d.ts(1,82): error TS1127: Invalid character.
node_modules/recharts/types/shape/Polygon.d.ts(1,83): error TS1127: Invalid character.
node_modules/recharts/types/shape/Polygon.d.ts(1,84): error TS1127: Invalid character.
node_modules/recharts/types/shape/Polygon.d.ts(1,85): error TS1127: Invalid character.
node_modules/recharts/types/shape/Polygon.d.ts(1,86): error TS1127: Invalid character.
node_modules/recharts/types/shape/Polygon.d.ts(1,87): error TS1127: Invalid character.
node_modules/recharts/types/shape/Polygon.d.ts(1,88): error TS1127: Invalid character.
node_modules/recharts/types/shape/Polygon.d.ts(1,89): error TS1127: Invalid character.
node_modules/recharts/types/shape/Polygon.d.ts(1,90): error TS1127: Invalid character.
node_modules/recharts/types/shape/Polygon.d.ts(1,91): error TS1127: Invalid character.
node_modules/recharts/types/shape/Polygon.d.ts(1,92): error TS1127: Invalid character.
node_modules/recharts/types/shape/Polygon.d.ts(1,93): error TS1127: Invalid character.
node_modules/recharts/types/shape/Polygon.d.ts(1,94): error TS1127: Invalid character.
node_modules/recharts/types/shape/Polygon.d.ts(1,95): error TS1127: Invalid character.
node_modules/recharts/types/shape/Polygon.d.ts(1,96): error TS1127: Invalid character.
node_modules/recharts/types/shape/Polygon.d.ts(1,97): error TS1127: Invalid character.
node_modules/recharts/types/shape/Polygon.d.ts(1,98): error TS1127: Invalid character.
node_modules/recharts/types/shape/Polygon.d.ts(1,99): error TS1127: Invalid character.
node_modules/recharts/types/shape/Polygon.d.ts(1,100): error TS1127: Invalid character.
node_modules/recharts/types/shape/Polygon.d.ts(1,101): error TS1127: Invalid character.
node_modules/recharts/types/shape/Polygon.d.ts(1,102): error TS1127: Invalid character.
node_modules/recharts/types/shape/Polygon.d.ts(1,103): error TS1127: Invalid character.
node_modules/recharts/types/shape/Polygon.d.ts(1,104): error TS1127: Invalid character.
node_modules/recharts/types/shape/Polygon.d.ts(1,105): error TS1127: Invalid character.
node_modules/recharts/types/shape/Polygon.d.ts(1,106): error TS1127: Invalid character.
node_modules/recharts/types/shape/Polygon.d.ts(1,107): error TS1127: Invalid character.
node_modules/recharts/types/shape/Polygon.d.ts(1,108): error TS1127: Invalid character.
node_modules/recharts/types/shape/Polygon.d.ts(1,109): error TS1127: Invalid character.
node_modules/recharts/types/shape/Polygon.d.ts(1,110): error TS1127: Invalid character.
node_modules/recharts/types/shape/Polygon.d.ts(1,111): error TS1127: Invalid character.
node_modules/recharts/types/shape/Polygon.d.ts(1,112): error TS1127: Invalid character.
node_modules/recharts/types/shape/Polygon.d.ts(1,113): error TS1127: Invalid character.
node_modules/recharts/types/shape/Polygon.d.ts(1,114): error TS1127: Invalid character.
node_modules/recharts/types/shape/Polygon.d.ts(1,115): error TS1127: Invalid character.
node_modules/recharts/types/shape/Polygon.d.ts(1,116): error TS1127: Invalid character.
node_modules/recharts/types/shape/Polygon.d.ts(1,117): error TS1127: Invalid character.
node_modules/recharts/types/shape/Polygon.d.ts(1,118): error TS1127: Invalid character.
node_modules/recharts/types/shape/Polygon.d.ts(1,119): error TS1127: Invalid character.
node_modules/recharts/types/shape/Polygon.d.ts(1,120): error TS1127: Invalid character.
node_modules/recharts/types/shape/Polygon.d.ts(1,121): error TS1127: Invalid character.
node_modules/recharts/types/shape/Polygon.d.ts(1,122): error TS1127: Invalid character.
node_modules/recharts/types/shape/Polygon.d.ts(1,123): error TS1127: Invalid character.
node_modules/recharts/types/shape/Polygon.d.ts(1,124): error TS1127: Invalid character.
node_modules/recharts/types/shape/Polygon.d.ts(1,125): error TS1127: Invalid character.
node_modules/recharts/types/shape/Polygon.d.ts(1,126): error TS1127: Invalid character.
node_modules/recharts/types/shape/Polygon.d.ts(1,127): error TS1127: Invalid character.
node_modules/recharts/types/shape/Polygon.d.ts(1,128): error TS1127: Invalid character.
node_modules/recharts/types/shape/Polygon.d.ts(1,129): error TS1127: Invalid character.
node_modules/recharts/types/shape/Polygon.d.ts(1,130): error TS1127: Invalid character.
node_modules/recharts/types/shape/Polygon.d.ts(1,131): error TS1127: Invalid character.
node_modules/recharts/types/shape/Polygon.d.ts(1,132): error TS1127: Invalid character.
node_modules/recharts/types/shape/Polygon.d.ts(1,133): error TS1127: Invalid character.
node_modules/recharts/types/shape/Polygon.d.ts(1,134): error TS1127: Invalid character.
node_modules/recharts/types/shape/Polygon.d.ts(1,135): error TS1127: Invalid character.
node_modules/recharts/types/shape/Polygon.d.ts(1,136): error TS1127: Invalid character.
node_modules/recharts/types/shape/Polygon.d.ts(1,137): error TS1127: Invalid character.
node_modules/recharts/types/shape/Polygon.d.ts(1,138): error TS1127: Invalid character.
node_modules/recharts/types/shape/Polygon.d.ts(1,139): error TS1127: Invalid character.
node_modules/recharts/types/shape/Polygon.d.ts(1,140): error TS1127: Invalid character.
node_modules/recharts/types/shape/Polygon.d.ts(1,141): error TS1127: Invalid character.
node_modules/recharts/types/shape/Polygon.d.ts(1,142): error TS1127: Invalid character.
node_modules/recharts/types/shape/Polygon.d.ts(1,143): error TS1127: Invalid character.
node_modules/recharts/types/shape/Polygon.d.ts(1,144): error TS1127: Invalid character.
node_modules/recharts/types/shape/Polygon.d.ts(1,145): error TS1127: Invalid character.
node_modules/recharts/types/shape/Polygon.d.ts(1,146): error TS1127: Invalid character.
node_modules/recharts/types/shape/Polygon.d.ts(1,147): error TS1127: Invalid character.
node_modules/recharts/types/shape/Polygon.d.ts(1,148): error TS1127: Invalid character.
node_modules/recharts/types/shape/Polygon.d.ts(1,149): error TS1127: Invalid character.
node_modules/recharts/types/shape/Polygon.d.ts(1,150): error TS1127: Invalid character.
node_modules/recharts/types/shape/Polygon.d.ts(1,151): error TS1127: Invalid character.
node_modules/recharts/types/shape/Polygon.d.ts(1,152): error TS1127: Invalid character.
node_modules/recharts/types/shape/Polygon.d.ts(1,153): error TS1127: Invalid character.
node_modules/recharts/types/shape/Polygon.d.ts(1,154): error TS1127: Invalid character.
node_modules/recharts/types/shape/Polygon.d.ts(1,155): error TS1127: Invalid character.
node_modules/recharts/types/shape/Polygon.d.ts(1,156): error TS1127: Invalid character.
node_modules/recharts/types/shape/Polygon.d.ts(1,157): error TS1127: Invalid character.
node_modules/recharts/types/shape/Polygon.d.ts(1,158): error TS1127: Invalid character.
node_modules/recharts/types/shape/Polygon.d.ts(1,159): error TS1127: Invalid character.
node_modules/recharts/types/shape/Polygon.d.ts(1,160): error TS1127: Invalid character.
node_modules/recharts/types/shape/Polygon.d.ts(1,161): error TS1127: Invalid character.
node_modules/recharts/types/shape/Polygon.d.ts(1,162): error TS1127: Invalid character.
node_modules/recharts/types/shape/Polygon.d.ts(1,163): error TS1127: Invalid character.
node_modules/recharts/types/shape/Polygon.d.ts(1,164): error TS1127: Invalid character.
node_modules/recharts/types/shape/Polygon.d.ts(1,165): error TS1127: Invalid character.
node_modules/recharts/types/shape/Polygon.d.ts(1,166): error TS1127: Invalid character.
node_modules/recharts/types/shape/Polygon.d.ts(1,167): error TS1127: Invalid character.
node_modules/recharts/types/shape/Polygon.d.ts(1,168): error TS1127: Invalid character.
node_modules/recharts/types/shape/Polygon.d.ts(1,169): error TS1127: Invalid character.
node_modules/recharts/types/shape/Polygon.d.ts(1,170): error TS1127: Invalid character.
node_modules/recharts/types/shape/Polygon.d.ts(1,171): error TS1127: Invalid character.
node_modules/recharts/types/shape/Polygon.d.ts(1,172): error TS1127: Invalid character.
node_modules/recharts/types/shape/Polygon.d.ts(1,173): error TS1127: Invalid character.
node_modules/recharts/types/shape/Polygon.d.ts(1,174): error TS1127: Invalid character.
node_modules/recharts/types/shape/Polygon.d.ts(1,175): error TS1127: Invalid character.
node_modules/recharts/types/shape/Polygon.d.ts(1,176): error TS1127: Invalid character.
node_modules/recharts/types/shape/Polygon.d.ts(1,177): error TS1127: Invalid character.
node_modules/recharts/types/shape/Polygon.d.ts(1,178): error TS1127: Invalid character.
node_modules/recharts/types/shape/Polygon.d.ts(1,179): error TS1127: Invalid character.
node_modules/recharts/types/shape/Polygon.d.ts(1,180): error TS1127: Invalid character.
node_modules/recharts/types/shape/Polygon.d.ts(1,181): error TS1127: Invalid character.
node_modules/recharts/types/shape/Polygon.d.ts(1,182): error TS1127: Invalid character.
node_modules/recharts/types/shape/Polygon.d.ts(1,183): error TS1127: Invalid character.
node_modules/recharts/types/shape/Polygon.d.ts(1,184): error TS1127: Invalid character.
node_modules/recharts/types/shape/Polygon.d.ts(1,185): error TS1127: Invalid character.
node_modules/recharts/types/shape/Polygon.d.ts(1,186): error TS1127: Invalid character.
node_modules/recharts/types/shape/Polygon.d.ts(1,187): error TS1127: Invalid character.
node_modules/recharts/types/shape/Polygon.d.ts(1,188): error TS1127: Invalid character.
node_modules/recharts/types/shape/Polygon.d.ts(1,189): error TS1127: Invalid character.
node_modules/recharts/types/shape/Polygon.d.ts(1,190): error TS1127: Invalid character.
node_modules/recharts/types/shape/Polygon.d.ts(1,191): error TS1127: Invalid character.
node_modules/recharts/types/shape/Polygon.d.ts(1,192): error TS1127: Invalid character.
node_modules/recharts/types/shape/Polygon.d.ts(1,193): error TS1127: Invalid character.
node_modules/recharts/types/shape/Polygon.d.ts(1,194): error TS1127: Invalid character.
node_modules/recharts/types/shape/Polygon.d.ts(1,195): error TS1127: Invalid character.
node_modules/recharts/types/shape/Polygon.d.ts(1,196): error TS1127: Invalid character.
node_modules/recharts/types/shape/Polygon.d.ts(1,197): error TS1127: Invalid character.
node_modules/recharts/types/shape/Polygon.d.ts(1,198): error TS1127: Invalid character.
node_modules/recharts/types/shape/Polygon.d.ts(1,199): error TS1127: Invalid character.
node_modules/recharts/types/shape/Polygon.d.ts(1,200): error TS1127: Invalid character.
node_modules/recharts/types/shape/Polygon.d.ts(1,201): error TS1127: Invalid character.
node_modules/recharts/types/shape/Polygon.d.ts(1,202): error TS1127: Invalid character.
node_modules/recharts/types/shape/Polygon.d.ts(1,203): error TS1127: Invalid character.
node_modules/recharts/types/shape/Polygon.d.ts(1,204): error TS1127: Invalid character.
node_modules/recharts/types/shape/Polygon.d.ts(1,205): error TS1127: Invalid character.
node_modules/recharts/types/shape/Polygon.d.ts(1,206): error TS1127: Invalid character.
node_modules/recharts/types/shape/Polygon.d.ts(1,207): error TS1127: Invalid character.
node_modules/recharts/types/shape/Polygon.d.ts(1,208): error TS1127: Invalid character.
node_modules/recharts/types/shape/Polygon.d.ts(1,209): error TS1127: Invalid character.
node_modules/recharts/types/shape/Polygon.d.ts(1,210): error TS1127: Invalid character.
node_modules/recharts/types/shape/Polygon.d.ts(1,211): error TS1127: Invalid character.
node_modules/recharts/types/shape/Polygon.d.ts(1,212): error TS1127: Invalid character.
node_modules/recharts/types/shape/Polygon.d.ts(1,213): error TS1127: Invalid character.
node_modules/recharts/types/shape/Polygon.d.ts(1,214): error TS1127: Invalid character.
node_modules/recharts/types/shape/Polygon.d.ts(1,215): error TS1127: Invalid character.
node_modules/recharts/types/shape/Polygon.d.ts(1,216): error TS1127: Invalid character.
node_modules/recharts/types/shape/Polygon.d.ts(1,217): error TS1127: Invalid character.
node_modules/recharts/types/shape/Polygon.d.ts(1,218): error TS1127: Invalid character.
node_modules/recharts/types/shape/Polygon.d.ts(1,219): error TS1127: Invalid character.
node_modules/recharts/types/shape/Polygon.d.ts(1,220): error TS1127: Invalid character.
node_modules/recharts/types/shape/Polygon.d.ts(1,221): error TS1127: Invalid character.
node_modules/recharts/types/shape/Polygon.d.ts(1,222): error TS1127: Invalid character.
node_modules/recharts/types/shape/Polygon.d.ts(1,223): error TS1127: Invalid character.
node_modules/recharts/types/shape/Polygon.d.ts(1,224): error TS1127: Invalid character.
node_modules/recharts/types/shape/Polygon.d.ts(1,225): error TS1127: Invalid character.
node_modules/recharts/types/shape/Polygon.d.ts(1,226): error TS1127: Invalid character.
node_modules/recharts/types/shape/Polygon.d.ts(1,227): error TS1127: Invalid character.
node_modules/recharts/types/shape/Polygon.d.ts(1,228): error TS1127: Invalid character.
node_modules/recharts/types/shape/Polygon.d.ts(1,229): error TS1127: Invalid character.
node_modules/recharts/types/shape/Polygon.d.ts(1,230): error TS1127: Invalid character.
node_modules/recharts/types/shape/Polygon.d.ts(1,231): error TS1127: Invalid character.
node_modules/recharts/types/shape/Polygon.d.ts(1,232): error TS1127: Invalid character.
node_modules/recharts/types/shape/Polygon.d.ts(1,233): error TS1127: Invalid character.
node_modules/recharts/types/shape/Polygon.d.ts(1,234): error TS1127: Invalid character.
node_modules/recharts/types/shape/Polygon.d.ts(1,235): error TS1127: Invalid character.
node_modules/recharts/types/shape/Polygon.d.ts(1,236): error TS1127: Invalid character.
node_modules/recharts/types/shape/Polygon.d.ts(1,237): error TS1127: Invalid character.
node_modules/recharts/types/shape/Polygon.d.ts(1,238): error TS1127: Invalid character.
node_modules/recharts/types/shape/Polygon.d.ts(1,239): error TS1127: Invalid character.
node_modules/recharts/types/shape/Polygon.d.ts(1,240): error TS1127: Invalid character.
node_modules/recharts/types/shape/Polygon.d.ts(1,241): error TS1127: Invalid character.
node_modules/recharts/types/shape/Polygon.d.ts(1,242): error TS1127: Invalid character.
node_modules/recharts/types/shape/Polygon.d.ts(1,243): error TS1127: Invalid character.
node_modules/recharts/types/shape/Polygon.d.ts(1,244): error TS1127: Invalid character.
node_modules/recharts/types/shape/Polygon.d.ts(1,245): error TS1127: Invalid character.
node_modules/recharts/types/shape/Polygon.d.ts(1,246): error TS1127: Invalid character.
node_modules/recharts/types/shape/Polygon.d.ts(1,247): error TS1127: Invalid character.
node_modules/recharts/types/shape/Polygon.d.ts(1,248): error TS1127: Invalid character.
node_modules/recharts/types/shape/Polygon.d.ts(1,249): error TS1127: Invalid character.
node_modules/recharts/types/shape/Polygon.d.ts(1,250): error TS1127: Invalid character.
node_modules/recharts/types/shape/Polygon.d.ts(1,251): error TS1127: Invalid character.
node_modules/recharts/types/shape/Polygon.d.ts(1,252): error TS1127: Invalid character.
node_modules/recharts/types/shape/Polygon.d.ts(1,253): error TS1127: Invalid character.
node_modules/recharts/types/shape/Polygon.d.ts(1,254): error TS1127: Invalid character.
node_modules/recharts/types/shape/Polygon.d.ts(1,255): error TS1127: Invalid character.
node_modules/recharts/types/shape/Polygon.d.ts(1,256): error TS1127: Invalid character.
node_modules/recharts/types/shape/Polygon.d.ts(1,257): error TS1127: Invalid character.
node_modules/recharts/types/shape/Polygon.d.ts(1,258): error TS1127: Invalid character.
node_modules/recharts/types/shape/Polygon.d.ts(1,259): error TS1127: Invalid character.
node_modules/recharts/types/shape/Polygon.d.ts(1,260): error TS1127: Invalid character.
node_modules/recharts/types/shape/Polygon.d.ts(1,261): error TS1127: Invalid character.
node_modules/recharts/types/shape/Polygon.d.ts(1,262): error TS1127: Invalid character.
node_modules/recharts/types/shape/Polygon.d.ts(1,263): error TS1127: Invalid character.
node_modules/recharts/types/shape/Polygon.d.ts(1,264): error TS1127: Invalid character.
node_modules/recharts/types/shape/Polygon.d.ts(1,265): error TS1127: Invalid character.
node_modules/recharts/types/shape/Polygon.d.ts(1,266): error TS1127: Invalid character.
node_modules/recharts/types/shape/Polygon.d.ts(1,267): error TS1127: Invalid character.
node_modules/recharts/types/shape/Polygon.d.ts(1,268): error TS1127: Invalid character.
node_modules/recharts/types/shape/Polygon.d.ts(1,269): error TS1127: Invalid character.
node_modules/recharts/types/shape/Polygon.d.ts(1,270): error TS1127: Invalid character.
node_modules/recharts/types/shape/Polygon.d.ts(1,271): error TS1127: Invalid character.
node_modules/recharts/types/shape/Polygon.d.ts(1,272): error TS1127: Invalid character.
node_modules/recharts/types/shape/Polygon.d.ts(1,273): error TS1127: Invalid character.
node_modules/recharts/types/shape/Polygon.d.ts(1,274): error TS1127: Invalid character.
node_modules/recharts/types/shape/Polygon.d.ts(1,275): error TS1127: Invalid character.
node_modules/recharts/types/shape/Polygon.d.ts(1,276): error TS1127: Invalid character.
node_modules/recharts/types/shape/Polygon.d.ts(1,277): error TS1127: Invalid character.
node_modules/recharts/types/shape/Polygon.d.ts(1,278): error TS1127: Invalid character.
node_modules/recharts/types/shape/Polygon.d.ts(1,279): error TS1127: Invalid character.
node_modules/recharts/types/shape/Polygon.d.ts(1,280): error TS1127: Invalid character.
node_modules/recharts/types/shape/Polygon.d.ts(1,281): error TS1127: Invalid character.
node_modules/recharts/types/shape/Polygon.d.ts(1,282): error TS1127: Invalid character.
node_modules/recharts/types/shape/Polygon.d.ts(1,283): error TS1127: Invalid character.
node_modules/recharts/types/shape/Polygon.d.ts(1,284): error TS1127: Invalid character.
node_modules/recharts/types/shape/Polygon.d.ts(1,285): error TS1127: Invalid character.
node_modules/recharts/types/shape/Polygon.d.ts(1,286): error TS1127: Invalid character.
node_modules/recharts/types/shape/Polygon.d.ts(1,287): error TS1127: Invalid character.
node_modules/recharts/types/shape/Polygon.d.ts(1,288): error TS1127: Invalid character.
node_modules/recharts/types/shape/Polygon.d.ts(1,289): error TS1127: Invalid character.
node_modules/recharts/types/shape/Polygon.d.ts(1,290): error TS1127: Invalid character.
node_modules/recharts/types/shape/Polygon.d.ts(1,291): error TS1127: Invalid character.
node_modules/recharts/types/shape/Polygon.d.ts(1,292): error TS1127: Invalid character.
node_modules/recharts/types/shape/Polygon.d.ts(1,293): error TS1127: Invalid character.
node_modules/recharts/types/shape/Polygon.d.ts(1,294): error TS1127: Invalid character.
node_modules/recharts/types/shape/Polygon.d.ts(1,295): error TS1127: Invalid character.
node_modules/recharts/types/shape/Polygon.d.ts(1,296): error TS1127: Invalid character.
node_modules/recharts/types/shape/Polygon.d.ts(1,297): error TS1127: Invalid character.
node_modules/recharts/types/shape/Polygon.d.ts(1,298): error TS1127: Invalid character.
node_modules/recharts/types/shape/Polygon.d.ts(1,299): error TS1127: Invalid character.
node_modules/recharts/types/shape/Polygon.d.ts(1,300): error TS1127: Invalid character.
node_modules/recharts/types/shape/Polygon.d.ts(1,301): error TS1127: Invalid character.
node_modules/recharts/types/shape/Polygon.d.ts(1,302): error TS1127: Invalid character.
node_modules/recharts/types/shape/Polygon.d.ts(1,303): error TS1127: Invalid character.
node_modules/recharts/types/shape/Polygon.d.ts(1,304): error TS1127: Invalid character.
node_modules/recharts/types/shape/Polygon.d.ts(1,305): error TS1127: Invalid character.
node_modules/recharts/types/shape/Polygon.d.ts(1,306): error TS1127: Invalid character.
node_modules/recharts/types/shape/Polygon.d.ts(1,307): error TS1127: Invalid character.
node_modules/recharts/types/shape/Polygon.d.ts(1,308): error TS1127: Invalid character.
node_modules/recharts/types/shape/Polygon.d.ts(1,309): error TS1127: Invalid character.
node_modules/recharts/types/shape/Polygon.d.ts(1,310): error TS1127: Invalid character.
node_modules/recharts/types/shape/Polygon.d.ts(1,311): error TS1127: Invalid character.
node_modules/recharts/types/shape/Polygon.d.ts(1,312): error TS1127: Invalid character.
node_modules/recharts/types/shape/Polygon.d.ts(1,313): error TS1127: Invalid character.
node_modules/recharts/types/shape/Polygon.d.ts(1,314): error TS1127: Invalid character.
node_modules/recharts/types/shape/Polygon.d.ts(1,315): error TS1127: Invalid character.
node_modules/recharts/types/shape/Polygon.d.ts(1,316): error TS1127: Invalid character.
node_modules/recharts/types/shape/Polygon.d.ts(1,317): error TS1127: Invalid character.
node_modules/recharts/types/shape/Polygon.d.ts(1,318): error TS1127: Invalid character.
node_modules/recharts/types/shape/Polygon.d.ts(1,319): error TS1127: Invalid character.
node_modules/recharts/types/shape/Polygon.d.ts(1,320): error TS1127: Invalid character.
node_modules/recharts/types/shape/Polygon.d.ts(1,321): error TS1127: Invalid character.
node_modules/recharts/types/shape/Polygon.d.ts(1,322): error TS1127: Invalid character.
node_modules/recharts/types/shape/Polygon.d.ts(1,323): error TS1127: Invalid character.
node_modules/recharts/types/shape/Polygon.d.ts(1,324): error TS1127: Invalid character.
node_modules/recharts/types/shape/Polygon.d.ts(1,325): error TS1127: Invalid character.
node_modules/recharts/types/shape/Polygon.d.ts(1,326): error TS1127: Invalid character.
node_modules/recharts/types/shape/Polygon.d.ts(1,327): error TS1127: Invalid character.
node_modules/recharts/types/shape/Polygon.d.ts(1,328): error TS1127: Invalid character.
node_modules/recharts/types/shape/Polygon.d.ts(1,329): error TS1127: Invalid character.
node_modules/recharts/types/shape/Polygon.d.ts(1,330): error TS1127: Invalid character.
node_modules/recharts/types/shape/Polygon.d.ts(1,331): error TS1127: Invalid character.
node_modules/recharts/types/shape/Polygon.d.ts(1,332): error TS1127: Invalid character.
node_modules/recharts/types/shape/Polygon.d.ts(1,333): error TS1127: Invalid character.
node_modules/recharts/types/shape/Polygon.d.ts(1,334): error TS1127: Invalid character.
node_modules/recharts/types/shape/Polygon.d.ts(1,335): error TS1127: Invalid character.
node_modules/recharts/types/shape/Polygon.d.ts(1,336): error TS1127: Invalid character.
node_modules/recharts/types/shape/Polygon.d.ts(1,337): error TS1127: Invalid character.
node_modules/recharts/types/shape/Polygon.d.ts(1,338): error TS1127: Invalid character.
node_modules/recharts/types/shape/Polygon.d.ts(1,339): error TS1127: Invalid character.
node_modules/recharts/types/shape/Polygon.d.ts(1,340): error TS1127: Invalid character.
node_modules/recharts/types/shape/Polygon.d.ts(1,341): error TS1127: Invalid character.
node_modules/recharts/types/shape/Polygon.d.ts(1,342): error TS1127: Invalid character.
node_modules/recharts/types/shape/Polygon.d.ts(1,343): error TS1127: Invalid character.
node_modules/recharts/types/shape/Polygon.d.ts(1,344): error TS1127: Invalid character.
node_modules/recharts/types/shape/Polygon.d.ts(1,345): error TS1127: Invalid character.
node_modules/recharts/types/shape/Polygon.d.ts(1,346): error TS1127: Invalid character.
node_modules/recharts/types/shape/Polygon.d.ts(1,347): error TS1127: Invalid character.
node_modules/recharts/types/shape/Polygon.d.ts(1,348): error TS1127: Invalid character.
node_modules/recharts/types/shape/Polygon.d.ts(1,349): error TS1127: Invalid character.
node_modules/recharts/types/shape/Polygon.d.ts(1,350): error TS1127: Invalid character.
node_modules/recharts/types/shape/Polygon.d.ts(1,351): error TS1127: Invalid character.
node_modules/recharts/types/shape/Polygon.d.ts(1,352): error TS1127: Invalid character.
node_modules/recharts/types/shape/Polygon.d.ts(1,353): error TS1127: Invalid character.
node_modules/recharts/types/shape/Polygon.d.ts(1,354): error TS1127: Invalid character.
node_modules/recharts/types/shape/Polygon.d.ts(1,355): error TS1127: Invalid character.
node_modules/recharts/types/shape/Polygon.d.ts(1,356): error TS1127: Invalid character.
node_modules/recharts/types/shape/Polygon.d.ts(1,357): error TS1127: Invalid character.
node_modules/recharts/types/shape/Polygon.d.ts(1,358): error TS1127: Invalid character.
node_modules/recharts/types/shape/Polygon.d.ts(1,359): error TS1127: Invalid character.
node_modules/recharts/types/shape/Polygon.d.ts(1,360): error TS1127: Invalid character.
node_modules/recharts/types/shape/Polygon.d.ts(1,361): error TS1127: Invalid character.
node_modules/recharts/types/shape/Polygon.d.ts(1,362): error TS1127: Invalid character.
node_modules/recharts/types/shape/Polygon.d.ts(1,363): error TS1127: Invalid character.
node_modules/recharts/types/shape/Polygon.d.ts(1,364): error TS1127: Invalid character.
node_modules/recharts/types/shape/Polygon.d.ts(1,365): error TS1127: Invalid character.
node_modules/recharts/types/shape/Polygon.d.ts(1,366): error TS1127: Invalid character.
node_modules/recharts/types/shape/Polygon.d.ts(1,367): error TS1127: Invalid character.
node_modules/recharts/types/shape/Polygon.d.ts(1,368): error TS1127: Invalid character.
node_modules/recharts/types/shape/Polygon.d.ts(1,369): error TS1127: Invalid character.
node_modules/recharts/types/shape/Polygon.d.ts(1,370): error TS1127: Invalid character.
node_modules/recharts/types/shape/Polygon.d.ts(1,371): error TS1127: Invalid character.
node_modules/recharts/types/shape/Polygon.d.ts(1,372): error TS1127: Invalid character.
node_modules/recharts/types/shape/Polygon.d.ts(1,373): error TS1127: Invalid character.
node_modules/recharts/types/shape/Polygon.d.ts(1,374): error TS1127: Invalid character.
node_modules/recharts/types/shape/Polygon.d.ts(1,375): error TS1127: Invalid character.
node_modules/recharts/types/shape/Polygon.d.ts(1,376): error TS1127: Invalid character.
node_modules/recharts/types/shape/Polygon.d.ts(1,377): error TS1127: Invalid character.
node_modules/recharts/types/shape/Polygon.d.ts(1,378): error TS1127: Invalid character.
node_modules/recharts/types/shape/Polygon.d.ts(1,379): error TS1127: Invalid character.
node_modules/recharts/types/shape/Polygon.d.ts(1,380): error TS1127: Invalid character.
node_modules/recharts/types/shape/Polygon.d.ts(1,381): error TS1127: Invalid character.
node_modules/recharts/types/shape/Polygon.d.ts(1,382): error TS1127: Invalid character.
node_modules/recharts/types/shape/Polygon.d.ts(1,383): error TS1127: Invalid character.
node_modules/recharts/types/shape/Polygon.d.ts(1,384): error TS1127: Invalid character.
node_modules/recharts/types/shape/Polygon.d.ts(1,385): error TS1127: Invalid character.
node_modules/recharts/types/shape/Polygon.d.ts(1,386): error TS1127: Invalid character.
node_modules/recharts/types/shape/Polygon.d.ts(1,387): error TS1127: Invalid character.
node_modules/recharts/types/shape/Polygon.d.ts(1,388): error TS1127: Invalid character.
node_modules/recharts/types/shape/Polygon.d.ts(1,389): error TS1127: Invalid character.
node_modules/recharts/types/shape/Polygon.d.ts(1,390): error TS1127: Invalid character.
node_modules/recharts/types/shape/Polygon.d.ts(1,391): error TS1127: Invalid character.
node_modules/recharts/types/shape/Polygon.d.ts(1,392): error TS1127: Invalid character.
node_modules/recharts/types/shape/Polygon.d.ts(1,393): error TS1127: Invalid character.
node_modules/recharts/types/shape/Polygon.d.ts(1,394): error TS1127: Invalid character.
node_modules/recharts/types/shape/Polygon.d.ts(1,395): error TS1127: Invalid character.
node_modules/recharts/types/shape/Polygon.d.ts(1,396): error TS1127: Invalid character.
node_modules/recharts/types/shape/Polygon.d.ts(1,397): error TS1127: Invalid character.
node_modules/recharts/types/shape/Sector.d.ts(1,1): error TS1127: Invalid character.
node_modules/recharts/types/shape/Sector.d.ts(1,2): error TS1127: Invalid character.
node_modules/recharts/types/shape/Sector.d.ts(1,3): error TS1127: Invalid character.
node_modules/recharts/types/shape/Sector.d.ts(1,4): error TS1127: Invalid character.
node_modules/recharts/types/shape/Sector.d.ts(1,5): error TS1127: Invalid character.
node_modules/recharts/types/shape/Sector.d.ts(1,6): error TS1127: Invalid character.
node_modules/recharts/types/shape/Sector.d.ts(1,7): error TS1127: Invalid character.
node_modules/recharts/types/shape/Sector.d.ts(1,8): error TS1127: Invalid character.
node_modules/recharts/types/shape/Sector.d.ts(1,9): error TS1127: Invalid character.
node_modules/recharts/types/shape/Sector.d.ts(1,10): error TS1127: Invalid character.
node_modules/recharts/types/shape/Sector.d.ts(1,11): error TS1127: Invalid character.
node_modules/recharts/types/shape/Sector.d.ts(1,12): error TS1127: Invalid character.
node_modules/recharts/types/shape/Sector.d.ts(1,13): error TS1127: Invalid character.
node_modules/recharts/types/shape/Sector.d.ts(1,14): error TS1127: Invalid character.
node_modules/recharts/types/shape/Sector.d.ts(1,15): error TS1127: Invalid character.
node_modules/recharts/types/shape/Sector.d.ts(1,16): error TS1127: Invalid character.
node_modules/recharts/types/shape/Sector.d.ts(1,17): error TS1127: Invalid character.
node_modules/recharts/types/shape/Sector.d.ts(1,18): error TS1127: Invalid character.
node_modules/recharts/types/shape/Sector.d.ts(1,19): error TS1127: Invalid character.
node_modules/recharts/types/shape/Sector.d.ts(1,20): error TS1127: Invalid character.
node_modules/recharts/types/shape/Sector.d.ts(1,21): error TS1127: Invalid character.
node_modules/recharts/types/shape/Sector.d.ts(1,22): error TS1127: Invalid character.
node_modules/recharts/types/shape/Sector.d.ts(1,23): error TS1127: Invalid character.
node_modules/recharts/types/shape/Sector.d.ts(1,24): error TS1127: Invalid character.
node_modules/recharts/types/shape/Sector.d.ts(1,25): error TS1127: Invalid character.
node_modules/recharts/types/shape/Sector.d.ts(1,26): error TS1127: Invalid character.
node_modules/recharts/types/shape/Sector.d.ts(1,27): error TS1127: Invalid character.
node_modules/recharts/types/shape/Sector.d.ts(1,28): error TS1127: Invalid character.
node_modules/recharts/types/shape/Sector.d.ts(1,29): error TS1127: Invalid character.
node_modules/recharts/types/shape/Sector.d.ts(1,30): error TS1127: Invalid character.
node_modules/recharts/types/shape/Sector.d.ts(1,31): error TS1127: Invalid character.
node_modules/recharts/types/shape/Sector.d.ts(1,32): error TS1127: Invalid character.
node_modules/recharts/types/shape/Sector.d.ts(1,33): error TS1127: Invalid character.
node_modules/recharts/types/shape/Sector.d.ts(1,34): error TS1127: Invalid character.
node_modules/recharts/types/shape/Sector.d.ts(1,35): error TS1127: Invalid character.
node_modules/recharts/types/shape/Sector.d.ts(1,36): error TS1127: Invalid character.
node_modules/recharts/types/shape/Sector.d.ts(1,37): error TS1127: Invalid character.
node_modules/recharts/types/shape/Sector.d.ts(1,38): error TS1127: Invalid character.
node_modules/recharts/types/shape/Sector.d.ts(1,39): error TS1127: Invalid character.
node_modules/recharts/types/shape/Sector.d.ts(1,40): error TS1127: Invalid character.
node_modules/recharts/types/shape/Sector.d.ts(1,41): error TS1127: Invalid character.
node_modules/recharts/types/shape/Sector.d.ts(1,42): error TS1127: Invalid character.
node_modules/recharts/types/shape/Sector.d.ts(1,43): error TS1127: Invalid character.
node_modules/recharts/types/shape/Sector.d.ts(1,44): error TS1127: Invalid character.
node_modules/recharts/types/shape/Sector.d.ts(1,45): error TS1127: Invalid character.
node_modules/recharts/types/shape/Sector.d.ts(1,46): error TS1127: Invalid character.
node_modules/recharts/types/shape/Sector.d.ts(1,47): error TS1127: Invalid character.
node_modules/recharts/types/shape/Sector.d.ts(1,48): error TS1127: Invalid character.
node_modules/recharts/types/shape/Sector.d.ts(1,49): error TS1127: Invalid character.
node_modules/recharts/types/shape/Sector.d.ts(1,50): error TS1127: Invalid character.
node_modules/recharts/types/shape/Sector.d.ts(1,51): error TS1127: Invalid character.
node_modules/recharts/types/shape/Sector.d.ts(1,52): error TS1127: Invalid character.
node_modules/recharts/types/shape/Sector.d.ts(1,53): error TS1127: Invalid character.
node_modules/recharts/types/shape/Sector.d.ts(1,54): error TS1127: Invalid character.
node_modules/recharts/types/shape/Sector.d.ts(1,55): error TS1127: Invalid character.
node_modules/recharts/types/shape/Sector.d.ts(1,56): error TS1127: Invalid character.
node_modules/recharts/types/shape/Sector.d.ts(1,57): error TS1127: Invalid character.
node_modules/recharts/types/shape/Sector.d.ts(1,58): error TS1127: Invalid character.
node_modules/recharts/types/shape/Sector.d.ts(1,59): error TS1127: Invalid character.
node_modules/recharts/types/shape/Sector.d.ts(1,60): error TS1127: Invalid character.
node_modules/recharts/types/shape/Sector.d.ts(1,61): error TS1127: Invalid character.
node_modules/recharts/types/shape/Sector.d.ts(1,62): error TS1127: Invalid character.
node_modules/recharts/types/shape/Sector.d.ts(1,63): error TS1127: Invalid character.
node_modules/recharts/types/shape/Sector.d.ts(1,64): error TS1127: Invalid character.
node_modules/recharts/types/shape/Sector.d.ts(1,65): error TS1127: Invalid character.
node_modules/recharts/types/shape/Sector.d.ts(1,66): error TS1127: Invalid character.
node_modules/recharts/types/shape/Sector.d.ts(1,67): error TS1127: Invalid character.
node_modules/recharts/types/shape/Sector.d.ts(1,68): error TS1127: Invalid character.
node_modules/recharts/types/shape/Sector.d.ts(1,69): error TS1127: Invalid character.
node_modules/recharts/types/shape/Sector.d.ts(1,70): error TS1127: Invalid character.
node_modules/recharts/types/shape/Sector.d.ts(1,71): error TS1127: Invalid character.
node_modules/recharts/types/shape/Sector.d.ts(1,72): error TS1127: Invalid character.
node_modules/recharts/types/shape/Sector.d.ts(1,73): error TS1127: Invalid character.
node_modules/recharts/types/shape/Sector.d.ts(1,74): error TS1127: Invalid character.
node_modules/recharts/types/shape/Sector.d.ts(1,75): error TS1127: Invalid character.
node_modules/recharts/types/shape/Sector.d.ts(1,76): error TS1127: Invalid character.
node_modules/recharts/types/shape/Sector.d.ts(1,77): error TS1127: Invalid character.
node_modules/recharts/types/shape/Sector.d.ts(1,78): error TS1127: Invalid character.
node_modules/recharts/types/shape/Sector.d.ts(1,79): error TS1127: Invalid character.
node_modules/recharts/types/shape/Sector.d.ts(1,80): error TS1127: Invalid character.
node_modules/recharts/types/shape/Sector.d.ts(1,81): error TS1127: Invalid character.
node_modules/recharts/types/shape/Sector.d.ts(1,82): error TS1127: Invalid character.
node_modules/recharts/types/shape/Sector.d.ts(1,83): error TS1127: Invalid character.
node_modules/recharts/types/shape/Sector.d.ts(1,84): error TS1127: Invalid character.
node_modules/recharts/types/shape/Sector.d.ts(1,85): error TS1127: Invalid character.
node_modules/recharts/types/shape/Sector.d.ts(1,86): error TS1127: Invalid character.
node_modules/recharts/types/shape/Sector.d.ts(1,87): error TS1127: Invalid character.
node_modules/recharts/types/shape/Sector.d.ts(1,88): error TS1127: Invalid character.
node_modules/recharts/types/shape/Sector.d.ts(1,89): error TS1127: Invalid character.
node_modules/recharts/types/shape/Sector.d.ts(1,90): error TS1127: Invalid character.
node_modules/recharts/types/shape/Sector.d.ts(1,91): error TS1127: Invalid character.
node_modules/recharts/types/shape/Sector.d.ts(1,92): error TS1127: Invalid character.
node_modules/recharts/types/shape/Sector.d.ts(1,93): error TS1127: Invalid character.
node_modules/recharts/types/shape/Sector.d.ts(1,94): error TS1127: Invalid character.
node_modules/recharts/types/shape/Sector.d.ts(1,95): error TS1127: Invalid character.
node_modules/recharts/types/shape/Sector.d.ts(1,96): error TS1127: Invalid character.
node_modules/recharts/types/shape/Sector.d.ts(1,97): error TS1127: Invalid character.
node_modules/recharts/types/shape/Sector.d.ts(1,98): error TS1127: Invalid character.
node_modules/recharts/types/shape/Sector.d.ts(1,99): error TS1127: Invalid character.
node_modules/recharts/types/shape/Sector.d.ts(1,100): error TS1127: Invalid character.
node_modules/recharts/types/shape/Sector.d.ts(1,101): error TS1127: Invalid character.
node_modules/recharts/types/shape/Sector.d.ts(1,102): error TS1127: Invalid character.
node_modules/recharts/types/shape/Sector.d.ts(1,103): error TS1127: Invalid character.
node_modules/recharts/types/shape/Sector.d.ts(1,104): error TS1127: Invalid character.
node_modules/recharts/types/shape/Sector.d.ts(1,105): error TS1127: Invalid character.
node_modules/recharts/types/shape/Sector.d.ts(1,106): error TS1127: Invalid character.
node_modules/recharts/types/shape/Sector.d.ts(1,107): error TS1127: Invalid character.
node_modules/recharts/types/shape/Sector.d.ts(1,108): error TS1127: Invalid character.
node_modules/recharts/types/shape/Sector.d.ts(1,109): error TS1127: Invalid character.
node_modules/recharts/types/shape/Sector.d.ts(1,110): error TS1127: Invalid character.
node_modules/recharts/types/shape/Sector.d.ts(1,111): error TS1127: Invalid character.
node_modules/recharts/types/shape/Sector.d.ts(1,112): error TS1127: Invalid character.
node_modules/recharts/types/shape/Sector.d.ts(1,113): error TS1127: Invalid character.
node_modules/recharts/types/shape/Sector.d.ts(1,114): error TS1127: Invalid character.
node_modules/recharts/types/shape/Sector.d.ts(1,115): error TS1127: Invalid character.
node_modules/recharts/types/shape/Sector.d.ts(1,116): error TS1127: Invalid character.
node_modules/recharts/types/shape/Sector.d.ts(1,117): error TS1127: Invalid character.
node_modules/recharts/types/shape/Sector.d.ts(1,118): error TS1127: Invalid character.
node_modules/recharts/types/shape/Sector.d.ts(1,119): error TS1127: Invalid character.
node_modules/recharts/types/shape/Sector.d.ts(1,120): error TS1127: Invalid character.
node_modules/recharts/types/shape/Sector.d.ts(1,121): error TS1127: Invalid character.
node_modules/recharts/types/shape/Sector.d.ts(1,122): error TS1127: Invalid character.
node_modules/recharts/types/shape/Sector.d.ts(1,123): error TS1127: Invalid character.
node_modules/recharts/types/shape/Sector.d.ts(1,124): error TS1127: Invalid character.
node_modules/recharts/types/shape/Sector.d.ts(1,125): error TS1127: Invalid character.
node_modules/recharts/types/shape/Sector.d.ts(1,126): error TS1127: Invalid character.
node_modules/recharts/types/shape/Sector.d.ts(1,127): error TS1127: Invalid character.
node_modules/recharts/types/shape/Sector.d.ts(1,128): error TS1127: Invalid character.
node_modules/recharts/types/shape/Sector.d.ts(1,129): error TS1127: Invalid character.
node_modules/recharts/types/shape/Sector.d.ts(1,130): error TS1127: Invalid character.
node_modules/recharts/types/shape/Sector.d.ts(1,131): error TS1127: Invalid character.
node_modules/recharts/types/shape/Sector.d.ts(1,132): error TS1127: Invalid character.
node_modules/recharts/types/shape/Sector.d.ts(1,133): error TS1127: Invalid character.
node_modules/recharts/types/shape/Sector.d.ts(1,134): error TS1127: Invalid character.
node_modules/recharts/types/shape/Sector.d.ts(1,135): error TS1127: Invalid character.
node_modules/recharts/types/shape/Sector.d.ts(1,136): error TS1127: Invalid character.
node_modules/recharts/types/shape/Sector.d.ts(1,137): error TS1127: Invalid character.
node_modules/recharts/types/shape/Sector.d.ts(1,138): error TS1127: Invalid character.
node_modules/recharts/types/shape/Sector.d.ts(1,139): error TS1127: Invalid character.
node_modules/recharts/types/shape/Sector.d.ts(1,140): error TS1127: Invalid character.
node_modules/recharts/types/shape/Sector.d.ts(1,141): error TS1127: Invalid character.
node_modules/recharts/types/shape/Sector.d.ts(1,142): error TS1127: Invalid character.
node_modules/recharts/types/shape/Sector.d.ts(1,143): error TS1127: Invalid character.
node_modules/recharts/types/shape/Sector.d.ts(1,144): error TS1127: Invalid character.
node_modules/recharts/types/shape/Sector.d.ts(1,145): error TS1127: Invalid character.
node_modules/recharts/types/shape/Sector.d.ts(1,146): error TS1127: Invalid character.
node_modules/recharts/types/shape/Sector.d.ts(1,147): error TS1127: Invalid character.
node_modules/recharts/types/shape/Sector.d.ts(1,148): error TS1127: Invalid character.
node_modules/recharts/types/shape/Sector.d.ts(1,149): error TS1127: Invalid character.
node_modules/recharts/types/shape/Sector.d.ts(1,150): error TS1127: Invalid character.
node_modules/recharts/types/shape/Sector.d.ts(1,151): error TS1127: Invalid character.
node_modules/recharts/types/shape/Sector.d.ts(1,152): error TS1127: Invalid character.
node_modules/recharts/types/shape/Sector.d.ts(1,153): error TS1127: Invalid character.
node_modules/recharts/types/shape/Sector.d.ts(1,154): error TS1127: Invalid character.
node_modules/recharts/types/shape/Sector.d.ts(1,155): error TS1127: Invalid character.
node_modules/recharts/types/shape/Sector.d.ts(1,156): error TS1127: Invalid character.
node_modules/recharts/types/shape/Sector.d.ts(1,157): error TS1127: Invalid character.
node_modules/recharts/types/shape/Sector.d.ts(1,158): error TS1127: Invalid character.
node_modules/recharts/types/shape/Sector.d.ts(1,159): error TS1127: Invalid character.
node_modules/recharts/types/shape/Sector.d.ts(1,160): error TS1127: Invalid character.
node_modules/recharts/types/shape/Sector.d.ts(1,161): error TS1127: Invalid character.
node_modules/recharts/types/shape/Sector.d.ts(1,162): error TS1127: Invalid character.
node_modules/recharts/types/shape/Sector.d.ts(1,163): error TS1127: Invalid character.
node_modules/recharts/types/shape/Sector.d.ts(1,164): error TS1127: Invalid character.
node_modules/recharts/types/shape/Sector.d.ts(1,165): error TS1127: Invalid character.
node_modules/recharts/types/shape/Sector.d.ts(1,166): error TS1127: Invalid character.
node_modules/recharts/types/shape/Sector.d.ts(1,167): error TS1127: Invalid character.
node_modules/recharts/types/shape/Sector.d.ts(1,168): error TS1127: Invalid character.
node_modules/recharts/types/shape/Sector.d.ts(1,169): error TS1127: Invalid character.
node_modules/recharts/types/shape/Sector.d.ts(1,170): error TS1127: Invalid character.
node_modules/recharts/types/shape/Sector.d.ts(1,171): error TS1127: Invalid character.
node_modules/recharts/types/shape/Sector.d.ts(1,172): error TS1127: Invalid character.
node_modules/recharts/types/shape/Sector.d.ts(1,173): error TS1127: Invalid character.
node_modules/recharts/types/shape/Sector.d.ts(1,174): error TS1127: Invalid character.
node_modules/recharts/types/shape/Sector.d.ts(1,175): error TS1127: Invalid character.
node_modules/recharts/types/shape/Sector.d.ts(1,176): error TS1127: Invalid character.
node_modules/recharts/types/shape/Sector.d.ts(1,177): error TS1127: Invalid character.
node_modules/recharts/types/shape/Sector.d.ts(1,178): error TS1127: Invalid character.
node_modules/recharts/types/shape/Sector.d.ts(1,179): error TS1127: Invalid character.
node_modules/recharts/types/shape/Sector.d.ts(1,180): error TS1127: Invalid character.
node_modules/recharts/types/shape/Sector.d.ts(1,181): error TS1127: Invalid character.
node_modules/recharts/types/shape/Sector.d.ts(1,182): error TS1127: Invalid character.
node_modules/recharts/types/shape/Sector.d.ts(1,183): error TS1127: Invalid character.
node_modules/recharts/types/shape/Sector.d.ts(1,184): error TS1127: Invalid character.
node_modules/recharts/types/shape/Sector.d.ts(1,185): error TS1127: Invalid character.
node_modules/recharts/types/shape/Sector.d.ts(1,186): error TS1127: Invalid character.
node_modules/recharts/types/shape/Sector.d.ts(1,187): error TS1127: Invalid character.
node_modules/recharts/types/shape/Sector.d.ts(1,188): error TS1127: Invalid character.
node_modules/recharts/types/shape/Sector.d.ts(1,189): error TS1127: Invalid character.
node_modules/recharts/types/shape/Sector.d.ts(1,190): error TS1127: Invalid character.
node_modules/recharts/types/shape/Sector.d.ts(1,191): error TS1127: Invalid character.
node_modules/recharts/types/shape/Sector.d.ts(1,192): error TS1127: Invalid character.
node_modules/recharts/types/shape/Sector.d.ts(1,193): error TS1127: Invalid character.
node_modules/recharts/types/shape/Sector.d.ts(1,194): error TS1127: Invalid character.
node_modules/recharts/types/shape/Sector.d.ts(1,195): error TS1127: Invalid character.
node_modules/recharts/types/shape/Sector.d.ts(1,196): error TS1127: Invalid character.
node_modules/recharts/types/shape/Sector.d.ts(1,197): error TS1127: Invalid character.
node_modules/recharts/types/shape/Sector.d.ts(1,198): error TS1127: Invalid character.
node_modules/recharts/types/shape/Sector.d.ts(1,199): error TS1127: Invalid character.
node_modules/recharts/types/shape/Sector.d.ts(1,200): error TS1127: Invalid character.
node_modules/recharts/types/shape/Sector.d.ts(1,201): error TS1127: Invalid character.
node_modules/recharts/types/shape/Sector.d.ts(1,202): error TS1127: Invalid character.
node_modules/recharts/types/shape/Sector.d.ts(1,203): error TS1127: Invalid character.
node_modules/recharts/types/shape/Sector.d.ts(1,204): error TS1127: Invalid character.
node_modules/recharts/types/shape/Sector.d.ts(1,205): error TS1127: Invalid character.
node_modules/recharts/types/shape/Sector.d.ts(1,206): error TS1127: Invalid character.
node_modules/recharts/types/shape/Sector.d.ts(1,207): error TS1127: Invalid character.
node_modules/recharts/types/shape/Sector.d.ts(1,208): error TS1127: Invalid character.
node_modules/recharts/types/shape/Sector.d.ts(1,209): error TS1127: Invalid character.
node_modules/recharts/types/shape/Sector.d.ts(1,210): error TS1127: Invalid character.
node_modules/recharts/types/shape/Sector.d.ts(1,211): error TS1127: Invalid character.
node_modules/recharts/types/shape/Sector.d.ts(1,212): error TS1127: Invalid character.
node_modules/recharts/types/shape/Sector.d.ts(1,213): error TS1127: Invalid character.
node_modules/recharts/types/shape/Sector.d.ts(1,214): error TS1127: Invalid character.
node_modules/recharts/types/shape/Sector.d.ts(1,215): error TS1127: Invalid character.
node_modules/recharts/types/shape/Sector.d.ts(1,216): error TS1127: Invalid character.
node_modules/recharts/types/shape/Sector.d.ts(1,217): error TS1127: Invalid character.
node_modules/recharts/types/shape/Sector.d.ts(1,218): error TS1127: Invalid character.
node_modules/recharts/types/shape/Sector.d.ts(1,219): error TS1127: Invalid character.
node_modules/recharts/types/shape/Sector.d.ts(1,220): error TS1127: Invalid character.
node_modules/recharts/types/shape/Sector.d.ts(1,221): error TS1127: Invalid character.
node_modules/recharts/types/shape/Sector.d.ts(1,222): error TS1127: Invalid character.
node_modules/recharts/types/shape/Sector.d.ts(1,223): error TS1127: Invalid character.
node_modules/recharts/types/shape/Sector.d.ts(1,224): error TS1127: Invalid character.
node_modules/recharts/types/shape/Sector.d.ts(1,225): error TS1127: Invalid character.
node_modules/recharts/types/shape/Sector.d.ts(1,226): error TS1127: Invalid character.
node_modules/recharts/types/shape/Sector.d.ts(1,227): error TS1127: Invalid character.
node_modules/recharts/types/shape/Sector.d.ts(1,228): error TS1127: Invalid character.
node_modules/recharts/types/shape/Sector.d.ts(1,229): error TS1127: Invalid character.
node_modules/recharts/types/shape/Sector.d.ts(1,230): error TS1127: Invalid character.
node_modules/recharts/types/shape/Sector.d.ts(1,231): error TS1127: Invalid character.
node_modules/recharts/types/shape/Sector.d.ts(1,232): error TS1127: Invalid character.
node_modules/recharts/types/shape/Sector.d.ts(1,233): error TS1127: Invalid character.
node_modules/recharts/types/shape/Sector.d.ts(1,234): error TS1127: Invalid character.
node_modules/recharts/types/shape/Sector.d.ts(1,235): error TS1127: Invalid character.
node_modules/recharts/types/shape/Sector.d.ts(1,236): error TS1127: Invalid character.
node_modules/recharts/types/shape/Sector.d.ts(1,237): error TS1127: Invalid character.
node_modules/recharts/types/shape/Sector.d.ts(1,238): error TS1127: Invalid character.
node_modules/recharts/types/shape/Sector.d.ts(1,239): error TS1127: Invalid character.
node_modules/recharts/types/shape/Sector.d.ts(1,240): error TS1127: Invalid character.
node_modules/recharts/types/shape/Sector.d.ts(1,241): error TS1127: Invalid character.
node_modules/recharts/types/shape/Sector.d.ts(1,242): error TS1127: Invalid character.
node_modules/recharts/types/shape/Sector.d.ts(1,243): error TS1127: Invalid character.
node_modules/recharts/types/shape/Sector.d.ts(1,244): error TS1127: Invalid character.
node_modules/recharts/types/shape/Sector.d.ts(1,245): error TS1127: Invalid character.
node_modules/recharts/types/shape/Sector.d.ts(1,246): error TS1127: Invalid character.
node_modules/recharts/types/shape/Sector.d.ts(1,247): error TS1127: Invalid character.
node_modules/recharts/types/shape/Sector.d.ts(1,248): error TS1127: Invalid character.
node_modules/recharts/types/shape/Sector.d.ts(1,249): error TS1127: Invalid character.
node_modules/recharts/types/shape/Sector.d.ts(1,250): error TS1127: Invalid character.
node_modules/recharts/types/shape/Sector.d.ts(1,251): error TS1127: Invalid character.
node_modules/recharts/types/shape/Sector.d.ts(1,252): error TS1127: Invalid character.
node_modules/recharts/types/shape/Sector.d.ts(1,253): error TS1127: Invalid character.
node_modules/recharts/types/shape/Sector.d.ts(1,254): error TS1127: Invalid character.
node_modules/recharts/types/shape/Sector.d.ts(1,255): error TS1127: Invalid character.
node_modules/recharts/types/shape/Sector.d.ts(1,256): error TS1127: Invalid character.
node_modules/recharts/types/shape/Sector.d.ts(1,257): error TS1127: Invalid character.
node_modules/recharts/types/shape/Sector.d.ts(1,258): error TS1127: Invalid character.
node_modules/recharts/types/shape/Sector.d.ts(1,259): error TS1127: Invalid character.
node_modules/recharts/types/shape/Sector.d.ts(1,260): error TS1127: Invalid character.
node_modules/recharts/types/shape/Sector.d.ts(1,261): error TS1127: Invalid character.
node_modules/recharts/types/shape/Sector.d.ts(1,262): error TS1127: Invalid character.
node_modules/recharts/types/shape/Sector.d.ts(1,263): error TS1127: Invalid character.
node_modules/recharts/types/shape/Sector.d.ts(1,264): error TS1127: Invalid character.
node_modules/recharts/types/shape/Sector.d.ts(1,265): error TS1127: Invalid character.
node_modules/recharts/types/shape/Sector.d.ts(1,266): error TS1127: Invalid character.
node_modules/recharts/types/shape/Sector.d.ts(1,267): error TS1127: Invalid character.
node_modules/recharts/types/shape/Sector.d.ts(1,268): error TS1127: Invalid character.
node_modules/recharts/types/shape/Sector.d.ts(1,269): error TS1127: Invalid character.
node_modules/recharts/types/shape/Sector.d.ts(1,270): error TS1127: Invalid character.
node_modules/recharts/types/shape/Sector.d.ts(1,271): error TS1127: Invalid character.
node_modules/recharts/types/shape/Sector.d.ts(1,272): error TS1127: Invalid character.
node_modules/recharts/types/shape/Sector.d.ts(1,273): error TS1127: Invalid character.
node_modules/recharts/types/shape/Sector.d.ts(1,274): error TS1127: Invalid character.
node_modules/recharts/types/shape/Sector.d.ts(1,275): error TS1127: Invalid character.
node_modules/recharts/types/shape/Sector.d.ts(1,276): error TS1127: Invalid character.
node_modules/recharts/types/shape/Sector.d.ts(1,277): error TS1127: Invalid character.
node_modules/recharts/types/shape/Sector.d.ts(1,278): error TS1127: Invalid character.
node_modules/recharts/types/shape/Sector.d.ts(1,279): error TS1127: Invalid character.
node_modules/recharts/types/shape/Sector.d.ts(1,280): error TS1127: Invalid character.
node_modules/recharts/types/shape/Sector.d.ts(1,281): error TS1127: Invalid character.
node_modules/recharts/types/shape/Sector.d.ts(1,282): error TS1127: Invalid character.
node_modules/recharts/types/shape/Sector.d.ts(1,283): error TS1127: Invalid character.
node_modules/recharts/types/shape/Sector.d.ts(1,284): error TS1127: Invalid character.
node_modules/recharts/types/shape/Sector.d.ts(1,285): error TS1127: Invalid character.
node_modules/recharts/types/shape/Sector.d.ts(1,286): error TS1127: Invalid character.
node_modules/recharts/types/shape/Sector.d.ts(1,287): error TS1127: Invalid character.
node_modules/recharts/types/shape/Sector.d.ts(1,288): error TS1127: Invalid character.
node_modules/recharts/types/shape/Sector.d.ts(1,289): error TS1127: Invalid character.
node_modules/recharts/types/shape/Sector.d.ts(1,290): error TS1127: Invalid character.
node_modules/recharts/types/shape/Sector.d.ts(1,291): error TS1127: Invalid character.
node_modules/recharts/types/shape/Sector.d.ts(1,292): error TS1127: Invalid character.
node_modules/recharts/types/shape/Sector.d.ts(1,293): error TS1127: Invalid character.
node_modules/recharts/types/shape/Sector.d.ts(1,294): error TS1127: Invalid character.
node_modules/recharts/types/shape/Sector.d.ts(1,295): error TS1127: Invalid character.
node_modules/recharts/types/shape/Sector.d.ts(1,296): error TS1127: Invalid character.
node_modules/recharts/types/shape/Sector.d.ts(1,297): error TS1127: Invalid character.
node_modules/recharts/types/shape/Sector.d.ts(1,298): error TS1127: Invalid character.
node_modules/recharts/types/shape/Sector.d.ts(1,299): error TS1127: Invalid character.
node_modules/recharts/types/shape/Sector.d.ts(1,300): error TS1127: Invalid character.
node_modules/recharts/types/shape/Sector.d.ts(1,301): error TS1127: Invalid character.
node_modules/recharts/types/shape/Sector.d.ts(1,302): error TS1127: Invalid character.
node_modules/recharts/types/shape/Sector.d.ts(1,303): error TS1127: Invalid character.
node_modules/recharts/types/shape/Sector.d.ts(1,304): error TS1127: Invalid character.
node_modules/recharts/types/shape/Sector.d.ts(1,305): error TS1127: Invalid character.
node_modules/recharts/types/shape/Sector.d.ts(1,306): error TS1127: Invalid character.
node_modules/recharts/types/shape/Sector.d.ts(1,307): error TS1127: Invalid character.
node_modules/recharts/types/shape/Sector.d.ts(1,308): error TS1127: Invalid character.
node_modules/recharts/types/shape/Sector.d.ts(1,309): error TS1127: Invalid character.
node_modules/recharts/types/shape/Sector.d.ts(1,310): error TS1127: Invalid character.
node_modules/recharts/types/shape/Sector.d.ts(1,311): error TS1127: Invalid character.
